<html>
<body>
<pre>
<h1>µVision Build Log</h1>
<h2>Tool Versions:</h2>
IDE-Version: ¦ÌVision V5.12.0.0
Copyright (C) 2014 ARM Ltd and ARM Germany GmbH. All rights reserved.
License Information: - Microsoft, Microsoft, LIC=Q7GUH-W3TFP-ZEIH2-900A2-R17VF-DMPIF
 
Tool Versions:
Toolchain:       MDK-ARM Professional  Version: 5.12.0.0
Toolchain Path:  C:\Keil_v5\ARM\ARMCC\Bin
C Compiler:      Armcc.exe V5.05 (build 41)
Assembler:       Armasm.exe V5.05 (build 41)
Linker/Locator:  ArmLink.exe V5.05 (build 41)
Library Manager: ArmAr.exe V5.05 (build 41)
Hex Converter:   FromElf.exe V5.05 (build 41)
CPU DLL:         SARMCM3.DLL V5.12.0.0
Dialog DLL:      DCM.DLL V1.13.0.0
    Target DLL: STLink\ST-LINKIII-KEIL_SWO.dll
Dialog DLL:      TCM.DLL V1.14.2.0
 
<h2>Project:</h2>
Z:\Documents\Coding\STM32Cube_FW_F4_V1.3.0\Projects\STM32F4-Discovery\Templates\MDK-ARM\Project.uvprojx
Project File Date:  12/06/2014

<h2>Output:</h2>
Rebuild target 'STM32F4-Discovery'
compiling AFE4490.c...
..\..\..\..\Drivers\BSP\Components\AFE44xx\AFE4490.c(700): warning:  #550-D: variable "dataModifyflag" was set but never used
              unsigned char dataModifyflag = 0;
..\..\..\..\Drivers\BSP\Components\AFE44xx\AFE4490.c(701): warning:  #550-D: variable "dataModifyAddr" was set but never used
              unsigned char dataModifyAddr = 0;
..\..\..\..\Drivers\BSP\Components\AFE44xx\AFE4490.c(702): warning:  #550-D: variable "mmaDataA_Pre" was set but never used
              unsigned long mmaDataA_Pre;
..\..\..\..\Drivers\BSP\Components\AFE44xx\AFE4490.c(703): warning:  #550-D: variable "Mem_RDV0_Initial" was set but never used
              long Mem_RDV0_Initial[Len_Mem];
..\..\..\..\Drivers\BSP\Components\AFE44xx\AFE4490.c: 4 warnings, 0 errors
compiling ble_nus51422.c...
..\..\..\..\Drivers\BSP\Components\ble_nus51422\ble_nus51422.c(220): warning:  #177-D: function "UartTxThread" was declared but never referenced
  static void UartTxThread(void const * argument)
..\..\..\..\Drivers\BSP\Components\ble_nus51422\ble_nus51422.c: 1 warning, 0 errors
compiling stm32f4_tony.c...
compiling system_stm32f4xx.c...
compiling cmsis_os.c...
compiling stm32f4xx_hal.c...
compiling stm32f4xx_hal_adc.c...
compiling stm32f4xx_hal_adc_ex.c...
compiling stm32f4xx_hal_can.c...
compiling stm32f4xx_hal_cortex.c...
compiling stm32f4xx_hal_crc.c...
compiling stm32f4xx_hal_cryp.c...
compiling stm32f4xx_hal_cryp_ex.c...
compiling stm32f4xx_hal_dac.c...
compiling stm32f4xx_hal_dac_ex.c...
compiling stm32f4xx_hal_dcmi.c...
compiling stm32f4xx_hal_dma.c...
compiling stm32f4xx_hal_dma_ex.c...
compiling stm32f4xx_hal_eth.c...
compiling stm32f4xx_hal_flash.c...
compiling stm32f4xx_hal_flash_ex.c...
compiling stm32f4xx_hal_gpio.c...
compiling stm32f4xx_hal_hcd.c...
compiling stm32f4xx_hal_i2c.c...
compiling stm32f4xx_hal_i2s.c...
compiling stm32f4xx_hal_i2s_ex.c...
compiling stm32f4xx_hal_irda.c...
compiling stm32f4xx_hal_iwdg.c...
compiling stm32f4xx_hal_nand.c...
compiling stm32f4xx_hal_nor.c...
compiling stm32f4xx_hal_pccard.c...
compiling stm32f4xx_hal_pcd.c...
compiling stm32f4xx_hal_pwr.c...
compiling stm32f4xx_hal_rcc.c...
compiling stm32f4xx_hal_rcc_ex.c...
compiling stm32f4xx_hal_rng.c...
compiling stm32f4xx_hal_rtc.c...
compiling stm32f4xx_hal_rtc_ex.c...
compiling stm32f4xx_hal_sd.c...
compiling stm32f4xx_hal_smartcard.c...
compiling stm32f4xx_hal_spi.c...
compiling stm32f4xx_hal_sram.c...
compiling stm32f4xx_hal_tim.c...
compiling stm32f4xx_hal_tim_ex.c...
compiling stm32f4xx_hal_uart.c...
compiling stm32f4xx_hal_usart.c...
compiling stm32f4xx_hal_wwdg.c...
compiling stm32f4xx_ll_fsmc.c...
compiling stm32f4xx_ll_sdmmc.c...
compiling stm32f4xx_ll_usb.c...
compiling misc.c...
assembling startup_stm32f439xx.s...
compiling main.c...
compiling stm32f4xx_hal_msp.c...
compiling stm32f4xx_it.c...
compiling debug_uart.c...
compiling list.c...
compiling queue.c...
compiling tasks.c...
compiling port.c...
compiling heap_4.c...
linking...
Program Size: Code=23704 RO-data=660 RW-data=1084 ZI-data=46348  
FromELF: creating hex file...
"STM32F4-Discovery\STM32F4-Discovery.axf" - 0 Error(s), 5 Warning(s).

<h2>Collection of Component include folders:</h2>
  Z:\Documents\Coding\STM32Cube_FW_F4_V1.3.0\Projects\STM32F4-Discovery\Templates\MDK-ARM\RTE
  C:\Keil_v5\ARM\PACK\Keil\STM32F4xx_DFP\1.0.8\Device\Include

<h2>Collection of Component Files used:</h2>
</pre>
</body>
</html>
