Component: ARM Compiler 5.05 (build 41) Tool: armlink [4d0eb9]

==============================================================================

Section Cross References

    cs43l22.o(i.CODEC_IO_Write) refers to stm32f4_discovery.o(i.AUDIO_IO_Write) for AUDIO_IO_Write
    cs43l22.o(i.cs43l22_Init) refers to stm32f4_discovery.o(i.AUDIO_IO_Init) for AUDIO_IO_Init
    cs43l22.o(i.cs43l22_Init) refers to cs43l22.o(i.CODEC_IO_Write) for CODEC_IO_Write
    cs43l22.o(i.cs43l22_Init) refers to cs43l22.o(i.cs43l22_SetVolume) for cs43l22_SetVolume
    cs43l22.o(i.cs43l22_Init) refers to cs43l22.o(.data) for OutputDev
    cs43l22.o(i.cs43l22_Pause) refers to cs43l22.o(i.cs43l22_SetMute) for cs43l22_SetMute
    cs43l22.o(i.cs43l22_Pause) refers to cs43l22.o(i.CODEC_IO_Write) for CODEC_IO_Write
    cs43l22.o(i.cs43l22_Play) refers to cs43l22.o(i.cs43l22_SetMute) for cs43l22_SetMute
    cs43l22.o(i.cs43l22_Play) refers to cs43l22.o(i.CODEC_IO_Write) for CODEC_IO_Write
    cs43l22.o(i.cs43l22_Play) refers to cs43l22.o(.data) for Is_cs43l22_Stop
    cs43l22.o(i.cs43l22_ReadID) refers to stm32f4_discovery.o(i.AUDIO_IO_Init) for AUDIO_IO_Init
    cs43l22.o(i.cs43l22_ReadID) refers to stm32f4_discovery.o(i.AUDIO_IO_Read) for AUDIO_IO_Read
    cs43l22.o(i.cs43l22_Resume) refers to cs43l22.o(i.cs43l22_SetMute) for cs43l22_SetMute
    cs43l22.o(i.cs43l22_Resume) refers to cs43l22.o(i.CODEC_IO_Write) for CODEC_IO_Write
    cs43l22.o(i.cs43l22_Resume) refers to cs43l22.o(.data) for OutputDev
    cs43l22.o(i.cs43l22_SetMute) refers to cs43l22.o(i.CODEC_IO_Write) for CODEC_IO_Write
    cs43l22.o(i.cs43l22_SetMute) refers to cs43l22.o(.data) for OutputDev
    cs43l22.o(i.cs43l22_SetOutputMode) refers to cs43l22.o(i.CODEC_IO_Write) for CODEC_IO_Write
    cs43l22.o(i.cs43l22_SetOutputMode) refers to cs43l22.o(.data) for OutputDev
    cs43l22.o(i.cs43l22_SetVolume) refers to cs43l22.o(i.CODEC_IO_Write) for CODEC_IO_Write
    cs43l22.o(i.cs43l22_Stop) refers to cs43l22.o(i.cs43l22_SetMute) for cs43l22_SetMute
    cs43l22.o(i.cs43l22_Stop) refers to cs43l22.o(i.CODEC_IO_Write) for CODEC_IO_Write
    cs43l22.o(i.cs43l22_Stop) refers to cs43l22.o(.data) for Is_cs43l22_Stop
    cs43l22.o(.data) refers to cs43l22.o(i.cs43l22_Init) for cs43l22_Init
    cs43l22.o(.data) refers to cs43l22.o(i.cs43l22_ReadID) for cs43l22_ReadID
    cs43l22.o(.data) refers to cs43l22.o(i.cs43l22_Play) for cs43l22_Play
    cs43l22.o(.data) refers to cs43l22.o(i.cs43l22_Pause) for cs43l22_Pause
    cs43l22.o(.data) refers to cs43l22.o(i.cs43l22_Resume) for cs43l22_Resume
    cs43l22.o(.data) refers to cs43l22.o(i.cs43l22_Stop) for cs43l22_Stop
    cs43l22.o(.data) refers to cs43l22.o(i.cs43l22_SetFrequency) for cs43l22_SetFrequency
    cs43l22.o(.data) refers to cs43l22.o(i.cs43l22_SetVolume) for cs43l22_SetVolume
    cs43l22.o(.data) refers to cs43l22.o(i.cs43l22_SetMute) for cs43l22_SetMute
    cs43l22.o(.data) refers to cs43l22.o(i.cs43l22_SetOutputMode) for cs43l22_SetOutputMode
    lis302dl.o(i.LIS302DL_Click_IntClear) refers to stm32f4_discovery.o(i.ACCELERO_IO_Read) for ACCELERO_IO_Read
    lis302dl.o(i.LIS302DL_Click_IntConfig) refers to stm32f4_discovery.o(i.ACCELERO_IO_ITConfig) for ACCELERO_IO_ITConfig
    lis302dl.o(i.LIS302DL_Click_IntConfig) refers to lis302dl.o(i.LIS302DL_InterruptConfig) for LIS302DL_InterruptConfig
    lis302dl.o(i.LIS302DL_Click_IntConfig) refers to stm32f4_discovery.o(i.ACCELERO_IO_Write) for ACCELERO_IO_Write
    lis302dl.o(i.LIS302DL_DataRateCmd) refers to stm32f4_discovery.o(i.ACCELERO_IO_Read) for ACCELERO_IO_Read
    lis302dl.o(i.LIS302DL_DataRateCmd) refers to stm32f4_discovery.o(i.ACCELERO_IO_Write) for ACCELERO_IO_Write
    lis302dl.o(i.LIS302DL_FilterConfig) refers to stm32f4_discovery.o(i.ACCELERO_IO_Read) for ACCELERO_IO_Read
    lis302dl.o(i.LIS302DL_FilterConfig) refers to stm32f4_discovery.o(i.ACCELERO_IO_Write) for ACCELERO_IO_Write
    lis302dl.o(i.LIS302DL_FullScaleCmd) refers to stm32f4_discovery.o(i.ACCELERO_IO_Read) for ACCELERO_IO_Read
    lis302dl.o(i.LIS302DL_FullScaleCmd) refers to stm32f4_discovery.o(i.ACCELERO_IO_Write) for ACCELERO_IO_Write
    lis302dl.o(i.LIS302DL_Init) refers to stm32f4_discovery.o(i.ACCELERO_IO_Init) for ACCELERO_IO_Init
    lis302dl.o(i.LIS302DL_Init) refers to stm32f4_discovery.o(i.ACCELERO_IO_Write) for ACCELERO_IO_Write
    lis302dl.o(i.LIS302DL_InterruptConfig) refers to stm32f4_discovery.o(i.ACCELERO_IO_Read) for ACCELERO_IO_Read
    lis302dl.o(i.LIS302DL_InterruptConfig) refers to stm32f4_discovery.o(i.ACCELERO_IO_Write) for ACCELERO_IO_Write
    lis302dl.o(i.LIS302DL_LowpowerCmd) refers to stm32f4_discovery.o(i.ACCELERO_IO_Read) for ACCELERO_IO_Read
    lis302dl.o(i.LIS302DL_LowpowerCmd) refers to stm32f4_discovery.o(i.ACCELERO_IO_Write) for ACCELERO_IO_Write
    lis302dl.o(i.LIS302DL_ReadACC) refers to stm32f4_discovery.o(i.ACCELERO_IO_Read) for ACCELERO_IO_Read
[...]
    Removing stm32f4xx_hal_usart.o(i.HAL_USART_TransmitReceive_DMA), (216 bytes).
    Removing stm32f4xx_hal_usart.o(i.HAL_USART_TransmitReceive_IT), (134 bytes).
    Removing stm32f4xx_hal_usart.o(i.HAL_USART_Transmit_DMA), (140 bytes).
    Removing stm32f4xx_hal_usart.o(i.HAL_USART_Transmit_IT), (90 bytes).
    Removing stm32f4xx_hal_usart.o(i.HAL_USART_TxCpltCallback), (2 bytes).
    Removing stm32f4xx_hal_usart.o(i.HAL_USART_TxHalfCpltCallback), (2 bytes).
    Removing stm32f4xx_hal_usart.o(i.HAL_USART_TxRxCpltCallback), (2 bytes).
    Removing stm32f4xx_hal_usart.o(i.USART_DMAError), (36 bytes).
    Removing stm32f4xx_hal_usart.o(i.USART_DMAReceiveCplt), (110 bytes).
    Removing stm32f4xx_hal_usart.o(i.USART_DMARxHalfCplt), (14 bytes).
    Removing stm32f4xx_hal_usart.o(i.USART_DMATransmitCplt), (100 bytes).
    Removing stm32f4xx_hal_usart.o(i.USART_DMATxHalfCplt), (14 bytes).
    Removing stm32f4xx_hal_usart.o(i.USART_Receive_IT), (194 bytes).
    Removing stm32f4xx_hal_usart.o(i.USART_SetConfig), (328 bytes).
    Removing stm32f4xx_hal_usart.o(i.USART_TransmitReceive_IT), (270 bytes).
    Removing stm32f4xx_hal_usart.o(i.USART_Transmit_IT), (142 bytes).
    Removing stm32f4xx_hal_usart.o(i.USART_WaitOnFlagUntilTimeout), (250 bytes).
    Removing stm32f4xx_hal_wwdg.o(.rev16_text), (4 bytes).
    Removing stm32f4xx_hal_wwdg.o(.revsh_text), (4 bytes).
    Removing stm32f4xx_hal_wwdg.o(i.HAL_WWDG_DeInit), (48 bytes).
    Removing stm32f4xx_hal_wwdg.o(i.HAL_WWDG_GetState), (6 bytes).
    Removing stm32f4xx_hal_wwdg.o(i.HAL_WWDG_IRQHandler), (40 bytes).
    Removing stm32f4xx_hal_wwdg.o(i.HAL_WWDG_Init), (68 bytes).
    Removing stm32f4xx_hal_wwdg.o(i.HAL_WWDG_MspDeInit), (2 bytes).
    Removing stm32f4xx_hal_wwdg.o(i.HAL_WWDG_MspInit), (2 bytes).
    Removing stm32f4xx_hal_wwdg.o(i.HAL_WWDG_Refresh), (54 bytes).
    Removing stm32f4xx_hal_wwdg.o(i.HAL_WWDG_Start), (52 bytes).
    Removing stm32f4xx_hal_wwdg.o(i.HAL_WWDG_Start_IT), (56 bytes).
    Removing stm32f4xx_hal_wwdg.o(i.HAL_WWDG_WakeupCallback), (2 bytes).
    Removing stm32f4xx_ll_fsmc.o(.rev16_text), (4 bytes).
    Removing stm32f4xx_ll_fsmc.o(.revsh_text), (4 bytes).
    Removing stm32f4xx_ll_sdmmc.o(.rev16_text), (4 bytes).
    Removing stm32f4xx_ll_sdmmc.o(.revsh_text), (4 bytes).
    Removing stm32f4xx_ll_sdmmc.o(i.SDIO_DataConfig), (44 bytes).
    Removing stm32f4xx_ll_sdmmc.o(i.SDIO_GetCommandResponse), (8 bytes).
    Removing stm32f4xx_ll_sdmmc.o(i.SDIO_GetDataCounter), (6 bytes).
    Removing stm32f4xx_ll_sdmmc.o(i.SDIO_GetFIFOCount), (8 bytes).
    Removing stm32f4xx_ll_sdmmc.o(i.SDIO_GetPowerState), (10 bytes).
    Removing stm32f4xx_ll_sdmmc.o(i.SDIO_GetResponse), (24 bytes).
    Removing stm32f4xx_ll_sdmmc.o(i.SDIO_Init), (52 bytes).
    Removing stm32f4xx_ll_sdmmc.o(i.SDIO_PowerState_OFF), (8 bytes).
    Removing stm32f4xx_ll_sdmmc.o(i.SDIO_PowerState_ON), (10 bytes).
    Removing stm32f4xx_ll_sdmmc.o(i.SDIO_ReadFIFO), (8 bytes).
    Removing stm32f4xx_ll_sdmmc.o(i.SDIO_SendCommand), (40 bytes).
    Removing stm32f4xx_ll_sdmmc.o(i.SDIO_SetSDIOReadWaitMode), (16 bytes).
    Removing stm32f4xx_ll_sdmmc.o(i.SDIO_WriteFIFO), (12 bytes).
    Removing stm32f4xx_ll_usb.o(.rev16_text), (4 bytes).
    Removing stm32f4xx_ll_usb.o(.revsh_text), (4 bytes).
    Removing stm32f4xx_ll_usb.o(i.USB_ActivateDedicatedEndpoint), (284 bytes).
    Removing stm32f4xx_ll_usb.o(i.USB_ActivateEndpoint), (196 bytes).
    Removing stm32f4xx_ll_usb.o(i.USB_ActivateSetup), (68 bytes).
    Removing stm32f4xx_ll_usb.o(i.USB_ClearInterrupts), (8 bytes).
    Removing stm32f4xx_ll_usb.o(i.USB_CoreInit), (112 bytes).
    Removing stm32f4xx_ll_usb.o(i.USB_CoreReset), (76 bytes).
    Removing stm32f4xx_ll_usb.o(i.USB_DeactivateDedicatedEndpoint), (116 bytes).
    Removing stm32f4xx_ll_usb.o(i.USB_DeactivateEndpoint), (168 bytes).
    Removing stm32f4xx_ll_usb.o(i.USB_DevConnect), (30 bytes).
    Removing stm32f4xx_ll_usb.o(i.USB_DevDisconnect), (30 bytes).
    Removing stm32f4xx_ll_usb.o(i.USB_DevInit), (412 bytes).
    Removing stm32f4xx_ll_usb.o(i.USB_DisableGlobalInt), (14 bytes).
    Removing stm32f4xx_ll_usb.o(i.USB_DoPing), (84 bytes).
    Removing stm32f4xx_ll_usb.o(i.USB_DriveVbus), (68 bytes).
    Removing stm32f4xx_ll_usb.o(i.USB_EP0StartXfer), (432 bytes).
    Removing stm32f4xx_ll_usb.o(i.USB_EP0_OutStart), (68 bytes).
    Removing stm32f4xx_ll_usb.o(i.USB_EPClearStall), (136 bytes).
    Removing stm32f4xx_ll_usb.o(i.USB_EPSetStall), (140 bytes).
    Removing stm32f4xx_ll_usb.o(i.USB_EPStartXfer), (720 bytes).
    Removing stm32f4xx_ll_usb.o(i.USB_EnableGlobalInt), (14 bytes).
    Removing stm32f4xx_ll_usb.o(i.USB_FlushRxFifo), (44 bytes).
    Removing stm32f4xx_ll_usb.o(i.USB_FlushTxFifo), (48 bytes).
    Removing stm32f4xx_ll_usb.o(i.USB_GetCurrentFrame), (12 bytes).
    Removing stm32f4xx_ll_usb.o(i.USB_GetDevSpeed), (68 bytes).
    Removing stm32f4xx_ll_usb.o(i.USB_GetHostSpeed), (18 bytes).
    Removing stm32f4xx_ll_usb.o(i.USB_GetMode), (10 bytes).
    Removing stm32f4xx_ll_usb.o(i.USB_HC_Halt), (376 bytes).
    Removing stm32f4xx_ll_usb.o(i.USB_HC_Init), (392 bytes).
    Removing stm32f4xx_ll_usb.o(i.USB_HC_ReadInterrupt), (12 bytes).
    Removing stm32f4xx_ll_usb.o(i.USB_HC_StartXfer), (400 bytes).
    Removing stm32f4xx_ll_usb.o(i.USB_HostInit), (236 bytes).
    Removing stm32f4xx_ll_usb.o(i.USB_InitFSLSPClkSel), (62 bytes).
    Removing stm32f4xx_ll_usb.o(i.USB_ReadDevAllInEpInterrupt), (18 bytes).
    Removing stm32f4xx_ll_usb.o(i.USB_ReadDevAllOutEpInterrupt), (18 bytes).
    Removing stm32f4xx_ll_usb.o(i.USB_ReadDevInEPInterrupt), (44 bytes).
    Removing stm32f4xx_ll_usb.o(i.USB_ReadDevOutEPInterrupt), (22 bytes).
    Removing stm32f4xx_ll_usb.o(i.USB_ReadInterrupts), (12 bytes).
    Removing stm32f4xx_ll_usb.o(i.USB_ReadPacket), (40 bytes).
    Removing stm32f4xx_ll_usb.o(i.USB_ResetPort), (48 bytes).
    Removing stm32f4xx_ll_usb.o(i.USB_SetCurrentMode), (48 bytes).
    Removing stm32f4xx_ll_usb.o(i.USB_SetDevAddress), (36 bytes).
    Removing stm32f4xx_ll_usb.o(i.USB_SetDevSpeed), (16 bytes).
    Removing stm32f4xx_ll_usb.o(i.USB_StopDevice), (82 bytes).
    Removing stm32f4xx_ll_usb.o(i.USB_StopHost), (174 bytes).
    Removing stm32f4xx_ll_usb.o(i.USB_WritePacket), (58 bytes).
    Removing stm32f4xx_ll_usb.o(.data), (4 bytes).
    Removing misc.o(.rev16_text), (4 bytes).
    Removing misc.o(.revsh_text), (4 bytes).
    Removing misc.o(i.NVIC_Init), (120 bytes).
    Removing misc.o(i.NVIC_SetVectorTable), (20 bytes).
    Removing misc.o(i.NVIC_SystemLPConfig), (32 bytes).
    Removing misc.o(i.SysTick_CLKSourceConfig), (40 bytes).
    Removing startup_stm32f439xx.o(HEAP), (512 bytes).
    Removing main.o(.rev16_text), (4 bytes).
    Removing main.o(.revsh_text), (4 bytes).
    Removing main.o(i.vTask1a), (64 bytes).
    Removing main.o(i.vTask2a), (64 bytes).
    Removing stm32f4xx_hal_msp.o(.rev16_text), (4 bytes).
    Removing stm32f4xx_hal_msp.o(.revsh_text), (4 bytes).
    Removing stm32f4xx_hal_msp.o(i.HAL_MspDeInit), (2 bytes).
    Removing stm32f4xx_hal_msp.o(i.HAL_UART_MspDeInit), (88 bytes).
    Removing stm32f4xx_it.o(.rev16_text), (4 bytes).
    Removing stm32f4xx_it.o(.revsh_text), (4 bytes).
    Removing stm32f4xx_it.o(i.SysTick_Handler), (8 bytes).
    Removing debug_uart.o(.rev16_text), (4 bytes).
    Removing debug_uart.o(.revsh_text), (4 bytes).
    Removing debug_uart.o(i.debug_putstr), (44 bytes).
    Removing queue.o(i.prvCopyDataFromQueue), (42 bytes).
    Removing queue.o(i.prvCopyDataToQueue), (118 bytes).
    Removing queue.o(i.prvIsQueueEmpty), (26 bytes).
    Removing queue.o(i.prvIsQueueFull), (30 bytes).
    Removing queue.o(i.prvUnlockQueue), (126 bytes).
    Removing queue.o(i.ucQueueGetQueueNumber), (8 bytes).
    Removing queue.o(i.ucQueueGetQueueType), (8 bytes).
    Removing queue.o(i.uxQueueMessagesWaiting), (28 bytes).
    Removing queue.o(i.uxQueueMessagesWaitingFromISR), (20 bytes).
    Removing queue.o(i.uxQueueSpacesAvailable), (34 bytes).
    Removing queue.o(i.vQueueAddToRegistry), (44 bytes).
    Removing queue.o(i.vQueueDelete), (36 bytes).
    Removing queue.o(i.vQueueSetQueueNumber), (6 bytes).
    Removing queue.o(i.vQueueUnregisterQueue), (44 bytes).
    Removing queue.o(i.xQueueCreateCountingSemaphore), (74 bytes).
    Removing queue.o(i.xQueueCreateMutex), (86 bytes).
    Removing queue.o(i.xQueueGenericCreate), (92 bytes).
    Removing queue.o(i.xQueueGenericReceive), (320 bytes).
    Removing queue.o(i.xQueueGenericReset), (120 bytes).
    Removing queue.o(i.xQueueGenericSend), (282 bytes).
    Removing queue.o(i.xQueueGenericSendFromISR), (172 bytes).
    Removing queue.o(i.xQueueGiveMutexRecursive), (58 bytes).
    Removing queue.o(i.xQueueIsQueueEmptyFromISR), (28 bytes).
    Removing queue.o(i.xQueueIsQueueFullFromISR), (32 bytes).
    Removing queue.o(i.xQueuePeekFromISR), (90 bytes).
    Removing queue.o(i.xQueueReceiveFromISR), (136 bytes).
    Removing queue.o(i.xQueueTakeMutexRecursive), (70 bytes).
    Removing queue.o(.bss), (64 bytes).
    Removing tasks.o(i.prvListTaskWithinSingleList), (158 bytes).
    Removing tasks.o(i.prvTaskCheckFreeStackSpace), (22 bytes).
    Removing tasks.o(i.uxTaskGetNumberOfTasks), (12 bytes).
    Removing tasks.o(i.uxTaskGetSystemState), (156 bytes).
    Removing tasks.o(i.uxTaskGetTaskNumber), (14 bytes).
    Removing tasks.o(i.uxTaskPriorityGet), (36 bytes).
    Removing tasks.o(i.vTaskDelete), (112 bytes).
    Removing tasks.o(i.vTaskEndScheduler), (24 bytes).
    Removing tasks.o(i.vTaskMissedYield), (12 bytes).
    Removing tasks.o(i.vTaskPlaceOnEventList), (84 bytes).
    Removing tasks.o(i.vTaskPriorityDisinherit), (80 bytes).
    Removing tasks.o(i.vTaskPriorityInherit), (132 bytes).
    Removing tasks.o(i.vTaskPrioritySet), (220 bytes).
    Removing tasks.o(i.vTaskResume), (116 bytes).
    Removing tasks.o(i.vTaskSetTaskNumber), (8 bytes).
    Removing tasks.o(i.vTaskSetTimeOutState), (36 bytes).
    Removing tasks.o(i.vTaskSuspend), (112 bytes).
    Removing tasks.o(i.xTaskCheckForTimeOut), (116 bytes).
    Removing tasks.o(i.xTaskGetCurrentTaskHandle), (12 bytes).
    Removing tasks.o(i.xTaskGetSchedulerState), (32 bytes).
    Removing tasks.o(i.xTaskGetTickCount), (24 bytes).
    Removing tasks.o(i.xTaskGetTickCountFromISR), (32 bytes).
    Removing tasks.o(i.xTaskIsTaskSuspended), (76 bytes).
    Removing tasks.o(i.xTaskRemoveFromEventList), (136 bytes).
    Removing tasks.o(i.xTaskResumeFromISR), (144 bytes).
    Removing port.o(i.vPortEndScheduler), (2 bytes).
    Removing port.o(i.vPortValidateInterruptPriority), (92 bytes).
    Removing heap_4.o(i.vPortInitialiseBlocks), (2 bytes).
    Removing heap_4.o(i.xPortGetFreeHeapSize), (12 bytes).
    Removing pdm_filter.o(.iar.rtmodel), (21 bytes).
    Removing pdm_filter.o(.data), (772 bytes).
    Removing pdm_filter.o(.text), (5780 bytes).
    Removing pdm_filter.o(.iar_vfe_header), (4 bytes).
    Removing pdm_filter.o(__DLIB_PERTHREAD), (0 bytes).
    Removing pdm_filter.o(__DLIB_PERTHREAD_init), (0 bytes).
    Removing pdm_filter.o(.iar.stackusage), (64 bytes).
    Removing pdm_filter.o(.iar.fraginfo), (19 bytes).
    Removing fmul.o(.text), (100 bytes).
    Removing dadd.o(.text), (334 bytes).
    Removing dmul.o(.text), (228 bytes).
    Removing ddiv.o(.text), (222 bytes).
    Removing dflti.o(.text), (34 bytes).
    Removing dfltui.o(.text), (26 bytes).
    Removing dfixi.o(.text), (62 bytes).
    Removing f2d.o(.text), (38 bytes).
    Removing cfcmple.o(.text), (20 bytes).
    Removing depilogue.o(.text), (186 bytes).

1306 unused section(s) (total 149510 bytes) removed from the image.

==============================================================================

Image Symbol Table

    Local Symbols

    Symbol Name                              Value     Ov Type        Size  Object(Section)

    ../clib/microlib/division.c              0x00000000   Number         0  uldiv.o ABSOLUTE
    ../clib/microlib/init/entry.s            0x00000000   Number         0  entry.o ABSOLUTE
    ../clib/microlib/init/entry.s            0x00000000   Number         0  entry10a.o ABSOLUTE
    ../clib/microlib/init/entry.s            0x00000000   Number         0  entry9b.o ABSOLUTE
    ../clib/microlib/init/entry.s            0x00000000   Number         0  entry10b.o ABSOLUTE
    ../clib/microlib/init/entry.s            0x00000000   Number         0  entry8a.o ABSOLUTE
    ../clib/microlib/init/entry.s            0x00000000   Number         0  entry9a.o ABSOLUTE
    ../clib/microlib/init/entry.s            0x00000000   Number         0  entry8b.o ABSOLUTE
    ../clib/microlib/init/entry.s            0x00000000   Number         0  entry11a.o ABSOLUTE
    ../clib/microlib/init/entry.s            0x00000000   Number         0  entry11b.o ABSOLUTE
    ../clib/microlib/init/entry.s            0x00000000   Number         0  entry7b.o ABSOLUTE
    ../clib/microlib/init/entry.s            0x00000000   Number         0  entry7a.o ABSOLUTE
    ../clib/microlib/init/entry.s            0x00000000   Number         0  entry5.o ABSOLUTE
    ../clib/microlib/init/entry.s            0x00000000   Number         0  entry2.o ABSOLUTE
    ../clib/microlib/longlong.c              0x00000000   Number         0  llsshr.o ABSOLUTE
    ../clib/microlib/longlong.c              0x00000000   Number         0  llushr.o ABSOLUTE
    ../clib/microlib/longlong.c              0x00000000   Number         0  llshl.o ABSOLUTE
    ../clib/microlib/string/memcmp.c         0x00000000   Number         0  memcmp.o ABSOLUTE
    ../clib/microlib/string/memcpy.c         0x00000000   Number         0  memcpyb.o ABSOLUTE
    ../clib/microlib/string/memcpy.c         0x00000000   Number         0  memcpya.o ABSOLUTE
    ../clib/microlib/string/memset.c         0x00000000   Number         0  memseta.o ABSOLUTE
    ../clib/microlib/stubs.s                 0x00000000   Number         0  iusefp.o ABSOLUTE
    ../fplib/microlib/f2d.c                  0x00000000   Number         0  f2d.o ABSOLUTE
    ../fplib/microlib/fpadd.c                0x00000000   Number         0  dadd.o ABSOLUTE
    ../fplib/microlib/fpdiv.c                0x00000000   Number         0  ddiv.o ABSOLUTE
    ../fplib/microlib/fpepilogue.c           0x00000000   Number         0  depilogue.o ABSOLUTE
    ../fplib/microlib/fpfix.c                0x00000000   Number         0  dfixi.o ABSOLUTE
    ../fplib/microlib/fpflt.c                0x00000000   Number         0  dflti.o ABSOLUTE
    ../fplib/microlib/fpflt.c                0x00000000   Number         0  dfltui.o ABSOLUTE
    ../fplib/microlib/fpmul.c                0x00000000   Number         0  dmul.o ABSOLUTE
    ../fplib/microlib/fpmul.c                0x00000000   Number         0  fmul.o ABSOLUTE
    ..\..\..\..\Debug\debug_uart.c           0x00000000   Number         0  debug_uart.o ABSOLUTE
    ..\..\..\..\Drivers\BSP\Components\cs43l22\cs43l22.c 0x00000000   Number         0  cs43l22.o ABSOLUTE
    ..\..\..\..\Drivers\BSP\Components\lis302dl\lis302dl.c 0x00000000   Number         0  lis302dl.o ABSOLUTE
    ..\..\..\..\Drivers\BSP\Components\lis3dsh\lis3dsh.c 0x00000000   Number         0  lis3dsh.o ABSOLUTE
    ..\..\..\..\Drivers\BSP\STM32F4-Discovery\stm32f4_discovery.c 0x00000000   Number         0  stm32f4_discovery.o ABSOLUTE
    ..\..\..\..\Drivers\BSP\STM32F4-Discovery\stm32f4_discovery_accelerometer.c 0x00000000   Number         0  stm32f4_discovery_accelerometer.o ABSOLUTE
    ..\..\..\..\Drivers\BSP\STM32F4-Discovery\stm32f4_discovery_audio.c 0x00000000   Number         0  stm32f4_discovery_audio.o ABSOLUTE
    ..\..\..\..\Drivers\BSP\STM32F4-Discovery\stm32f4_tony.c 0x00000000   Number         0  stm32f4_tony.o ABSOLUTE
    ..\..\..\..\Drivers\CMSIS\Device\ST\STM32F4xx\Source\Templates\arm\startup_stm32f439xx.s 0x00000000   Number         0  startup_stm32f439xx.o ABSOLUTE
    ..\..\..\..\Drivers\STM32F4xx_HAL_Driver\Src\stm32f4xx_hal.c 0x00000000   Number         0  stm32f4xx_hal.o ABSOLUTE
    ..\..\..\..\Drivers\STM32F4xx_HAL_Driver\Src\stm32f4xx_hal_adc.c 0x00000000   Number         0  stm32f4xx_hal_adc.o ABSOLUTE
    ..\..\..\..\Drivers\STM32F4xx_HAL_Driver\Src\stm32f4xx_hal_adc_ex.c 0x00000000   Number         0  stm32f4xx_hal_adc_ex.o ABSOLUTE
    ..\..\..\..\Drivers\STM32F4xx_HAL_Driver\Src\stm32f4xx_hal_can.c 0x00000000   Number         0  stm32f4xx_hal_can.o ABSOLUTE
    ..\..\..\..\Drivers\STM32F4xx_HAL_Driver\Src\stm32f4xx_hal_cortex.c 0x00000000   Number         0  stm32f4xx_hal_cortex.o ABSOLUTE
    ..\..\..\..\Drivers\STM32F4xx_HAL_Driver\Src\stm32f4xx_hal_crc.c 0x00000000   Number         0  stm32f4xx_hal_crc.o ABSOLUTE
    ..\..\..\..\Drivers\STM32F4xx_HAL_Driver\Src\stm32f4xx_hal_cryp.c 0x00000000   Number         0  stm32f4xx_hal_cryp.o ABSOLUTE
    ..\..\..\..\Drivers\STM32F4xx_HAL_Driver\Src\stm32f4xx_hal_cryp_ex.c 0x00000000   Number         0  stm32f4xx_hal_cryp_ex.o ABSOLUTE
    ..\..\..\..\Drivers\STM32F4xx_HAL_Driver\Src\stm32f4xx_hal_dac.c 0x00000000   Number         0  stm32f4xx_hal_dac.o ABSOLUTE
    ..\..\..\..\Drivers\STM32F4xx_HAL_Driver\Src\stm32f4xx_hal_dac_ex.c 0x00000000   Number         0  stm32f4xx_hal_dac_ex.o ABSOLUTE
    ..\..\..\..\Drivers\STM32F4xx_HAL_Driver\Src\stm32f4xx_hal_dcmi.c 0x00000000   Number         0  stm32f4xx_hal_dcmi.o ABSOLUTE
    ..\..\..\..\Drivers\STM32F4xx_HAL_Driver\Src\stm32f4xx_hal_dma.c 0x00000000   Number         0  stm32f4xx_hal_dma.o ABSOLUTE
    ..\..\..\..\Drivers\STM32F4xx_HAL_Driver\Src\stm32f4xx_hal_dma_ex.c 0x00000000   Number         0  stm32f4xx_hal_dma_ex.o ABSOLUTE
    ..\..\..\..\Drivers\STM32F4xx_HAL_Driver\Src\stm32f4xx_hal_eth.c 0x00000000   Number         0  stm32f4xx_hal_eth.o ABSOLUTE
    ..\..\..\..\Drivers\STM32F4xx_HAL_Driver\Src\stm32f4xx_hal_flash.c 0x00000000   Number         0  stm32f4xx_hal_flash.o ABSOLUTE
    ..\..\..\..\Drivers\STM32F4xx_HAL_Driver\Src\stm32f4xx_hal_flash_ex.c 0x00000000   Number         0  stm32f4xx_hal_flash_ex.o ABSOLUTE
    ..\..\..\..\Drivers\STM32F4xx_HAL_Driver\Src\stm32f4xx_hal_gpio.c 0x00000000   Number         0  stm32f4xx_hal_gpio.o ABSOLUTE
    ..\..\..\..\Drivers\STM32F4xx_HAL_Driver\Src\stm32f4xx_hal_hcd.c 0x00000000   Number         0  stm32f4xx_hal_hcd.o ABSOLUTE
    ..\..\..\..\Drivers\STM32F4xx_HAL_Driver\Src\stm32f4xx_hal_i2c.c 0x00000000   Number         0  stm32f4xx_hal_i2c.o ABSOLUTE
    ..\..\..\..\Drivers\STM32F4xx_HAL_Driver\Src\stm32f4xx_hal_i2s.c 0x00000000   Number         0  stm32f4xx_hal_i2s.o ABSOLUTE
    ..\..\..\..\Drivers\STM32F4xx_HAL_Driver\Src\stm32f4xx_hal_i2s_ex.c 0x00000000   Number         0  stm32f4xx_hal_i2s_ex.o ABSOLUTE
    ..\..\..\..\Drivers\STM32F4xx_HAL_Driver\Src\stm32f4xx_hal_irda.c 0x00000000   Number         0  stm32f4xx_hal_irda.o ABSOLUTE
    ..\..\..\..\Drivers\STM32F4xx_HAL_Driver\Src\stm32f4xx_hal_iwdg.c 0x00000000   Number         0  stm32f4xx_hal_iwdg.o ABSOLUTE
    ..\..\..\..\Drivers\STM32F4xx_HAL_Driver\Src\stm32f4xx_hal_nand.c 0x00000000   Number         0  stm32f4xx_hal_nand.o ABSOLUTE
    ..\..\..\..\Drivers\STM32F4xx_HAL_Driver\Src\stm32f4xx_hal_nor.c 0x00000000   Number         0  stm32f4xx_hal_nor.o ABSOLUTE
    ..\..\..\..\Drivers\STM32F4xx_HAL_Driver\Src\stm32f4xx_hal_pccard.c 0x00000000   Number         0  stm32f4xx_hal_pccard.o ABSOLUTE
    ..\..\..\..\Drivers\STM32F4xx_HAL_Driver\Src\stm32f4xx_hal_pcd.c 0x00000000   Number         0  stm32f4xx_hal_pcd.o ABSOLUTE
    ..\..\..\..\Drivers\STM32F4xx_HAL_Driver\Src\stm32f4xx_hal_pwr.c 0x00000000   Number         0  stm32f4xx_hal_pwr.o ABSOLUTE
    ..\..\..\..\Drivers\STM32F4xx_HAL_Driver\Src\stm32f4xx_hal_rcc.c 0x00000000   Number         0  stm32f4xx_hal_rcc.o ABSOLUTE
    ..\..\..\..\Drivers\STM32F4xx_HAL_Driver\Src\stm32f4xx_hal_rcc_ex.c 0x00000000   Number         0  stm32f4xx_hal_rcc_ex.o ABSOLUTE
    ..\..\..\..\Drivers\STM32F4xx_HAL_Driver\Src\stm32f4xx_hal_rng.c 0x00000000   Number         0  stm32f4xx_hal_rng.o ABSOLUTE
    ..\..\..\..\Drivers\STM32F4xx_HAL_Driver\Src\stm32f4xx_hal_rtc.c 0x00000000   Number         0  stm32f4xx_hal_rtc.o ABSOLUTE
    ..\..\..\..\Drivers\STM32F4xx_HAL_Driver\Src\stm32f4xx_hal_rtc_ex.c 0x00000000   Number         0  stm32f4xx_hal_rtc_ex.o ABSOLUTE
    ..\..\..\..\Drivers\STM32F4xx_HAL_Driver\Src\stm32f4xx_hal_sd.c 0x00000000   Number         0  stm32f4xx_hal_sd.o ABSOLUTE
    ..\..\..\..\Drivers\STM32F4xx_HAL_Driver\Src\stm32f4xx_hal_smartcard.c 0x00000000   Number         0  stm32f4xx_hal_smartcard.o ABSOLUTE
    ..\..\..\..\Drivers\STM32F4xx_HAL_Driver\Src\stm32f4xx_hal_spi.c 0x00000000   Number         0  stm32f4xx_hal_spi.o ABSOLUTE
    ..\..\..\..\Drivers\STM32F4xx_HAL_Driver\Src\stm32f4xx_hal_sram.c 0x00000000   Number         0  stm32f4xx_hal_sram.o ABSOLUTE
    ..\..\..\..\Drivers\STM32F4xx_HAL_Driver\Src\stm32f4xx_hal_tim.c 0x00000000   Number         0  stm32f4xx_hal_tim.o ABSOLUTE
    ..\..\..\..\Drivers\STM32F4xx_HAL_Driver\Src\stm32f4xx_hal_tim_ex.c 0x00000000   Number         0  stm32f4xx_hal_tim_ex.o ABSOLUTE
    ..\..\..\..\Drivers\STM32F4xx_HAL_Driver\Src\stm32f4xx_hal_uart.c 0x00000000   Number         0  stm32f4xx_hal_uart.o ABSOLUTE
    ..\..\..\..\Drivers\STM32F4xx_HAL_Driver\Src\stm32f4xx_hal_usart.c 0x00000000   Number         0  stm32f4xx_hal_usart.o ABSOLUTE
    ..\..\..\..\Drivers\STM32F4xx_HAL_Driver\Src\stm32f4xx_hal_wwdg.c 0x00000000   Number         0  stm32f4xx_hal_wwdg.o ABSOLUTE
    ..\..\..\..\Drivers\STM32F4xx_HAL_Driver\Src\stm32f4xx_ll_fsmc.c 0x00000000   Number         0  stm32f4xx_ll_fsmc.o ABSOLUTE
    ..\..\..\..\Drivers\STM32F4xx_HAL_Driver\Src\stm32f4xx_ll_sdmmc.c 0x00000000   Number         0  stm32f4xx_ll_sdmmc.o ABSOLUTE
    ..\..\..\..\Drivers\STM32F4xx_HAL_Driver\Src\stm32f4xx_ll_usb.c 0x00000000   Number         0  stm32f4xx_ll_usb.o ABSOLUTE
    ..\..\..\..\Drivers\STM32F4xx_StdPeriph_Driver\src\misc.c 0x00000000   Number         0  misc.o ABSOLUTE
    ..\..\..\..\Middlewares\Third_Party\FreeRTOS\Source\CMSIS_RTOS\cmsis_os.c 0x00000000   Number         0  cmsis_os.o ABSOLUTE
    ..\..\..\..\Middlewares\Third_Party\FreeRTOS\Source\list.c 0x00000000   Number         0  list.o ABSOLUTE
    ..\..\..\..\Middlewares\Third_Party\FreeRTOS\Source\portable\MemMang\heap_4.c 0x00000000   Number         0  heap_4.o ABSOLUTE
    ..\..\..\..\Middlewares\Third_Party\FreeRTOS\Source\portable\RVDS\ARM_CM4F\port.c 0x00000000   Number         0  port.o ABSOLUTE
    ..\..\..\..\Middlewares\Third_Party\FreeRTOS\Source\queue.c 0x00000000   Number         0  queue.o ABSOLUTE
    ..\..\..\..\Middlewares\Third_Party\FreeRTOS\Source\tasks.c 0x00000000   Number         0  tasks.o ABSOLUTE
    ..\Src\main.c                            0x00000000   Number         0  main.o ABSOLUTE
    ..\Src\stm32f4xx_hal_msp.c               0x00000000   Number         0  stm32f4xx_hal_msp.o ABSOLUTE
    ..\Src\stm32f4xx_it.c                    0x00000000   Number         0  stm32f4xx_it.o ABSOLUTE
    ..\Src\system_stm32f4xx.c                0x00000000   Number         0  system_stm32f4xx.o ABSOLUTE
    ..\\..\\..\\..\\Debug\\debug_uart.c      0x00000000   Number         0  debug_uart.o ABSOLUTE
    ..\\..\\..\\..\\Drivers\\BSP\\STM32F4-Discovery\\stm32f4_discovery.c 0x00000000   Number         0  stm32f4_discovery.o ABSOLUTE
    ..\\..\\..\\..\\Drivers\\BSP\\STM32F4-Discovery\\stm32f4_discovery_accelerometer.c 0x00000000   Number         0  stm32f4_discovery_accelerometer.o ABSOLUTE
    ..\\..\\..\\..\\Drivers\\BSP\\STM32F4-Discovery\\stm32f4_discovery_audio.c 0x00000000   Number         0  stm32f4_discovery_audio.o ABSOLUTE
    ..\\..\\..\\..\\Drivers\\STM32F4xx_HAL_Driver\\Src\\stm32f4xx_hal.c 0x00000000   Number         0  stm32f4xx_hal.o ABSOLUTE
    ..\\..\\..\\..\\Drivers\\STM32F4xx_HAL_Driver\\Src\\stm32f4xx_hal_adc.c 0x00000000   Number         0  stm32f4xx_hal_adc.o ABSOLUTE
    ..\\..\\..\\..\\Drivers\\STM32F4xx_HAL_Driver\\Src\\stm32f4xx_hal_adc_ex.c 0x00000000   Number         0  stm32f4xx_hal_adc_ex.o ABSOLUTE
    ..\\..\\..\\..\\Drivers\\STM32F4xx_HAL_Driver\\Src\\stm32f4xx_hal_can.c 0x00000000   Number         0  stm32f4xx_hal_can.o ABSOLUTE
    ..\\..\\..\\..\\Drivers\\STM32F4xx_HAL_Driver\\Src\\stm32f4xx_hal_cortex.c 0x00000000   Number         0  stm32f4xx_hal_cortex.o ABSOLUTE
    ..\\..\\..\\..\\Drivers\\STM32F4xx_HAL_Driver\\Src\\stm32f4xx_hal_crc.c 0x00000000   Number         0  stm32f4xx_hal_crc.o ABSOLUTE
    ..\\..\\..\\..\\Drivers\\STM32F4xx_HAL_Driver\\Src\\stm32f4xx_hal_cryp.c 0x00000000   Number         0  stm32f4xx_hal_cryp.o ABSOLUTE
    ..\\..\\..\\..\\Drivers\\STM32F4xx_HAL_Driver\\Src\\stm32f4xx_hal_cryp_ex.c 0x00000000   Number         0  stm32f4xx_hal_cryp_ex.o ABSOLUTE
    ..\\..\\..\\..\\Drivers\\STM32F4xx_HAL_Driver\\Src\\stm32f4xx_hal_dac.c 0x00000000   Number         0  stm32f4xx_hal_dac.o ABSOLUTE
    ..\\..\\..\\..\\Drivers\\STM32F4xx_HAL_Driver\\Src\\stm32f4xx_hal_dac_ex.c 0x00000000   Number         0  stm32f4xx_hal_dac_ex.o ABSOLUTE
    ..\\..\\..\\..\\Drivers\\STM32F4xx_HAL_Driver\\Src\\stm32f4xx_hal_dcmi.c 0x00000000   Number         0  stm32f4xx_hal_dcmi.o ABSOLUTE
    ..\\..\\..\\..\\Drivers\\STM32F4xx_HAL_Driver\\Src\\stm32f4xx_hal_dma.c 0x00000000   Number         0  stm32f4xx_hal_dma.o ABSOLUTE
    ..\\..\\..\\..\\Drivers\\STM32F4xx_HAL_Driver\\Src\\stm32f4xx_hal_dma_ex.c 0x00000000   Number         0  stm32f4xx_hal_dma_ex.o ABSOLUTE
    ..\\..\\..\\..\\Drivers\\STM32F4xx_HAL_Driver\\Src\\stm32f4xx_hal_eth.c 0x00000000   Number         0  stm32f4xx_hal_eth.o ABSOLUTE
    ..\\..\\..\\..\\Drivers\\STM32F4xx_HAL_Driver\\Src\\stm32f4xx_hal_flash.c 0x00000000   Number         0  stm32f4xx_hal_flash.o ABSOLUTE
    ..\\..\\..\\..\\Drivers\\STM32F4xx_HAL_Driver\\Src\\stm32f4xx_hal_flash_ex.c 0x00000000   Number         0  stm32f4xx_hal_flash_ex.o ABSOLUTE
    ..\\..\\..\\..\\Drivers\\STM32F4xx_HAL_Driver\\Src\\stm32f4xx_hal_gpio.c 0x00000000   Number         0  stm32f4xx_hal_gpio.o ABSOLUTE
    ..\\..\\..\\..\\Drivers\\STM32F4xx_HAL_Driver\\Src\\stm32f4xx_hal_hcd.c 0x00000000   Number         0  stm32f4xx_hal_hcd.o ABSOLUTE
    ..\\..\\..\\..\\Drivers\\STM32F4xx_HAL_Driver\\Src\\stm32f4xx_hal_i2c.c 0x00000000   Number         0  stm32f4xx_hal_i2c.o ABSOLUTE
    ..\\..\\..\\..\\Drivers\\STM32F4xx_HAL_Driver\\Src\\stm32f4xx_hal_i2s.c 0x00000000   Number         0  stm32f4xx_hal_i2s.o ABSOLUTE
    ..\\..\\..\\..\\Drivers\\STM32F4xx_HAL_Driver\\Src\\stm32f4xx_hal_i2s_ex.c 0x00000000   Number         0  stm32f4xx_hal_i2s_ex.o ABSOLUTE
    ..\\..\\..\\..\\Drivers\\STM32F4xx_HAL_Driver\\Src\\stm32f4xx_hal_irda.c 0x00000000   Number         0  stm32f4xx_hal_irda.o ABSOLUTE
    ..\\..\\..\\..\\Drivers\\STM32F4xx_HAL_Driver\\Src\\stm32f4xx_hal_iwdg.c 0x00000000   Number         0  stm32f4xx_hal_iwdg.o ABSOLUTE
    ..\\..\\..\\..\\Drivers\\STM32F4xx_HAL_Driver\\Src\\stm32f4xx_hal_nand.c 0x00000000   Number         0  stm32f4xx_hal_nand.o ABSOLUTE
    ..\\..\\..\\..\\Drivers\\STM32F4xx_HAL_Driver\\Src\\stm32f4xx_hal_nor.c 0x00000000   Number         0  stm32f4xx_hal_nor.o ABSOLUTE
    ..\\..\\..\\..\\Drivers\\STM32F4xx_HAL_Driver\\Src\\stm32f4xx_hal_pccard.c 0x00000000   Number         0  stm32f4xx_hal_pccard.o ABSOLUTE
    ..\\..\\..\\..\\Drivers\\STM32F4xx_HAL_Driver\\Src\\stm32f4xx_hal_pcd.c 0x00000000   Number         0  stm32f4xx_hal_pcd.o ABSOLUTE
    ..\\..\\..\\..\\Drivers\\STM32F4xx_HAL_Driver\\Src\\stm32f4xx_hal_pwr.c 0x00000000   Number         0  stm32f4xx_hal_pwr.o ABSOLUTE
    ..\\..\\..\\..\\Drivers\\STM32F4xx_HAL_Driver\\Src\\stm32f4xx_hal_rcc.c 0x00000000   Number         0  stm32f4xx_hal_rcc.o ABSOLUTE
    ..\\..\\..\\..\\Drivers\\STM32F4xx_HAL_Driver\\Src\\stm32f4xx_hal_rcc_ex.c 0x00000000   Number         0  stm32f4xx_hal_rcc_ex.o ABSOLUTE
    ..\\..\\..\\..\\Drivers\\STM32F4xx_HAL_Driver\\Src\\stm32f4xx_hal_rng.c 0x00000000   Number         0  stm32f4xx_hal_rng.o ABSOLUTE
    ..\\..\\..\\..\\Drivers\\STM32F4xx_HAL_Driver\\Src\\stm32f4xx_hal_rtc.c 0x00000000   Number         0  stm32f4xx_hal_rtc.o ABSOLUTE
    ..\\..\\..\\..\\Drivers\\STM32F4xx_HAL_Driver\\Src\\stm32f4xx_hal_rtc_ex.c 0x00000000   Number         0  stm32f4xx_hal_rtc_ex.o ABSOLUTE
    ..\\..\\..\\..\\Drivers\\STM32F4xx_HAL_Driver\\Src\\stm32f4xx_hal_sd.c 0x00000000   Number         0  stm32f4xx_hal_sd.o ABSOLUTE
    ..\\..\\..\\..\\Drivers\\STM32F4xx_HAL_Driver\\Src\\stm32f4xx_hal_smartcard.c 0x00000000   Number         0  stm32f4xx_hal_smartcard.o ABSOLUTE
    ..\\..\\..\\..\\Drivers\\STM32F4xx_HAL_Driver\\Src\\stm32f4xx_hal_spi.c 0x00000000   Number         0  stm32f4xx_hal_spi.o ABSOLUTE
    ..\\..\\..\\..\\Drivers\\STM32F4xx_HAL_Driver\\Src\\stm32f4xx_hal_sram.c 0x00000000   Number         0  stm32f4xx_hal_sram.o ABSOLUTE
    ..\\..\\..\\..\\Drivers\\STM32F4xx_HAL_Driver\\Src\\stm32f4xx_hal_tim.c 0x00000000   Number         0  stm32f4xx_hal_tim.o ABSOLUTE
    ..\\..\\..\\..\\Drivers\\STM32F4xx_HAL_Driver\\Src\\stm32f4xx_hal_tim_ex.c 0x00000000   Number         0  stm32f4xx_hal_tim_ex.o ABSOLUTE
    ..\\..\\..\\..\\Drivers\\STM32F4xx_HAL_Driver\\Src\\stm32f4xx_hal_uart.c 0x00000000   Number         0  stm32f4xx_hal_uart.o ABSOLUTE
    ..\\..\\..\\..\\Drivers\\STM32F4xx_HAL_Driver\\Src\\stm32f4xx_hal_usart.c 0x00000000   Number         0  stm32f4xx_hal_usart.o ABSOLUTE
    ..\\..\\..\\..\\Drivers\\STM32F4xx_HAL_Driver\\Src\\stm32f4xx_hal_wwdg.c 0x00000000   Number         0  stm32f4xx_hal_wwdg.o ABSOLUTE
    ..\\..\\..\\..\\Drivers\\STM32F4xx_HAL_Driver\\Src\\stm32f4xx_ll_fsmc.c 0x00000000   Number         0  stm32f4xx_ll_fsmc.o ABSOLUTE
    ..\\..\\..\\..\\Drivers\\STM32F4xx_HAL_Driver\\Src\\stm32f4xx_ll_sdmmc.c 0x00000000   Number         0  stm32f4xx_ll_sdmmc.o ABSOLUTE
    ..\\..\\..\\..\\Drivers\\STM32F4xx_HAL_Driver\\Src\\stm32f4xx_ll_usb.c 0x00000000   Number         0  stm32f4xx_ll_usb.o ABSOLUTE
    ..\\..\\..\\..\\Drivers\\STM32F4xx_StdPeriph_Driver\\src\\misc.c 0x00000000   Number         0  misc.o ABSOLUTE
    ..\\..\\..\\..\\Middlewares\\Third_Party\\FreeRTOS\\Source\\portable\\RVDS\\ARM_CM4F\\port.c 0x00000000   Number         0  port.o ABSOLUTE
    ..\\Src\\main.c                          0x00000000   Number         0  main.o ABSOLUTE
    ..\\Src\\stm32f4xx_hal_msp.c             0x00000000   Number         0  stm32f4xx_hal_msp.o ABSOLUTE
    ..\\Src\\stm32f4xx_it.c                  0x00000000   Number         0  stm32f4xx_it.o ABSOLUTE
    ..\\Src\\system_stm32f4xx.c              0x00000000   Number         0  system_stm32f4xx.o ABSOLUTE
    E:\STM32_workspace\PDMLib\src\pdm_filter.c 0x00000000   Number         0  pdm_filter.o ABSOLUTE
    __iar_systems$$module                    0x00000000   Number         0  pdm_filter.o ABSOLUTE
    cfcmple.s                                0x00000000   Number         0  cfcmple.o ABSOLUTE
    dc.s                                     0x00000000   Number         0  dc.o ABSOLUTE
    handlers.s                               0x00000000   Number         0  handlers.o ABSOLUTE
    init.s                                   0x00000000   Number         0  init.o ABSOLUTE
    RESET                                    0x08000000   Section      428  startup_stm32f439xx.o(RESET)
    .ARM.Collect$$$$00000000                 0x080001ac   Section        0  entry.o(.ARM.Collect$$$$00000000)
    .ARM.Collect$$$$00000001                 0x080001ac   Section        4  entry2.o(.ARM.Collect$$$$00000001)
    .ARM.Collect$$$$00000004                 0x080001b0   Section        4  entry5.o(.ARM.Collect$$$$00000004)
    .ARM.Collect$$$$00000008                 0x080001b4   Section        0  entry7b.o(.ARM.Collect$$$$00000008)
    .ARM.Collect$$$$0000000A                 0x080001b4   Section        0  entry8b.o(.ARM.Collect$$$$0000000A)
    .ARM.Collect$$$$0000000B                 0x080001b4   Section        8  entry9a.o(.ARM.Collect$$$$0000000B)
    .ARM.Collect$$$$0000000D                 0x080001bc   Section        0  entry10a.o(.ARM.Collect$$$$0000000D)
    .ARM.Collect$$$$0000000F                 0x080001bc   Section        0  entry11a.o(.ARM.Collect$$$$0000000F)
    .ARM.Collect$$$$00002712                 0x080001bc   Section        4  entry2.o(.ARM.Collect$$$$00002712)
    __lit__00000000                          0x080001bc   Data           4  entry2.o(.ARM.Collect$$$$00002712)
    .emb_text                                0x080001c0   Section      174  port.o(.emb_text)
    $v0                                      0x080001c0   Number         0  port.o(.emb_text)
    .text                                    0x08000270   Section       36  startup_stm32f439xx.o(.text)
    $v0                                      0x08000270   Number         0  startup_stm32f439xx.o(.text)
    .text                                    0x08000294   Section        0  memcpya.o(.text)
    .text                                    0x080002b8   Section        0  memseta.o(.text)
    .text                                    0x080002dc   Section        0  memcmp.o(.text)
    .text                                    0x080002f8   Section       36  init.o(.text)
    i.BSP_LED_Init                           0x0800031c   Section        0  stm32f4_discovery.o(i.BSP_LED_Init)
    i.BSP_LED_Off                            0x08000390   Section        0  stm32f4_discovery.o(i.BSP_LED_Off)
    i.BSP_LED_On                             0x080003b0   Section        0  stm32f4_discovery.o(i.BSP_LED_On)
    i.BusFault_Handler                       0x080003d0   Section        0  stm32f4xx_it.o(i.BusFault_Handler)
    i.DMA2_Stream2_IRQHandler                0x080003d4   Section        0  stm32f4xx_it.o(i.DMA2_Stream2_IRQHandler)
    i.DMA2_Stream7_IRQHandler                0x080003e4   Section        0  stm32f4xx_it.o(i.DMA2_Stream7_IRQHandler)
    i.DMA_SetConfig                          0x080003f4   Section        0  stm32f4xx_hal_dma.o(i.DMA_SetConfig)
    DMA_SetConfig                            0x080003f5   Thumb Code    32  stm32f4xx_hal_dma.o(i.DMA_SetConfig)
    i.DebugMon_Handler                       0x08000414   Section        0  stm32f4xx_it.o(i.DebugMon_Handler)
    i.Error_Handler                          0x08000416   Section        0  main.o(i.Error_Handler)
    Error_Handler                            0x08000417   Thumb Code     4  main.o(i.Error_Handler)
    i.HAL_DMA_IRQHandler                     0x0800041c   Section        0  stm32f4xx_hal_dma.o(i.HAL_DMA_IRQHandler)
    i.HAL_DMA_Init                           0x08002a54   Section        0  stm32f4xx_hal_dma.o(i.HAL_DMA_Init)
    i.HAL_DMA_Start_IT                       0x08002ad0   Section        0  stm32f4xx_hal_dma.o(i.HAL_DMA_Start_IT)
    i.HAL_GPIO_Init                          0x08002b60   Section        0  stm32f4xx_hal_gpio.o(i.HAL_GPIO_Init)
    i.HAL_GPIO_WritePin                      0x08002d68   Section        0  stm32f4xx_hal_gpio.o(i.HAL_GPIO_WritePin)
    i.HAL_GetTick                            0x08002d74   Section        0  stm32f4xx_hal.o(i.HAL_GetTick)
    i.HAL_Init                               0x08002d80   Section        0  stm32f4xx_hal.o(i.HAL_Init)
    i.HAL_InitTick                           0x08002dbc   Section        0  stm32f4xx_hal.o(i.HAL_InitTick)
    i.HAL_MspInit                            0x08002de0   Section        0  stm32f4xx_hal_msp.o(i.HAL_MspInit)
    i.HAL_NVIC_EnableIRQ                     0x08002de2   Section        0  stm32f4xx_hal_cortex.o(i.HAL_NVIC_EnableIRQ)
    i.HAL_NVIC_SetPriority                   0x08002dfc   Section        0  stm32f4xx_hal_cortex.o(i.HAL_NVIC_SetPriority)
    i.HAL_NVIC_SetPriorityGrouping           0x08002e78   Section        0  stm32f4xx_hal_cortex.o(i.HAL_NVIC_SetPriorityGrouping)
    i.HAL_RCC_ClockConfig                    0x08002ea0   Section        0  stm32f4xx_hal_rcc.o(i.HAL_RCC_ClockConfig)
    i.HAL_RCC_GetHCLKFreq                    0x080030f4   Section        0  stm32f4xx_hal_rcc.o(i.HAL_RCC_GetHCLKFreq)
    i.HAL_RCC_GetPCLK1Freq                   0x0800312c   Section        0  stm32f4xx_hal_rcc.o(i.HAL_RCC_GetPCLK1Freq)
    i.HAL_RCC_GetPCLK2Freq                   0x08003158   Section        0  stm32f4xx_hal_rcc.o(i.HAL_RCC_GetPCLK2Freq)
    i.HAL_RCC_GetSysClockFreq                0x08003184   Section        0  stm32f4xx_hal_rcc.o(i.HAL_RCC_GetSysClockFreq)
    i.HAL_RCC_OscConfig                      0x08003248   Section        0  stm32f4xx_hal_rcc.o(i.HAL_RCC_OscConfig)
    i.HAL_SYSTICK_Config                     0x08003644   Section        0  stm32f4xx_hal_cortex.o(i.HAL_SYSTICK_Config)
    i.HAL_UART_ErrorCallback                 0x08003678   Section        0  stm32f4xx_hal_uart.o(i.HAL_UART_ErrorCallback)
    i.HAL_UART_Init                          0x0800367a   Section        0  stm32f4xx_hal_uart.o(i.HAL_UART_Init)
    i.HAL_UART_MspInit                       0x080036e4   Section        0  stm32f4xx_hal_msp.o(i.HAL_UART_MspInit)
    i.HAL_UART_Receive_DMA                   0x08003810   Section        0  stm32f4xx_hal_uart.o(i.HAL_UART_Receive_DMA)
    i.HAL_UART_RxCpltCallback                0x080038b0   Section        0  main.o(i.HAL_UART_RxCpltCallback)
    i.HAL_UART_RxHalfCpltCallback            0x080038bc   Section        0  stm32f4xx_hal_uart.o(i.HAL_UART_RxHalfCpltCallback)
    i.HAL_UART_Transmit_DMA                  0x080038c0   Section        0  stm32f4xx_hal_uart.o(i.HAL_UART_Transmit_DMA)
    i.HAL_UART_TxCpltCallback                0x08003964   Section        0  main.o(i.HAL_UART_TxCpltCallback)
    i.HAL_UART_TxHalfCpltCallback            0x08003970   Section        0  stm32f4xx_hal_uart.o(i.HAL_UART_TxHalfCpltCallback)
    i.HardFault_Handler                      0x08003972   Section        0  stm32f4xx_it.o(i.HardFault_Handler)
    i.MX_GPIO_Init                           0x08003978   Section        0  main.o(i.MX_GPIO_Init)
    i.MX_USART1_UART_Init                    0x0800398c   Section        0  main.o(i.MX_USART1_UART_Init)
    i.MemManage_Handler                      0x080039c8   Section        0  stm32f4xx_it.o(i.MemManage_Handler)
    i.NMI_Handler                            0x080039cc   Section        0  stm32f4xx_it.o(i.NMI_Handler)
    i.NVIC_GetPriorityGrouping               0x080039d0   Section        0  stm32f4xx_hal_cortex.o(i.NVIC_GetPriorityGrouping)
    NVIC_GetPriorityGrouping                 0x080039d1   Thumb Code    10  stm32f4xx_hal_cortex.o(i.NVIC_GetPriorityGrouping)
    i.NVIC_PriorityGroupConfig               0x080039e0   Section        0  misc.o(i.NVIC_PriorityGroupConfig)
    i.NVIC_SetPriority                       0x080039f4   Section        0  stm32f4xx_hal_cortex.o(i.NVIC_SetPriority)
    NVIC_SetPriority                         0x080039f5   Thumb Code    32  stm32f4xx_hal_cortex.o(i.NVIC_SetPriority)
    i.StartThread                            0x08003a1c   Section        0  main.o(i.StartThread)
    StartThread                              0x08003a1d   Thumb Code    32  main.o(i.StartThread)
    i.SystemClock_Config                     0x08003a3c   Section        0  main.o(i.SystemClock_Config)
    SystemClock_Config                       0x08003a3d   Thumb Code   114  main.o(i.SystemClock_Config)
    i.SystemInit                             0x08003ab8   Section        0  system_stm32f4xx.o(i.SystemInit)
    i.UART_DMAError                          0x08003b1c   Section        0  stm32f4xx_hal_uart.o(i.UART_DMAError)
    UART_DMAError                            0x08003b1d   Thumb Code    36  stm32f4xx_hal_uart.o(i.UART_DMAError)
    i.UART_DMAReceiveCplt                    0x08003b40   Section        0  stm32f4xx_hal_uart.o(i.UART_DMAReceiveCplt)
    UART_DMAReceiveCplt                      0x08003b41   Thumb Code    62  stm32f4xx_hal_uart.o(i.UART_DMAReceiveCplt)
    i.UART_DMARxHalfCplt                     0x08003b7e   Section        0  stm32f4xx_hal_uart.o(i.UART_DMARxHalfCplt)
    UART_DMARxHalfCplt                       0x08003b7f   Thumb Code    14  stm32f4xx_hal_uart.o(i.UART_DMARxHalfCplt)
    i.UART_DMATransmitCplt                   0x08003b8c   Section        0  stm32f4xx_hal_uart.o(i.UART_DMATransmitCplt)
    UART_DMATransmitCplt                     0x08003b8d   Thumb Code   100  stm32f4xx_hal_uart.o(i.UART_DMATransmitCplt)
    i.UART_DMATxHalfCplt                     0x08003bf0   Section        0  stm32f4xx_hal_uart.o(i.UART_DMATxHalfCplt)
    UART_DMATxHalfCplt                       0x08003bf1   Thumb Code    14  stm32f4xx_hal_uart.o(i.UART_DMATxHalfCplt)
    i.UART_SetConfig                         0x08003c00   Section        0  stm32f4xx_hal_uart.o(i.UART_SetConfig)
    UART_SetConfig                           0x08003c01   Thumb Code   544  stm32f4xx_hal_uart.o(i.UART_SetConfig)
    i.UART_WaitOnFlagUntilTimeout            0x08003e28   Section        0  stm32f4xx_hal_uart.o(i.UART_WaitOnFlagUntilTimeout)
    UART_WaitOnFlagUntilTimeout              0x08003e29   Thumb Code   250  stm32f4xx_hal_uart.o(i.UART_WaitOnFlagUntilTimeout)
    i.USART_GetFlagStatus                    0x08003f22   Section        0  debug_uart.o(i.USART_GetFlagStatus)
    i.USART_SendData                         0x08003f3c   Section        0  debug_uart.o(i.USART_SendData)
    i.UartRxThread                           0x08003f44   Section        0  main.o(i.UartRxThread)
    UartRxThread                             0x08003f45   Thumb Code   146  main.o(i.UartRxThread)
    i.UartTxThread                           0x08004008   Section        0  main.o(i.UartTxThread)
    UartTxThread                             0x08004009   Thumb Code    90  main.o(i.UartTxThread)
    i.UsageFault_Handler                     0x08004078   Section        0  stm32f4xx_it.o(i.UsageFault_Handler)
    i.__scatterload_copy                     0x0800407c   Section       14  handlers.o(i.__scatterload_copy)
    i.__scatterload_null                     0x0800408a   Section        2  handlers.o(i.__scatterload_null)
    i.__scatterload_zeroinit                 0x0800408c   Section       14  handlers.o(i.__scatterload_zeroinit)
    i.debug_putchar                          0x0800409c   Section        0  debug_uart.o(i.debug_putchar)
    i.main                                   0x080040bc   Section        0  main.o(i.main)
    i.makeFreeRtosPriority                   0x08004160   Section        0  cmsis_os.o(i.makeFreeRtosPriority)
    makeFreeRtosPriority                     0x08004161   Thumb Code    14  cmsis_os.o(i.makeFreeRtosPriority)
    i.osDelay                                0x0800416e   Section        0  cmsis_os.o(i.osDelay)
    i.osKernelStart                          0x08004186   Section        0  cmsis_os.o(i.osKernelStart)
    i.osThreadCreate                         0x0800419e   Section        0  cmsis_os.o(i.osThreadCreate)
    i.prvAddCurrentTaskToDelayedList         0x080041d0   Section        0  tasks.o(i.prvAddCurrentTaskToDelayedList)
    prvAddCurrentTaskToDelayedList           0x080041d1   Thumb Code    62  tasks.o(i.prvAddCurrentTaskToDelayedList)
    i.prvAllocateTCBAndStack                 0x08004224   Section        0  tasks.o(i.prvAllocateTCBAndStack)
    prvAllocateTCBAndStack                   0x08004225   Thumb Code    58  tasks.o(i.prvAllocateTCBAndStack)
    i.prvCheckTasksWaitingTermination        0x08004260   Section        0  tasks.o(i.prvCheckTasksWaitingTermination)
    prvCheckTasksWaitingTermination          0x08004261   Thumb Code    86  tasks.o(i.prvCheckTasksWaitingTermination)
    i.prvDeleteTCB                           0x080042c4   Section        0  tasks.o(i.prvDeleteTCB)
    prvDeleteTCB                             0x080042c5   Thumb Code    18  tasks.o(i.prvDeleteTCB)
    i.prvHeapInit                            0x080042d8   Section        0  heap_4.o(i.prvHeapInit)
    prvHeapInit                              0x080042d9   Thumb Code   102  heap_4.o(i.prvHeapInit)
    i.prvIdleTask                            0x08004354   Section        0  tasks.o(i.prvIdleTask)
    prvIdleTask                              0x08004355   Thumb Code    20  tasks.o(i.prvIdleTask)
    i.prvInitialiseTCBVariables              0x0800436c   Section        0  tasks.o(i.prvInitialiseTCBVariables)
    prvInitialiseTCBVariables                0x0800436d   Thumb Code    86  tasks.o(i.prvInitialiseTCBVariables)
    i.prvInitialiseTaskLists                 0x080043c4   Section        0  tasks.o(i.prvInitialiseTaskLists)
    prvInitialiseTaskLists                   0x080043c5   Thumb Code    70  tasks.o(i.prvInitialiseTaskLists)
    i.prvInsertBlockIntoFreeList             0x0800442c   Section        0  heap_4.o(i.prvInsertBlockIntoFreeList)
    prvInsertBlockIntoFreeList               0x0800442d   Thumb Code    96  heap_4.o(i.prvInsertBlockIntoFreeList)
    i.prvSetupHardware                       0x08004494   Section        0  main.o(i.prvSetupHardware)
    prvSetupHardware                         0x08004495   Thumb Code    16  main.o(i.prvSetupHardware)
    i.prvTaskExitError                       0x080044a4   Section        0  port.o(i.prvTaskExitError)
    prvTaskExitError                         0x080044a5   Thumb Code    32  port.o(i.prvTaskExitError)
    i.pvPortMalloc                           0x080044c8   Section        0  heap_4.o(i.pvPortMalloc)
    i.pxPortInitialiseStack                  0x08004580   Section        0  port.o(i.pxPortInitialiseStack)
    i.uxListRemove                           0x080045a8   Section        0  list.o(i.uxListRemove)
    i.vListInitialise                        0x080045d0   Section        0  list.o(i.vListInitialise)
    i.vListInitialiseItem                    0x080045ea   Section        0  list.o(i.vListInitialiseItem)
    i.vListInsert                            0x080045f0   Section        0  list.o(i.vListInsert)
    i.vListInsertEnd                         0x08004624   Section        0  list.o(i.vListInsertEnd)
    i.vPortEnterCritical                     0x0800463c   Section        0  port.o(i.vPortEnterCritical)
    i.vPortExitCritical                      0x0800465c   Section        0  port.o(i.vPortExitCritical)
    i.vPortFree                              0x0800467c   Section        0  heap_4.o(i.vPortFree)
    i.vPortSetupTimerInterrupt               0x080046f4   Section        0  port.o(i.vPortSetupTimerInterrupt)
    i.vPortYield                             0x08004714   Section        0  port.o(i.vPortYield)
    i.vTaskDelay                             0x0800472c   Section        0  tasks.o(i.vTaskDelay)
    i.vTaskStartScheduler                    0x08004764   Section        0  tasks.o(i.vTaskStartScheduler)
    i.vTaskSuspendAll                        0x080047b8   Section        0  tasks.o(i.vTaskSuspendAll)
    i.vTaskSwitchContext                     0x080047c8   Section        0  tasks.o(i.vTaskSwitchContext)
    i.xPortStartScheduler                    0x08004858   Section        0  port.o(i.xPortStartScheduler)
    i.xPortSysTickHandler                    0x0800490c   Section        0  port.o(i.xPortSysTickHandler)
    i.xTaskGenericCreate                     0x0800492c   Section        0  tasks.o(i.xTaskGenericCreate)
    i.xTaskIncrementTick                     0x08004a64   Section        0  tasks.o(i.xTaskIncrementTick)
    i.xTaskResumeAll                         0x08004bc4   Section        0  tasks.o(i.xTaskResumeAll)
    .constdata                               0x08004cac   Section       11  stm32f4_discovery.o(.constdata)
    .constdata                               0x08004cb7   Section       16  stm32f4xx_hal_rcc.o(.constdata)
    .constdata                               0x08004cc8   Section       60  main.o(.constdata)
    .conststring                             0x08004d04   Section       51  main.o(.conststring)
    .data                                    0x20000000   Section       28  stm32f4_discovery.o(.data)
    .data                                    0x2000001c   Section       20  system_stm32f4xx.o(.data)
    .data                                    0x20000030   Section        4  stm32f4xx_hal.o(.data)
    uwTick                                   0x20000030   Data           4  stm32f4xx_hal.o(.data)
    .data                                    0x20000034   Section       85  main.o(.data)
    .data                                    0x2000008c   Section       56  tasks.o(.data)
    pxDelayedTaskList                        0x20000090   Data           4  tasks.o(.data)
    pxOverflowDelayedTaskList                0x20000094   Data           4  tasks.o(.data)
    uxTasksDeleted                           0x20000098   Data           4  tasks.o(.data)
    uxCurrentNumberOfTasks                   0x2000009c   Data           4  tasks.o(.data)
    xTickCount                               0x200000a0   Data           4  tasks.o(.data)
    uxTopReadyPriority                       0x200000a4   Data           4  tasks.o(.data)
    xSchedulerRunning                        0x200000a8   Data           4  tasks.o(.data)
    uxSchedulerSuspended                     0x200000ac   Data           4  tasks.o(.data)
    uxPendedTicks                            0x200000b0   Data           4  tasks.o(.data)
    xYieldPending                            0x200000b4   Data           4  tasks.o(.data)
    xNumOfOverflows                          0x200000b8   Data           4  tasks.o(.data)
    uxTaskNumber                             0x200000bc   Data           4  tasks.o(.data)
    xNextTaskUnblockTime                     0x200000c0   Data           4  tasks.o(.data)
    .data                                    0x200000c4   Section       12  port.o(.data)
    uxCriticalNesting                        0x200000c4   Data           4  port.o(.data)
    ucMaxSysCallPriority                     0x200000c8   Data           1  port.o(.data)
    ulMaxPRIGROUPValue                       0x200000cc   Data           4  port.o(.data)
    .data                                    0x200000d0   Section       20  heap_4.o(.data)
    xStart                                   0x200000d0   Data           8  heap_4.o(.data)
    pxEnd                                    0x200000d8   Data           4  heap_4.o(.data)
    xFreeBytesRemaining                      0x200000dc   Data           4  heap_4.o(.data)
    xBlockAllocatedBit                       0x200000e0   Data           4  heap_4.o(.data)
    .bss                                     0x200000e4   Section       60  main.o(.bss)
    .bss                                     0x20000120   Section      320  stm32f4xx_hal_msp.o(.bss)
    hdma_tx                                  0x20000120   Data          80  stm32f4xx_hal_msp.o(.bss)
    hdma_rx                                  0x20000170   Data          80  stm32f4xx_hal_msp.o(.bss)
    hdma_tx                                  0x200001c0   Data          80  stm32f4xx_hal_msp.o(.bss)
    hdma_rx                                  0x20000210   Data          80  stm32f4xx_hal_msp.o(.bss)
    .bss                                     0x20000260   Section      240  tasks.o(.bss)
    pxReadyTasksLists                        0x20000260   Data         140  tasks.o(.bss)
    xDelayedTaskList1                        0x200002ec   Data          20  tasks.o(.bss)
    xDelayedTaskList2                        0x20000300   Data          20  tasks.o(.bss)
    xPendingReadyList                        0x20000314   Data          20  tasks.o(.bss)
    xTasksWaitingTermination                 0x20000328   Data          20  tasks.o(.bss)
    xSuspendedTaskList                       0x2000033c   Data          20  tasks.o(.bss)
    .bss                                     0x20000350   Section    15360  heap_4.o(.bss)
    ucHeap                                   0x20000350   Data       15360  heap_4.o(.bss)
    STACK                                    0x20003f50   Section     1024  startup_stm32f439xx.o(STACK)

    Global Symbols

    Symbol Name                              Value     Ov Type        Size  Object(Section)

    BuildAttributes$$THM_ISAv4$E$P$D$K$B$S$7EM$VFPi3$EXTD16$VFPS$VFMA$PE$A:L22UL41UL21$X:L11$S22US41US21$IEEE1$IW$USESV6$~STKCKD$USESV7$~SHL$OSPACE$ROPI$EBA8$MICROLIB$REQ8$PRES8$EABIv2 0x00000000   Number         0  anon$$obj.o ABSOLUTE
    __ARM_use_no_argv                        0x00000000   Number         0  main.o ABSOLUTE
    __cpp_initialize__aeabi_                  - Undefined Weak Reference
    __cxa_finalize                            - Undefined Weak Reference
    __decompress                              - Undefined Weak Reference
    _clock_init                               - Undefined Weak Reference
    _microlib_exit                            - Undefined Weak Reference
    __Vectors_Size                           0x000001ac   Number         0  startup_stm32f439xx.o ABSOLUTE
    __Vectors                                0x08000000   Data           4  startup_stm32f439xx.o(RESET)
    __Vectors_End                            0x080001ac   Data           0  startup_stm32f439xx.o(RESET)
    __main                                   0x080001ad   Thumb Code     0  entry.o(.ARM.Collect$$$$00000000)
    _main_stk                                0x080001ad   Thumb Code     0  entry2.o(.ARM.Collect$$$$00000001)
    _main_scatterload                        0x080001b1   Thumb Code     0  entry5.o(.ARM.Collect$$$$00000004)
    __main_after_scatterload                 0x080001b5   Thumb Code     0  entry5.o(.ARM.Collect$$$$00000004)
    _main_clock                              0x080001b5   Thumb Code     0  entry7b.o(.ARM.Collect$$$$00000008)
    _main_cpp_init                           0x080001b5   Thumb Code     0  entry8b.o(.ARM.Collect$$$$0000000A)
    _main_init                               0x080001b5   Thumb Code     0  entry9a.o(.ARM.Collect$$$$0000000B)
    __rt_final_cpp                           0x080001bd   Thumb Code     0  entry10a.o(.ARM.Collect$$$$0000000D)
    __rt_final_exit                          0x080001bd   Thumb Code     0  entry11a.o(.ARM.Collect$$$$0000000F)
    vPortSVCHandler                          0x080001c1   Thumb Code    24  port.o(.emb_text)
    __asm___6_port_c_39a90d8d__prvStartFirstTask 0x080001dd   Thumb Code    16  port.o(.emb_text)
    __asm___6_port_c_39a90d8d__prvEnableVFP  0x080001f1   Thumb Code    16  port.o(.emb_text)
    xPortPendSVHandler                       0x08000205   Thumb Code    76  port.o(.emb_text)
    ulPortSetInterruptMask                   0x08000255   Thumb Code    14  port.o(.emb_text)
    vPortClearInterruptMask                  0x08000263   Thumb Code     6  port.o(.emb_text)
    vPortGetIPSR                             0x08000269   Thumb Code     6  port.o(.emb_text)
    Reset_Handler                            0x08000271   Thumb Code     8  startup_stm32f439xx.o(.text)
    SVC_Handler                              0x08000283   Thumb Code     2  startup_stm32f439xx.o(.text)
    PendSV_Handler                           0x08000287   Thumb Code     2  startup_stm32f439xx.o(.text)
    ADC_IRQHandler                           0x0800028b   Thumb Code     0  startup_stm32f439xx.o(.text)
    CAN1_RX0_IRQHandler                      0x0800028b   Thumb Code     0  startup_stm32f439xx.o(.text)
    CAN1_RX1_IRQHandler                      0x0800028b   Thumb Code     0  startup_stm32f439xx.o(.text)
    CAN1_SCE_IRQHandler                      0x0800028b   Thumb Code     0  startup_stm32f439xx.o(.text)
    CAN1_TX_IRQHandler                       0x0800028b   Thumb Code     0  startup_stm32f439xx.o(.text)
    CAN2_RX0_IRQHandler                      0x0800028b   Thumb Code     0  startup_stm32f439xx.o(.text)
    CAN2_RX1_IRQHandler                      0x0800028b   Thumb Code     0  startup_stm32f439xx.o(.text)
    CAN2_SCE_IRQHandler                      0x0800028b   Thumb Code     0  startup_stm32f439xx.o(.text)
    CAN2_TX_IRQHandler                       0x0800028b   Thumb Code     0  startup_stm32f439xx.o(.text)
    CRYP_IRQHandler                          0x0800028b   Thumb Code     0  startup_stm32f439xx.o(.text)
    DCMI_IRQHandler                          0x0800028b   Thumb Code     0  startup_stm32f439xx.o(.text)
    DMA1_Stream0_IRQHandler                  0x0800028b   Thumb Code     0  startup_stm32f439xx.o(.text)
    DMA1_Stream1_IRQHandler                  0x0800028b   Thumb Code     0  startup_stm32f439xx.o(.text)
    DMA1_Stream2_IRQHandler                  0x0800028b   Thumb Code     0  startup_stm32f439xx.o(.text)
    DMA1_Stream3_IRQHandler                  0x0800028b   Thumb Code     0  startup_stm32f439xx.o(.text)
    DMA1_Stream4_IRQHandler                  0x0800028b   Thumb Code     0  startup_stm32f439xx.o(.text)
    DMA1_Stream5_IRQHandler                  0x0800028b   Thumb Code     0  startup_stm32f439xx.o(.text)
    DMA1_Stream6_IRQHandler                  0x0800028b   Thumb Code     0  startup_stm32f439xx.o(.text)
    DMA1_Stream7_IRQHandler                  0x0800028b   Thumb Code     0  startup_stm32f439xx.o(.text)
    DMA2D_IRQHandler                         0x0800028b   Thumb Code     0  startup_stm32f439xx.o(.text)
    DMA2_Stream0_IRQHandler                  0x0800028b   Thumb Code     0  startup_stm32f439xx.o(.text)
    DMA2_Stream1_IRQHandler                  0x0800028b   Thumb Code     0  startup_stm32f439xx.o(.text)
    DMA2_Stream3_IRQHandler                  0x0800028b   Thumb Code     0  startup_stm32f439xx.o(.text)
    DMA2_Stream4_IRQHandler                  0x0800028b   Thumb Code     0  startup_stm32f439xx.o(.text)
    DMA2_Stream5_IRQHandler                  0x0800028b   Thumb Code     0  startup_stm32f439xx.o(.text)
    DMA2_Stream6_IRQHandler                  0x0800028b   Thumb Code     0  startup_stm32f439xx.o(.text)
    ETH_IRQHandler                           0x0800028b   Thumb Code     0  startup_stm32f439xx.o(.text)
    ETH_WKUP_IRQHandler                      0x0800028b   Thumb Code     0  startup_stm32f439xx.o(.text)
    EXTI0_IRQHandler                         0x0800028b   Thumb Code     0  startup_stm32f439xx.o(.text)
    EXTI15_10_IRQHandler                     0x0800028b   Thumb Code     0  startup_stm32f439xx.o(.text)
    EXTI1_IRQHandler                         0x0800028b   Thumb Code     0  startup_stm32f439xx.o(.text)
    EXTI2_IRQHandler                         0x0800028b   Thumb Code     0  startup_stm32f439xx.o(.text)
    EXTI3_IRQHandler                         0x0800028b   Thumb Code     0  startup_stm32f439xx.o(.text)
    EXTI4_IRQHandler                         0x0800028b   Thumb Code     0  startup_stm32f439xx.o(.text)
    EXTI9_5_IRQHandler                       0x0800028b   Thumb Code     0  startup_stm32f439xx.o(.text)
    FLASH_IRQHandler                         0x0800028b   Thumb Code     0  startup_stm32f439xx.o(.text)
    FMC_IRQHandler                           0x0800028b   Thumb Code     0  startup_stm32f439xx.o(.text)
    FPU_IRQHandler                           0x0800028b   Thumb Code     0  startup_stm32f439xx.o(.text)
    HASH_RNG_IRQHandler                      0x0800028b   Thumb Code     0  startup_stm32f439xx.o(.text)
    I2C1_ER_IRQHandler                       0x0800028b   Thumb Code     0  startup_stm32f439xx.o(.text)
    I2C1_EV_IRQHandler                       0x0800028b   Thumb Code     0  startup_stm32f439xx.o(.text)
    I2C2_ER_IRQHandler                       0x0800028b   Thumb Code     0  startup_stm32f439xx.o(.text)
    I2C2_EV_IRQHandler                       0x0800028b   Thumb Code     0  startup_stm32f439xx.o(.text)
    I2C3_ER_IRQHandler                       0x0800028b   Thumb Code     0  startup_stm32f439xx.o(.text)
    I2C3_EV_IRQHandler                       0x0800028b   Thumb Code     0  startup_stm32f439xx.o(.text)
    LTDC_ER_IRQHandler                       0x0800028b   Thumb Code     0  startup_stm32f439xx.o(.text)
    LTDC_IRQHandler                          0x0800028b   Thumb Code     0  startup_stm32f439xx.o(.text)
    OTG_FS_IRQHandler                        0x0800028b   Thumb Code     0  startup_stm32f439xx.o(.text)
    OTG_FS_WKUP_IRQHandler                   0x0800028b   Thumb Code     0  startup_stm32f439xx.o(.text)
    OTG_HS_EP1_IN_IRQHandler                 0x0800028b   Thumb Code     0  startup_stm32f439xx.o(.text)
    OTG_HS_EP1_OUT_IRQHandler                0x0800028b   Thumb Code     0  startup_stm32f439xx.o(.text)
    OTG_HS_IRQHandler                        0x0800028b   Thumb Code     0  startup_stm32f439xx.o(.text)
    OTG_HS_WKUP_IRQHandler                   0x0800028b   Thumb Code     0  startup_stm32f439xx.o(.text)
    PVD_IRQHandler                           0x0800028b   Thumb Code     0  startup_stm32f439xx.o(.text)
    RCC_IRQHandler                           0x0800028b   Thumb Code     0  startup_stm32f439xx.o(.text)
    RTC_Alarm_IRQHandler                     0x0800028b   Thumb Code     0  startup_stm32f439xx.o(.text)
    RTC_WKUP_IRQHandler                      0x0800028b   Thumb Code     0  startup_stm32f439xx.o(.text)
    SAI1_IRQHandler                          0x0800028b   Thumb Code     0  startup_stm32f439xx.o(.text)
    SDIO_IRQHandler                          0x0800028b   Thumb Code     0  startup_stm32f439xx.o(.text)
    SPI1_IRQHandler                          0x0800028b   Thumb Code     0  startup_stm32f439xx.o(.text)
    SPI2_IRQHandler                          0x0800028b   Thumb Code     0  startup_stm32f439xx.o(.text)
    SPI3_IRQHandler                          0x0800028b   Thumb Code     0  startup_stm32f439xx.o(.text)
    SPI4_IRQHandler                          0x0800028b   Thumb Code     0  startup_stm32f439xx.o(.text)
    SPI5_IRQHandler                          0x0800028b   Thumb Code     0  startup_stm32f439xx.o(.text)
    SPI6_IRQHandler                          0x0800028b   Thumb Code     0  startup_stm32f439xx.o(.text)
    TAMP_STAMP_IRQHandler                    0x0800028b   Thumb Code     0  startup_stm32f439xx.o(.text)
    TIM1_BRK_TIM9_IRQHandler                 0x0800028b   Thumb Code     0  startup_stm32f439xx.o(.text)
    TIM1_CC_IRQHandler                       0x0800028b   Thumb Code     0  startup_stm32f439xx.o(.text)
    TIM1_TRG_COM_TIM11_IRQHandler            0x0800028b   Thumb Code     0  startup_stm32f439xx.o(.text)
    TIM1_UP_TIM10_IRQHandler                 0x0800028b   Thumb Code     0  startup_stm32f439xx.o(.text)
    TIM2_IRQHandler                          0x0800028b   Thumb Code     0  startup_stm32f439xx.o(.text)
    TIM3_IRQHandler                          0x0800028b   Thumb Code     0  startup_stm32f439xx.o(.text)
    TIM4_IRQHandler                          0x0800028b   Thumb Code     0  startup_stm32f439xx.o(.text)
    TIM5_IRQHandler                          0x0800028b   Thumb Code     0  startup_stm32f439xx.o(.text)
    TIM6_DAC_IRQHandler                      0x0800028b   Thumb Code     0  startup_stm32f439xx.o(.text)
    TIM7_IRQHandler                          0x0800028b   Thumb Code     0  startup_stm32f439xx.o(.text)
    TIM8_BRK_TIM12_IRQHandler                0x0800028b   Thumb Code     0  startup_stm32f439xx.o(.text)
    TIM8_CC_IRQHandler                       0x0800028b   Thumb Code     0  startup_stm32f439xx.o(.text)
    TIM8_TRG_COM_TIM14_IRQHandler            0x0800028b   Thumb Code     0  startup_stm32f439xx.o(.text)
    TIM8_UP_TIM13_IRQHandler                 0x0800028b   Thumb Code     0  startup_stm32f439xx.o(.text)
    UART4_IRQHandler                         0x0800028b   Thumb Code     0  startup_stm32f439xx.o(.text)
    UART5_IRQHandler                         0x0800028b   Thumb Code     0  startup_stm32f439xx.o(.text)
    UART7_IRQHandler                         0x0800028b   Thumb Code     0  startup_stm32f439xx.o(.text)
    UART8_IRQHandler                         0x0800028b   Thumb Code     0  startup_stm32f439xx.o(.text)
    USART1_IRQHandler                        0x0800028b   Thumb Code     0  startup_stm32f439xx.o(.text)
    USART2_IRQHandler                        0x0800028b   Thumb Code     0  startup_stm32f439xx.o(.text)
    USART3_IRQHandler                        0x0800028b   Thumb Code     0  startup_stm32f439xx.o(.text)
    USART6_IRQHandler                        0x0800028b   Thumb Code     0  startup_stm32f439xx.o(.text)
    WWDG_IRQHandler                          0x0800028b   Thumb Code     0  startup_stm32f439xx.o(.text)
    __aeabi_memcpy                           0x08000295   Thumb Code    36  memcpya.o(.text)
    __aeabi_memcpy4                          0x08000295   Thumb Code     0  memcpya.o(.text)
    __aeabi_memcpy8                          0x08000295   Thumb Code     0  memcpya.o(.text)
    __aeabi_memset                           0x080002b9   Thumb Code    14  memseta.o(.text)
    __aeabi_memset4                          0x080002b9   Thumb Code     0  memseta.o(.text)
    __aeabi_memset8                          0x080002b9   Thumb Code     0  memseta.o(.text)
    __aeabi_memclr                           0x080002c7   Thumb Code     4  memseta.o(.text)
    __aeabi_memclr4                          0x080002c7   Thumb Code     0  memseta.o(.text)
    __aeabi_memclr8                          0x080002c7   Thumb Code     0  memseta.o(.text)
    _memset$wrapper                          0x080002cb   Thumb Code    18  memseta.o(.text)
    memcmp                                   0x080002dd   Thumb Code    26  memcmp.o(.text)
    __scatterload                            0x080002f9   Thumb Code    28  init.o(.text)
    __scatterload_rt2                        0x080002f9   Thumb Code     0  init.o(.text)
    BSP_LED_Init                             0x0800031d   Thumb Code   104  stm32f4_discovery.o(i.BSP_LED_Init)
    BSP_LED_Off                              0x08000391   Thumb Code    24  stm32f4_discovery.o(i.BSP_LED_Off)
    BSP_LED_On                               0x080003b1   Thumb Code    24  stm32f4_discovery.o(i.BSP_LED_On)
    BusFault_Handler                         0x080003d1   Thumb Code     4  stm32f4xx_it.o(i.BusFault_Handler)
    DMA2_Stream2_IRQHandler                  0x080003d5   Thumb Code    12  stm32f4xx_it.o(i.DMA2_Stream2_IRQHandler)
    DMA2_Stream7_IRQHandler                  0x080003e5   Thumb Code    12  stm32f4xx_it.o(i.DMA2_Stream7_IRQHandler)
    DebugMon_Handler                         0x08000415   Thumb Code     2  stm32f4xx_it.o(i.DebugMon_Handler)
    HAL_DMA_IRQHandler                       0x0800041d   Thumb Code  9776  stm32f4xx_hal_dma.o(i.HAL_DMA_IRQHandler)
    HAL_DMA_Init                             0x08002a55   Thumb Code   120  stm32f4xx_hal_dma.o(i.HAL_DMA_Init)
    HAL_DMA_Start_IT                         0x08002ad1   Thumb Code   142  stm32f4xx_hal_dma.o(i.HAL_DMA_Start_IT)
    HAL_GPIO_Init                            0x08002b61   Thumb Code   466  stm32f4xx_hal_gpio.o(i.HAL_GPIO_Init)
    HAL_GPIO_WritePin                        0x08002d69   Thumb Code    10  stm32f4xx_hal_gpio.o(i.HAL_GPIO_WritePin)
    HAL_GetTick                              0x08002d75   Thumb Code     6  stm32f4xx_hal.o(i.HAL_GetTick)
    HAL_Init                                 0x08002d81   Thumb Code    54  stm32f4xx_hal.o(i.HAL_Init)
    HAL_InitTick                             0x08002dbd   Thumb Code    36  stm32f4xx_hal.o(i.HAL_InitTick)
    HAL_MspInit                              0x08002de1   Thumb Code     2  stm32f4xx_hal_msp.o(i.HAL_MspInit)
    HAL_NVIC_EnableIRQ                       0x08002de3   Thumb Code    26  stm32f4xx_hal_cortex.o(i.HAL_NVIC_EnableIRQ)
    HAL_NVIC_SetPriority                     0x08002dfd   Thumb Code   124  stm32f4xx_hal_cortex.o(i.HAL_NVIC_SetPriority)
    HAL_NVIC_SetPriorityGrouping             0x08002e79   Thumb Code    32  stm32f4xx_hal_cortex.o(i.HAL_NVIC_SetPriorityGrouping)
    HAL_RCC_ClockConfig                      0x08002ea1   Thumb Code   588  stm32f4xx_hal_rcc.o(i.HAL_RCC_ClockConfig)
    HAL_RCC_GetHCLKFreq                      0x080030f5   Thumb Code    42  stm32f4xx_hal_rcc.o(i.HAL_RCC_GetHCLKFreq)
    HAL_RCC_GetPCLK1Freq                     0x0800312d   Thumb Code    36  stm32f4xx_hal_rcc.o(i.HAL_RCC_GetPCLK1Freq)
    HAL_RCC_GetPCLK2Freq                     0x08003159   Thumb Code    36  stm32f4xx_hal_rcc.o(i.HAL_RCC_GetPCLK2Freq)
    HAL_RCC_GetSysClockFreq                  0x08003185   Thumb Code   182  stm32f4xx_hal_rcc.o(i.HAL_RCC_GetSysClockFreq)
    HAL_RCC_OscConfig                        0x08003249   Thumb Code  1002  stm32f4xx_hal_rcc.o(i.HAL_RCC_OscConfig)
    HAL_SYSTICK_Config                       0x08003645   Thumb Code    52  stm32f4xx_hal_cortex.o(i.HAL_SYSTICK_Config)
    HAL_UART_ErrorCallback                   0x08003679   Thumb Code     2  stm32f4xx_hal_uart.o(i.HAL_UART_ErrorCallback)
    HAL_UART_Init                            0x0800367b   Thumb Code   106  stm32f4xx_hal_uart.o(i.HAL_UART_Init)
    HAL_UART_MspInit                         0x080036e5   Thumb Code   280  stm32f4xx_hal_msp.o(i.HAL_UART_MspInit)
    HAL_UART_Receive_DMA                     0x08003811   Thumb Code   148  stm32f4xx_hal_uart.o(i.HAL_UART_Receive_DMA)
    HAL_UART_RxCpltCallback                  0x080038b1   Thumb Code     8  main.o(i.HAL_UART_RxCpltCallback)
    HAL_UART_RxHalfCpltCallback              0x080038bd   Thumb Code     2  stm32f4xx_hal_uart.o(i.HAL_UART_RxHalfCpltCallback)
    HAL_UART_Transmit_DMA                    0x080038c1   Thumb Code   150  stm32f4xx_hal_uart.o(i.HAL_UART_Transmit_DMA)
    HAL_UART_TxCpltCallback                  0x08003965   Thumb Code     8  main.o(i.HAL_UART_TxCpltCallback)
    HAL_UART_TxHalfCpltCallback              0x08003971   Thumb Code     2  stm32f4xx_hal_uart.o(i.HAL_UART_TxHalfCpltCallback)
    HardFault_Handler                        0x08003973   Thumb Code     4  stm32f4xx_it.o(i.HardFault_Handler)
    MX_GPIO_Init                             0x08003979   Thumb Code    14  main.o(i.MX_GPIO_Init)
    MX_USART1_UART_Init                      0x0800398d   Thumb Code    52  main.o(i.MX_USART1_UART_Init)
    MemManage_Handler                        0x080039c9   Thumb Code     4  stm32f4xx_it.o(i.MemManage_Handler)
    NMI_Handler                              0x080039cd   Thumb Code     2  stm32f4xx_it.o(i.NMI_Handler)
    NVIC_PriorityGroupConfig                 0x080039e1   Thumb Code    10  misc.o(i.NVIC_PriorityGroupConfig)
    SystemInit                               0x08003ab9   Thumb Code    82  system_stm32f4xx.o(i.SystemInit)
    USART_GetFlagStatus                      0x08003f23   Thumb Code    26  debug_uart.o(i.USART_GetFlagStatus)
    USART_SendData                           0x08003f3d   Thumb Code     8  debug_uart.o(i.USART_SendData)
    UsageFault_Handler                       0x08004079   Thumb Code     4  stm32f4xx_it.o(i.UsageFault_Handler)
    __scatterload_copy                       0x0800407d   Thumb Code    14  handlers.o(i.__scatterload_copy)
    __scatterload_null                       0x0800408b   Thumb Code     2  handlers.o(i.__scatterload_null)
    __scatterload_zeroinit                   0x0800408d   Thumb Code    14  handlers.o(i.__scatterload_zeroinit)
    debug_putchar                            0x0800409d   Thumb Code    28  debug_uart.o(i.debug_putchar)
    main                                     0x080040bd   Thumb Code   158  main.o(i.main)
    osDelay                                  0x0800416f   Thumb Code    24  cmsis_os.o(i.osDelay)
    osKernelStart                            0x08004187   Thumb Code    24  cmsis_os.o(i.osKernelStart)
    osThreadCreate                           0x0800419f   Thumb Code    50  cmsis_os.o(i.osThreadCreate)
    pvPortMalloc                             0x080044c9   Thumb Code   166  heap_4.o(i.pvPortMalloc)
    pxPortInitialiseStack                    0x08004581   Thumb Code    34  port.o(i.pxPortInitialiseStack)
    uxListRemove                             0x080045a9   Thumb Code    40  list.o(i.uxListRemove)
    vListInitialise                          0x080045d1   Thumb Code    26  list.o(i.vListInitialise)
    vListInitialiseItem                      0x080045eb   Thumb Code     6  list.o(i.vListInitialiseItem)
    vListInsert                              0x080045f1   Thumb Code    52  list.o(i.vListInsert)
    vListInsertEnd                           0x08004625   Thumb Code    24  list.o(i.vListInsertEnd)
    vPortEnterCritical                       0x0800463d   Thumb Code    26  port.o(i.vPortEnterCritical)
    vPortExitCritical                        0x0800465d   Thumb Code    26  port.o(i.vPortExitCritical)
    vPortFree                                0x0800467d   Thumb Code   112  heap_4.o(i.vPortFree)
    vPortSetupTimerInterrupt                 0x080046f5   Thumb Code    26  port.o(i.vPortSetupTimerInterrupt)
    vPortYield                               0x08004715   Thumb Code    18  port.o(i.vPortYield)
    vTaskDelay                               0x0800472d   Thumb Code    48  tasks.o(i.vTaskDelay)
    vTaskStartScheduler                      0x08004765   Thumb Code    64  tasks.o(i.vTaskStartScheduler)
    vTaskSuspendAll                          0x080047b9   Thumb Code    12  tasks.o(i.vTaskSuspendAll)
    vTaskSwitchContext                       0x080047c9   Thumb Code   122  tasks.o(i.vTaskSwitchContext)
    xPortStartScheduler                      0x08004859   Thumb Code   156  port.o(i.xPortStartScheduler)
    xPortSysTickHandler                      0x0800490d   Thumb Code    28  port.o(i.xPortSysTickHandler)
    xTaskGenericCreate                       0x0800492d   Thumb Code   286  tasks.o(i.xTaskGenericCreate)
    xTaskIncrementTick                       0x08004a65   Thumb Code   306  tasks.o(i.xTaskIncrementTick)
    xTaskResumeAll                           0x08004bc5   Thumb Code   198  tasks.o(i.xTaskResumeAll)
    GPIO_PIN                                 0x08004cac   Data           8  stm32f4_discovery.o(.constdata)
    BUTTON_PIN                               0x08004cb4   Data           2  stm32f4_discovery.o(.constdata)
    BUTTON_IRQn                              0x08004cb6   Data           1  stm32f4_discovery.o(.constdata)
    APBAHBPrescTable                         0x08004cb7   Data          16  stm32f4xx_hal_rcc.o(.constdata)
    Region$$Table$$Base                      0x08004d38   Number         0  anon$$obj.o(Region$$Table)
    Region$$Table$$Limit                     0x08004d58   Number         0  anon$$obj.o(Region$$Table)
    GPIO_PORT                                0x20000000   Data          16  stm32f4_discovery.o(.data)
    BUTTON_PORT                              0x20000010   Data           4  stm32f4_discovery.o(.data)
    I2cxTimeout                              0x20000014   Data           4  stm32f4_discovery.o(.data)
    SpixTimeout                              0x20000018   Data           4  stm32f4_discovery.o(.data)
    SystemCoreClock                          0x2000001c   Data           4  system_stm32f4xx.o(.data)
    AHBPrescTable                            0x20000020   Data          16  system_stm32f4xx.o(.data)
    UartTxReady                              0x20000034   Data           1  main.o(.data)
    UartRxReady                              0x20000035   Data           1  main.o(.data)
    flagTxCtrl                               0x20000036   Data           1  main.o(.data)
    flagPrintRxContent                       0x20000037   Data           1  main.o(.data)
    aTxBuffer                                0x20000038   Data          73  main.o(.data)
    aRxBuffer                                0x20000081   Data           8  main.o(.data)
    pxCurrentTCB                             0x2000008c   Data           4  tasks.o(.data)
    huart1                                   0x200000e4   Data          60  main.o(.bss)
    __initial_sp                             0x20004350   Data           0  startup_stm32f439xx.o(STACK)



==============================================================================

Memory Map of the image

  Image Entry point : 0x080001ad

  Load Region LR_IROM1 (Base: 0x08000000, Size: 0x00004e3c, Max: 0x00100000, ABSOLUTE)

    Execution Region ER_IROM1 (Base: 0x08000000, Size: 0x00004d58, Max: 0x00100000, ABSOLUTE)

    Base Addr    Size         Type   Attr      Idx    E Section Name        Object

    0x08000000   0x000001ac   Data   RO         7749    RESET               startup_stm32f439xx.o
    0x080001ac   0x00000000   Code   RO         8606  * .ARM.Collect$$$$00000000  mc_w.l(entry.o)
    0x080001ac   0x00000004   Code   RO         8637    .ARM.Collect$$$$00000001  mc_w.l(entry2.o)
    0x080001b0   0x00000004   Code   RO         8640    .ARM.Collect$$$$00000004  mc_w.l(entry5.o)
    0x080001b4   0x00000000   Code   RO         8642    .ARM.Collect$$$$00000008  mc_w.l(entry7b.o)
    0x080001b4   0x00000000   Code   RO         8644    .ARM.Collect$$$$0000000A  mc_w.l(entry8b.o)
    0x080001b4   0x00000008   Code   RO         8645    .ARM.Collect$$$$0000000B  mc_w.l(entry9a.o)
    0x080001bc   0x00000000   Code   RO         8647    .ARM.Collect$$$$0000000D  mc_w.l(entry10a.o)
    0x080001bc   0x00000000   Code   RO         8649    .ARM.Collect$$$$0000000F  mc_w.l(entry11a.o)
    0x080001bc   0x00000004   Code   RO         8638    .ARM.Collect$$$$00002712  mc_w.l(entry2.o)
    0x080001c0   0x000000ae   Code   RO         8477    .emb_text           port.o
    0x0800026e   0x00000002   PAD
    0x08000270   0x00000024   Code   RO         7750    .text               startup_stm32f439xx.o
    0x08000294   0x00000024   Code   RO         8611    .text               mc_w.l(memcpya.o)
    0x080002b8   0x00000024   Code   RO         8613    .text               mc_w.l(memseta.o)
    0x080002dc   0x0000001a   Code   RO         8615    .text               mc_w.l(memcmp.o)
    0x080002f6   0x00000002   PAD
    0x080002f8   0x00000024   Code   RO         8660    .text               mc_w.l(init.o)
    0x0800031c   0x00000074   Code   RO          246    i.BSP_LED_Init      stm32f4_discovery.o
    0x08000390   0x00000020   Code   RO          247    i.BSP_LED_Off       stm32f4_discovery.o
    0x080003b0   0x00000020   Code   RO          248    i.BSP_LED_On        stm32f4_discovery.o
    0x080003d0   0x00000004   Code   RO         7913    i.BusFault_Handler  stm32f4xx_it.o
    0x080003d4   0x00000010   Code   RO         7914    i.DMA2_Stream2_IRQHandler  stm32f4xx_it.o
    0x080003e4   0x00000010   Code   RO         7915    i.DMA2_Stream7_IRQHandler  stm32f4xx_it.o
    0x080003f4   0x00000020   Code   RO         2802    i.DMA_SetConfig     stm32f4xx_hal_dma.o
    0x08000414   0x00000002   Code   RO         7916    i.DebugMon_Handler  stm32f4xx_it.o
    0x08000416   0x00000004   Code   RO         7756    i.Error_Handler     main.o
    0x0800041a   0x00000002   PAD
    0x0800041c   0x00002638   Code   RO         2807    i.HAL_DMA_IRQHandler  stm32f4xx_hal_dma.o
    0x08002a54   0x0000007c   Code   RO         2808    i.HAL_DMA_Init      stm32f4xx_hal_dma.o
    0x08002ad0   0x0000008e   Code   RO         2811    i.HAL_DMA_Start_IT  stm32f4xx_hal_dma.o
    0x08002b5e   0x00000002   PAD
    0x08002b60   0x00000208   Code   RO         3358    i.HAL_GPIO_Init     stm32f4xx_hal_gpio.o
    0x08002d68   0x0000000a   Code   RO         3362    i.HAL_GPIO_WritePin  stm32f4xx_hal_gpio.o
    0x08002d72   0x00000002   PAD
    0x08002d74   0x0000000c   Code   RO         1235    i.HAL_GetTick       stm32f4xx_hal.o
    0x08002d80   0x0000003c   Code   RO         1237    i.HAL_Init          stm32f4xx_hal.o
    0x08002dbc   0x00000024   Code   RO         1238    i.HAL_InitTick      stm32f4xx_hal.o
    0x08002de0   0x00000002   Code   RO         7871    i.HAL_MspInit       stm32f4xx_hal_msp.o
    0x08002de2   0x0000001a   Code   RO         1769    i.HAL_NVIC_EnableIRQ  stm32f4xx_hal_cortex.o
    0x08002dfc   0x0000007c   Code   RO         1775    i.HAL_NVIC_SetPriority  stm32f4xx_hal_cortex.o
    0x08002e78   0x00000028   Code   RO         1776    i.HAL_NVIC_SetPriorityGrouping  stm32f4xx_hal_cortex.o
    0x08002ea0   0x00000254   Code   RO         4714    i.HAL_RCC_ClockConfig  stm32f4xx_hal_rcc.o
    0x080030f4   0x00000038   Code   RO         4719    i.HAL_RCC_GetHCLKFreq  stm32f4xx_hal_rcc.o
    0x0800312c   0x0000002c   Code   RO         4721    i.HAL_RCC_GetPCLK1Freq  stm32f4xx_hal_rcc.o
    0x08003158   0x0000002c   Code   RO         4722    i.HAL_RCC_GetPCLK2Freq  stm32f4xx_hal_rcc.o
    0x08003184   0x000000c4   Code   RO         4723    i.HAL_RCC_GetSysClockFreq  stm32f4xx_hal_rcc.o
    0x08003248   0x000003fc   Code   RO         4726    i.HAL_RCC_OscConfig  stm32f4xx_hal_rcc.o
    0x08003644   0x00000034   Code   RO         1780    i.HAL_SYSTICK_Config  stm32f4xx_hal_cortex.o
    0x08003678   0x00000002   Code   RO         6803    i.HAL_UART_ErrorCallback  stm32f4xx_hal_uart.o
    0x0800367a   0x0000006a   Code   RO         6807    i.HAL_UART_Init     stm32f4xx_hal_uart.o
    0x080036e4   0x0000012c   Code   RO         7873    i.HAL_UART_MspInit  stm32f4xx_hal_msp.o
    0x08003810   0x000000a0   Code   RO         6811    i.HAL_UART_Receive_DMA  stm32f4xx_hal_uart.o
    0x080038b0   0x0000000c   Code   RO         7757    i.HAL_UART_RxCpltCallback  main.o
    0x080038bc   0x00000002   Code   RO         6814    i.HAL_UART_RxHalfCpltCallback  stm32f4xx_hal_uart.o
    0x080038be   0x00000002   PAD
    0x080038c0   0x000000a4   Code   RO         6816    i.HAL_UART_Transmit_DMA  stm32f4xx_hal_uart.o
    0x08003964   0x0000000c   Code   RO         7758    i.HAL_UART_TxCpltCallback  main.o
    0x08003970   0x00000002   Code   RO         6819    i.HAL_UART_TxHalfCpltCallback  stm32f4xx_hal_uart.o
    0x08003972   0x00000004   Code   RO         7917    i.HardFault_Handler  stm32f4xx_it.o
    0x08003976   0x00000002   PAD
    0x08003978   0x00000014   Code   RO         7759    i.MX_GPIO_Init      main.o
    0x0800398c   0x0000003c   Code   RO         7760    i.MX_USART1_UART_Init  main.o
    0x080039c8   0x00000004   Code   RO         7918    i.MemManage_Handler  stm32f4xx_it.o
    0x080039cc   0x00000002   Code   RO         7919    i.NMI_Handler       stm32f4xx_it.o
    0x080039ce   0x00000002   PAD
    0x080039d0   0x00000010   Code   RO         1782    i.NVIC_GetPriorityGrouping  stm32f4xx_hal_cortex.o
    0x080039e0   0x00000014   Code   RO         7703    i.NVIC_PriorityGroupConfig  misc.o
    0x080039f4   0x00000028   Code   RO         1783    i.NVIC_SetPriority  stm32f4xx_hal_cortex.o
    0x08003a1c   0x00000020   Code   RO         7761    i.StartThread       main.o
    0x08003a3c   0x0000007c   Code   RO         7762    i.SystemClock_Config  main.o
    0x08003ab8   0x00000064   Code   RO          857    i.SystemInit        system_stm32f4xx.o
    0x08003b1c   0x00000024   Code   RO         6820    i.UART_DMAError     stm32f4xx_hal_uart.o
    0x08003b40   0x0000003e   Code   RO         6821    i.UART_DMAReceiveCplt  stm32f4xx_hal_uart.o
    0x08003b7e   0x0000000e   Code   RO         6822    i.UART_DMARxHalfCplt  stm32f4xx_hal_uart.o
    0x08003b8c   0x00000064   Code   RO         6823    i.UART_DMATransmitCplt  stm32f4xx_hal_uart.o
    0x08003bf0   0x0000000e   Code   RO         6824    i.UART_DMATxHalfCplt  stm32f4xx_hal_uart.o
    0x08003bfe   0x00000002   PAD
    0x08003c00   0x00000228   Code   RO         6826    i.UART_SetConfig    stm32f4xx_hal_uart.o
    0x08003e28   0x000000fa   Code   RO         6828    i.UART_WaitOnFlagUntilTimeout  stm32f4xx_hal_uart.o
    0x08003f22   0x0000001a   Code   RO         7984    i.USART_GetFlagStatus  debug_uart.o
    0x08003f3c   0x00000008   Code   RO         7985    i.USART_SendData    debug_uart.o
    0x08003f44   0x000000c4   Code   RO         7763    i.UartRxThread      main.o
    0x08004008   0x00000070   Code   RO         7764    i.UartTxThread      main.o
    0x08004078   0x00000004   Code   RO         7921    i.UsageFault_Handler  stm32f4xx_it.o
    0x0800407c   0x0000000e   Code   RO         8664    i.__scatterload_copy  mc_w.l(handlers.o)
    0x0800408a   0x00000002   Code   RO         8665    i.__scatterload_null  mc_w.l(handlers.o)
    0x0800408c   0x0000000e   Code   RO         8666    i.__scatterload_zeroinit  mc_w.l(handlers.o)
    0x0800409a   0x00000002   PAD
    0x0800409c   0x00000020   Code   RO         7986    i.debug_putchar     debug_uart.o
    0x080040bc   0x000000a4   Code   RO         7765    i.main              main.o
    0x08004160   0x0000000e   Code   RO          887    i.makeFreeRtosPriority  cmsis_os.o
    0x0800416e   0x00000018   Code   RO          888    i.osDelay           cmsis_os.o
    0x08004186   0x00000018   Code   RO          891    i.osKernelStart     cmsis_os.o
    0x0800419e   0x00000032   Code   RO          918    i.osThreadCreate    cmsis_os.o
    0x080041d0   0x00000054   Code   RO         8239    i.prvAddCurrentTaskToDelayedList  tasks.o
    0x08004224   0x0000003a   Code   RO         8240    i.prvAllocateTCBAndStack  tasks.o
    0x0800425e   0x00000002   PAD
    0x08004260   0x00000064   Code   RO         8241    i.prvCheckTasksWaitingTermination  tasks.o
    0x080042c4   0x00000012   Code   RO         8242    i.prvDeleteTCB      tasks.o
    0x080042d6   0x00000002   PAD
    0x080042d8   0x0000007c   Code   RO         8548    i.prvHeapInit       heap_4.o
    0x08004354   0x00000018   Code   RO         8243    i.prvIdleTask       tasks.o
    0x0800436c   0x00000056   Code   RO         8244    i.prvInitialiseTCBVariables  tasks.o
    0x080043c2   0x00000002   PAD
    0x080043c4   0x00000068   Code   RO         8245    i.prvInitialiseTaskLists  tasks.o
    0x0800442c   0x00000068   Code   RO         8549    i.prvInsertBlockIntoFreeList  heap_4.o
    0x08004494   0x00000010   Code   RO         7766    i.prvSetupHardware  main.o
    0x080044a4   0x00000024   Code   RO         8478    i.prvTaskExitError  port.o
    0x080044c8   0x000000b8   Code   RO         8550    i.pvPortMalloc      heap_4.o
    0x08004580   0x00000028   Code   RO         8479    i.pxPortInitialiseStack  port.o
    0x080045a8   0x00000028   Code   RO         8028    i.uxListRemove      list.o
    0x080045d0   0x0000001a   Code   RO         8029    i.vListInitialise   list.o
    0x080045ea   0x00000006   Code   RO         8030    i.vListInitialiseItem  list.o
    0x080045f0   0x00000034   Code   RO         8031    i.vListInsert       list.o
    0x08004624   0x00000018   Code   RO         8032    i.vListInsertEnd    list.o
    0x0800463c   0x00000020   Code   RO         8481    i.vPortEnterCritical  port.o
    0x0800465c   0x00000020   Code   RO         8482    i.vPortExitCritical  port.o
    0x0800467c   0x00000078   Code   RO         8551    i.vPortFree         heap_4.o
    0x080046f4   0x00000020   Code   RO         8483    i.vPortSetupTimerInterrupt  port.o
    0x08004714   0x00000018   Code   RO         8485    i.vPortYield        port.o
    0x0800472c   0x00000038   Code   RO         8252    i.vTaskDelay        tasks.o
    0x08004764   0x00000054   Code   RO         8263    i.vTaskStartScheduler  tasks.o
    0x080047b8   0x00000010   Code   RO         8265    i.vTaskSuspendAll   tasks.o
    0x080047c8   0x00000090   Code   RO         8266    i.vTaskSwitchContext  tasks.o
    0x08004858   0x000000b4   Code   RO         8486    i.xPortStartScheduler  port.o
    0x0800490c   0x00000020   Code   RO         8487    i.xPortSysTickHandler  port.o
    0x0800492c   0x00000138   Code   RO         8268    i.xTaskGenericCreate  tasks.o
    0x08004a64   0x00000160   Code   RO         8273    i.xTaskIncrementTick  tasks.o
    0x08004bc4   0x000000e8   Code   RO         8276    i.xTaskResumeAll    tasks.o
    0x08004cac   0x0000000b   Data   RO          262    .constdata          stm32f4_discovery.o
    0x08004cb7   0x00000010   Data   RO         4727    .constdata          stm32f4xx_hal_rcc.o
    0x08004cc7   0x00000001   PAD
    0x08004cc8   0x0000003c   Data   RO         7770    .constdata          main.o
    0x08004d04   0x00000033   Data   RO         7771    .conststring        main.o
    0x08004d37   0x00000001   PAD
    0x08004d38   0x00000020   Data   RO         8662    Region$$Table       anon$$obj.o


    Execution Region RW_IRAM1 (Base: 0x20000000, Size: 0x00004350, Max: 0x00030000, ABSOLUTE)

    Base Addr    Size         Type   Attr      Idx    E Section Name        Object

    0x20000000   0x0000001c   Data   RW          263    .data               stm32f4_discovery.o
    0x2000001c   0x00000014   Data   RW          858    .data               system_stm32f4xx.o
    0x20000030   0x00000004   Data   RW         1243    .data               stm32f4xx_hal.o
    0x20000034   0x00000055   Data   RW         7772    .data               main.o
    0x20000089   0x00000003   PAD
    0x2000008c   0x00000038   Data   RW         8279    .data               tasks.o
    0x200000c4   0x0000000c   Data   RW         8488    .data               port.o
    0x200000d0   0x00000014   Data   RW         8555    .data               heap_4.o
    0x200000e4   0x0000003c   Zero   RW         7769    .bss                main.o
    0x20000120   0x00000140   Zero   RW         7874    .bss                stm32f4xx_hal_msp.o
    0x20000260   0x000000f0   Zero   RW         8278    .bss                tasks.o
    0x20000350   0x00003c00   Zero   RW         8554    .bss                heap_4.o
    0x20003f50   0x00000400   Zero   RW         7747    STACK               startup_stm32f439xx.o


==============================================================================

Image component sizes


      Code (inc. data)   RO Data    RW Data    ZI Data      Debug   Object Name

       112          0          0          0          0      21455   cmsis_os.o
         0          0          0          0          0       4492   cs43l22.o
        66          4          0          0          0       2447   debug_uart.o
       532         56          0         20      15360       4615   heap_4.o
       148          0          0          0          0       5326   list.o
       752        110        111         85         60      10903   main.o
        20         10          0          0          0        631   misc.o
       582         78          0         12          0       6861   port.o
        36          8        428          0       1024        972   startup_stm32f439xx.o
       180         28         11         28          0     345054   stm32f4_discovery.o
       108         12          0          4          0       3248   stm32f4xx_hal.o
       298         22          0          0          0      31059   stm32f4xx_hal_cortex.o
     10082        110          0          0          0       8871   stm32f4xx_hal_dma.o
       530         54          0          0          0       3312   stm32f4xx_hal_gpio.o
       302         20          0          0        320       2206   stm32f4xx_hal_msp.o
      1956         70         16          0          0       6359   stm32f4xx_hal_rcc.o
      1464         34          0          0          0       9916   stm32f4xx_hal_uart.o
        52          8          0          0          0       3993   stm32f4xx_it.o
       100         18          0         20          0       1209   system_stm32f4xx.o
      1670        234          0         56        240      14360   tasks.o

    ----------------------------------------------------------------------
     19012        876        600        228      17004     487289   Object Totals
         0          0         32          0          0          0   (incl. Generated)
        22          0          2          3          0          0   (incl. Padding)

    ----------------------------------------------------------------------

      Code (inc. data)   RO Data    RW Data    ZI Data      Debug   Library Member Name

         0          0          0          0          0          0   entry.o
         0          0          0          0          0          0   entry10a.o
         0          0          0          0          0          0   entry11a.o
         8          4          0          0          0          0   entry2.o
         4          0          0          0          0          0   entry5.o
         0          0          0          0          0          0   entry7b.o
         0          0          0          0          0          0   entry8b.o
         8          4          0          0          0          0   entry9a.o
        30          0          0          0          0          0   handlers.o
        36          8          0          0          0         68   init.o
        26          0          0          0          0         80   memcmp.o
        36          0          0          0          0         68   memcpya.o
        36          0          0          0          0        108   memseta.o

    ----------------------------------------------------------------------
       188         16          0          0          0        324   Library Totals
         4          0          0          0          0          0   (incl. Padding)

    ----------------------------------------------------------------------

      Code (inc. data)   RO Data    RW Data    ZI Data      Debug   Library Name

       184         16          0          0          0        324   mc_w.l

    ----------------------------------------------------------------------
       188         16          0          0          0        324   Library Totals

    ----------------------------------------------------------------------

==============================================================================


      Code (inc. data)   RO Data    RW Data    ZI Data      Debug   

     19200        892        600        228      17004     478313   Grand Totals
     19200        892        600        228      17004     478313   ELF Image Totals
     19200        892        600        228          0          0   ROM Totals

==============================================================================

    Total RO  Size (Code + RO Data)                19800 (  19.34kB)
    Total RW  Size (RW Data + ZI Data)             17232 (  16.83kB)
    Total ROM Size (Code + RO Data + RW Data)      20028 (  19.56kB)

==============================================================================

