<html>
<body>
<pre>
<h1>µVision Build Log</h1>
<h2>Tool Versions:</h2>
IDE-Version: ¦ÌVision V5.12.0.0
Copyright (C) 2014 ARM Ltd and ARM Germany GmbH. All rights reserved.
License Information: - Microsoft, Microsoft, LIC=Q7GUH-W3TFP-ZEIH2-900A2-R17VF-DMPIF
 
Tool Versions:
Toolchain:       MDK-ARM Professional  Version: 5.12.0.0
Toolchain Path:  C:\Keil_v5\ARM\ARMCC\Bin
C Compiler:      Armcc.exe V5.05 (build 41)
Assembler:       Armasm.exe V5.05 (build 41)
Linker/Locator:  ArmLink.exe V5.05 (build 41)
Library Manager: ArmAr.exe V5.05 (build 41)
Hex Converter:   FromElf.exe V5.05 (build 41)
CPU DLL:         SARMCM3.DLL V5.12.0.0
Dialog DLL:      DCM.DLL V1.13.0.0
    Target DLL: STLink\ST-LINKIII-KEIL_SWO.dll
Dialog DLL:      TCM.DLL V1.14.2.0
 
<h2>Project:</h2>
Z:\Documents\Coding\STM32Cube_FW_F4_V1.3.0\Projects\STM32F4-Discovery\Templates\MDK-ARM\Project.uvprojx
Project File Date:  12/03/2014

<h2>Output:</h2>
Build target 'STM32F4-Discovery'
compiling main.c...
..\Src\main.c(504): warning:  #177-D: variable "aTxBuffer20Bytes" was declared but never referenced
        uint8_t aTxBuffer20Bytes[20];
..\Src\main.c(508): warning:  #550-D: variable "pTxBuffer" was set but never used
        uint8_t *pTxBuffer;
..\Src\main.c(551): warning:  #177-D: function "UartTxThread" was declared but never referenced
  static void UartTxThread(void const * argument)
..\Src\main.c(605): warning:  #177-D: function "UartRxThread" was declared but never referenced
  static void UartRxThread(void const * argument)
..\Src\main.c: 4 warnings, 0 errors
linking...
Program Size: Code=23196 RO-data=660 RW-data=1036 ZI-data=45884  
FromELF: creating hex file...
"STM32F4-Discovery\STM32F4-Discovery.axf" - 0 Error(s), 4 Warning(s).

<h2>Collection of Component include folders:</h2>
  Z:\Documents\Coding\STM32Cube_FW_F4_V1.3.0\Projects\STM32F4-Discovery\Templates\MDK-ARM\RTE
  C:\Keil_v5\ARM\PACK\Keil\STM32F4xx_DFP\1.0.8\Device\Include

<h2>Collection of Component Files used:</h2>
Load "STM32F4-Discovery\\STM32F4-Discovery.axf" 
Erase Done.
Programming Done.
Verify OK.
Application running ...
</pre>
</body>
</html>
