Component: ARM Compiler 5.05 (build 41) Tool: armlink [4d0eb9]

==============================================================================

Section Cross References

    afe4490.o(i.AFE44xx_DriveCurentOff) refers to afe4490.o(i.AFE44xx_Write) for AFE44xx_Write
    afe4490.o(i.AFE44xx_DriveCurentOn) refers to afe4490.o(i.AFE44xx_Write) for AFE44xx_Write
    afe4490.o(i.AFE44xx_Init) refers to afe4490.o(i.AFE44xx_gpio_init) for AFE44xx_gpio_init
    afe4490.o(i.AFE44xx_Init) refers to stm32f4xx_hal_gpio.o(i.HAL_GPIO_WritePin) for HAL_GPIO_WritePin
    afe4490.o(i.AFE44xx_Init) refers to afe4490.o(i.AFE44xx_spi_init) for AFE44xx_spi_init
    afe4490.o(i.AFE44xx_Init) refers to main.o(i.DelayMS) for DelayMS
    afe4490.o(i.AFE44xx_Init) refers to afe4490.o(i.AFE44xx_Write) for AFE44xx_Write
    afe4490.o(i.AFE44xx_Init) refers to afe4490.o(i.AFE44xx_Read) for AFE44xx_Read
    afe4490.o(i.AFE44xx_Init) refers to afe4490.o(.data) for AFE44xx_Diag
    afe4490.o(i.AFE44xx_Processor) refers to afe4490.o(i.WaveProcess) for WaveProcess
    afe4490.o(i.AFE44xx_Processor) refers to afe4490.o(i.heartRateDataProcess) for heartRateDataProcess
    afe4490.o(i.AFE44xx_Processor) refers to afe4490.o(.data) for index_Mem_in
    afe4490.o(i.AFE44xx_Processor) refers to afe4490.o(.bss) for Mem_IRVP
    afe4490.o(i.AFE44xx_Read) refers to stm32f4xx_hal_gpio.o(i.HAL_GPIO_WritePin) for HAL_GPIO_WritePin
    afe4490.o(i.AFE44xx_Read) refers to afe4490.o(i.Spi2WriteByte) for Spi2WriteByte
    afe4490.o(i.AFE44xx_ReadADC) refers to stm32f4xx_hal_gpio.o(i.HAL_GPIO_WritePin) for HAL_GPIO_WritePin
    afe4490.o(i.AFE44xx_ReadADC) refers to afe4490.o(i.Spi2WriteByte) for Spi2WriteByte
    afe4490.o(i.AFE44xx_RecData) refers to afe4490.o(i.AFE44xx_Write) for AFE44xx_Write
    afe4490.o(i.AFE44xx_RecData) refers to afe4490.o(i.AFE44xx_ReadADC) for AFE44xx_ReadADC
    afe4490.o(i.AFE44xx_RecData) refers to afe4490.o(.data) for gRDV0
    afe4490.o(i.AFE44xx_RecData) refers to afe4490.o(.bss) for AFE44xxInitialData
    afe4490.o(i.AFE44xx_Write) refers to stm32f4xx_hal_gpio.o(i.HAL_GPIO_WritePin) for HAL_GPIO_WritePin
    afe4490.o(i.AFE44xx_Write) refers to afe4490.o(i.Spi2WriteByte) for Spi2WriteByte
    afe4490.o(i.AFE44xx_gpio_init) refers to stm32f4xx_hal_gpio.o(i.HAL_GPIO_Init) for HAL_GPIO_Init
    afe4490.o(i.AFE44xx_spi_init) refers to stm32f4xx_hal_spi.o(i.HAL_SPI_Init) for HAL_SPI_Init
    afe4490.o(i.AFE44xx_spi_init) refers to stm32f4_tony.o(i.Error_Handler) for Error_Handler
    afe4490.o(i.WaveProcess) refers to afe4490.o(i.zjw_wavedec2) for zjw_wavedec2
    afe4490.o(i.WaveProcess) refers to afe4490.o(i.zjw_idwt) for zjw_idwt
    afe4490.o(i.WaveProcess) refers to afe4490.o(.bss) for C
    afe4490.o(i.WaveProcess) refers to afe4490.o(.data) for Hp_D
    afe4490.o(i.heartRateDataProcess) refers to afe4490.o(.constdata) for .constdata
    afe4490.o(i.heartRateDataProcess) refers to afe4490.o(.data) for mmaDataFilterPredata
    afe4490.o(i.heartRateDataProcess) refers to afe4490.o(.bss) for mmaDataFilterTemp
    afe4490.o(i.zjw_dwt2) refers to afe4490.o(i.zjw_conv) for zjw_conv
    afe4490.o(i.zjw_dwt2) refers to afe4490.o(.bss) for y
    afe4490.o(i.zjw_idwt) refers to afe4490.o(i.zjw_upsconv1) for zjw_upsconv1
    afe4490.o(i.zjw_idwt) refers to afe4490.o(.bss) for Tmp
    afe4490.o(i.zjw_idwt) refers to afe4490.o(.data) for Lp_R
    afe4490.o(i.zjw_upsconv1) refers to afe4490.o(i.zjw_conv) for zjw_conv
    afe4490.o(i.zjw_upsconv1) refers to afe4490.o(.bss) for y_l
    afe4490.o(i.zjw_wavedec2) refers to afe4490.o(i.zjw_dwt2) for zjw_dwt2
    afe4490.o(i.zjw_wavedec2) refers to afe4490.o(.data) for L
    afe4490.o(i.zjw_wavedec2) refers to afe4490.o(.bss) for output_cd
    ble_nus51422.o(i.HAL_UART_RxCpltCallback) refers to ble_nus51422.o(.data) for UartRxReady
    ble_nus51422.o(i.HAL_UART_TxCpltCallback) refers to ble_nus51422.o(.data) for UartTxReady
    ble_nus51422.o(i.MX_USART1_UART_Init) refers to stm32f4xx_hal_uart.o(i.HAL_UART_Init) for HAL_UART_Init
    ble_nus51422.o(i.MX_USART1_UART_Init) refers to stm32f4_tony.o(i.Error_Handler) for Error_Handler
    ble_nus51422.o(i.MX_USART1_UART_Init) refers to ble_nus51422.o(.bss) for huart1
    ble_nus51422.o(i.SendDataThread) refers to ble_nus51422.o(i.UartSendBySeg) for UartSendBySeg
    ble_nus51422.o(i.SendDataThread) refers to ble_nus51422.o(.data) for aTxBuffer
    ble_nus51422.o(i.TxSampleSend) refers to cmsis_os.o(i.osDelay) for osDelay
    ble_nus51422.o(i.TxSampleSend) refers to stm32f4xx_hal_uart.o(i.HAL_UART_Transmit_DMA) for HAL_UART_Transmit_DMA
    ble_nus51422.o(i.TxSampleSend) refers to ble_nus51422.o(.bss) for huart1
    ble_nus51422.o(i.TxSampleSend) refers to ble_nus51422.o(.data) for UartTxReady
    ble_nus51422.o(i.UART_printf) refers to stm32f4xx_hal_uart.o(i.HAL_UART_Transmit_DMA) for HAL_UART_Transmit_DMA
[...]
    ..\\..\\..\\..\\Drivers\\STM32F4xx_HAL_Driver\\Src\\stm32f4xx_hal_flash_ex.c 0x00000000   Number         0  stm32f4xx_hal_flash_ex.o ABSOLUTE
    ..\\..\\..\\..\\Drivers\\STM32F4xx_HAL_Driver\\Src\\stm32f4xx_hal_gpio.c 0x00000000   Number         0  stm32f4xx_hal_gpio.o ABSOLUTE
    ..\\..\\..\\..\\Drivers\\STM32F4xx_HAL_Driver\\Src\\stm32f4xx_hal_hcd.c 0x00000000   Number         0  stm32f4xx_hal_hcd.o ABSOLUTE
    ..\\..\\..\\..\\Drivers\\STM32F4xx_HAL_Driver\\Src\\stm32f4xx_hal_i2c.c 0x00000000   Number         0  stm32f4xx_hal_i2c.o ABSOLUTE
    ..\\..\\..\\..\\Drivers\\STM32F4xx_HAL_Driver\\Src\\stm32f4xx_hal_i2s.c 0x00000000   Number         0  stm32f4xx_hal_i2s.o ABSOLUTE
    ..\\..\\..\\..\\Drivers\\STM32F4xx_HAL_Driver\\Src\\stm32f4xx_hal_i2s_ex.c 0x00000000   Number         0  stm32f4xx_hal_i2s_ex.o ABSOLUTE
    ..\\..\\..\\..\\Drivers\\STM32F4xx_HAL_Driver\\Src\\stm32f4xx_hal_irda.c 0x00000000   Number         0  stm32f4xx_hal_irda.o ABSOLUTE
    ..\\..\\..\\..\\Drivers\\STM32F4xx_HAL_Driver\\Src\\stm32f4xx_hal_iwdg.c 0x00000000   Number         0  stm32f4xx_hal_iwdg.o ABSOLUTE
    ..\\..\\..\\..\\Drivers\\STM32F4xx_HAL_Driver\\Src\\stm32f4xx_hal_nand.c 0x00000000   Number         0  stm32f4xx_hal_nand.o ABSOLUTE
    ..\\..\\..\\..\\Drivers\\STM32F4xx_HAL_Driver\\Src\\stm32f4xx_hal_nor.c 0x00000000   Number         0  stm32f4xx_hal_nor.o ABSOLUTE
    ..\\..\\..\\..\\Drivers\\STM32F4xx_HAL_Driver\\Src\\stm32f4xx_hal_pccard.c 0x00000000   Number         0  stm32f4xx_hal_pccard.o ABSOLUTE
    ..\\..\\..\\..\\Drivers\\STM32F4xx_HAL_Driver\\Src\\stm32f4xx_hal_pcd.c 0x00000000   Number         0  stm32f4xx_hal_pcd.o ABSOLUTE
    ..\\..\\..\\..\\Drivers\\STM32F4xx_HAL_Driver\\Src\\stm32f4xx_hal_pwr.c 0x00000000   Number         0  stm32f4xx_hal_pwr.o ABSOLUTE
    ..\\..\\..\\..\\Drivers\\STM32F4xx_HAL_Driver\\Src\\stm32f4xx_hal_rcc.c 0x00000000   Number         0  stm32f4xx_hal_rcc.o ABSOLUTE
    ..\\..\\..\\..\\Drivers\\STM32F4xx_HAL_Driver\\Src\\stm32f4xx_hal_rcc_ex.c 0x00000000   Number         0  stm32f4xx_hal_rcc_ex.o ABSOLUTE
    ..\\..\\..\\..\\Drivers\\STM32F4xx_HAL_Driver\\Src\\stm32f4xx_hal_rng.c 0x00000000   Number         0  stm32f4xx_hal_rng.o ABSOLUTE
    ..\\..\\..\\..\\Drivers\\STM32F4xx_HAL_Driver\\Src\\stm32f4xx_hal_rtc.c 0x00000000   Number         0  stm32f4xx_hal_rtc.o ABSOLUTE
    ..\\..\\..\\..\\Drivers\\STM32F4xx_HAL_Driver\\Src\\stm32f4xx_hal_rtc_ex.c 0x00000000   Number         0  stm32f4xx_hal_rtc_ex.o ABSOLUTE
    ..\\..\\..\\..\\Drivers\\STM32F4xx_HAL_Driver\\Src\\stm32f4xx_hal_sd.c 0x00000000   Number         0  stm32f4xx_hal_sd.o ABSOLUTE
    ..\\..\\..\\..\\Drivers\\STM32F4xx_HAL_Driver\\Src\\stm32f4xx_hal_smartcard.c 0x00000000   Number         0  stm32f4xx_hal_smartcard.o ABSOLUTE
    ..\\..\\..\\..\\Drivers\\STM32F4xx_HAL_Driver\\Src\\stm32f4xx_hal_spi.c 0x00000000   Number         0  stm32f4xx_hal_spi.o ABSOLUTE
    ..\\..\\..\\..\\Drivers\\STM32F4xx_HAL_Driver\\Src\\stm32f4xx_hal_sram.c 0x00000000   Number         0  stm32f4xx_hal_sram.o ABSOLUTE
    ..\\..\\..\\..\\Drivers\\STM32F4xx_HAL_Driver\\Src\\stm32f4xx_hal_tim.c 0x00000000   Number         0  stm32f4xx_hal_tim.o ABSOLUTE
    ..\\..\\..\\..\\Drivers\\STM32F4xx_HAL_Driver\\Src\\stm32f4xx_hal_tim_ex.c 0x00000000   Number         0  stm32f4xx_hal_tim_ex.o ABSOLUTE
    ..\\..\\..\\..\\Drivers\\STM32F4xx_HAL_Driver\\Src\\stm32f4xx_hal_uart.c 0x00000000   Number         0  stm32f4xx_hal_uart.o ABSOLUTE
    ..\\..\\..\\..\\Drivers\\STM32F4xx_HAL_Driver\\Src\\stm32f4xx_hal_usart.c 0x00000000   Number         0  stm32f4xx_hal_usart.o ABSOLUTE
    ..\\..\\..\\..\\Drivers\\STM32F4xx_HAL_Driver\\Src\\stm32f4xx_hal_wwdg.c 0x00000000   Number         0  stm32f4xx_hal_wwdg.o ABSOLUTE
    ..\\..\\..\\..\\Drivers\\STM32F4xx_HAL_Driver\\Src\\stm32f4xx_ll_fsmc.c 0x00000000   Number         0  stm32f4xx_ll_fsmc.o ABSOLUTE
    ..\\..\\..\\..\\Drivers\\STM32F4xx_HAL_Driver\\Src\\stm32f4xx_ll_sdmmc.c 0x00000000   Number         0  stm32f4xx_ll_sdmmc.o ABSOLUTE
    ..\\..\\..\\..\\Drivers\\STM32F4xx_HAL_Driver\\Src\\stm32f4xx_ll_usb.c 0x00000000   Number         0  stm32f4xx_ll_usb.o ABSOLUTE
    ..\\..\\..\\..\\Drivers\\STM32F4xx_StdPeriph_Driver\\src\\misc.c 0x00000000   Number         0  misc.o ABSOLUTE
    ..\\..\\..\\..\\Middlewares\\Third_Party\\FreeRTOS\\Source\\portable\\RVDS\\ARM_CM4F\\port.c 0x00000000   Number         0  port.o ABSOLUTE
    ..\\Src\\main.c                          0x00000000   Number         0  main.o ABSOLUTE
    ..\\Src\\stm32f4xx_hal_msp.c             0x00000000   Number         0  stm32f4xx_hal_msp.o ABSOLUTE
    ..\\Src\\stm32f4xx_it.c                  0x00000000   Number         0  stm32f4xx_it.o ABSOLUTE
    ..\\Src\\system_stm32f4xx.c              0x00000000   Number         0  system_stm32f4xx.o ABSOLUTE
    dc.s                                     0x00000000   Number         0  dc.o ABSOLUTE
    handlers.s                               0x00000000   Number         0  handlers.o ABSOLUTE
    init.s                                   0x00000000   Number         0  init.o ABSOLUTE
    RESET                                    0x08000000   Section      428  startup_stm32f439xx.o(RESET)
    .ARM.Collect$$$$00000000                 0x080001ac   Section        0  entry.o(.ARM.Collect$$$$00000000)
    .ARM.Collect$$$$00000001                 0x080001ac   Section        4  entry2.o(.ARM.Collect$$$$00000001)
    .ARM.Collect$$$$00000004                 0x080001b0   Section        4  entry5.o(.ARM.Collect$$$$00000004)
    .ARM.Collect$$$$00000008                 0x080001b4   Section        0  entry7b.o(.ARM.Collect$$$$00000008)
    .ARM.Collect$$$$0000000A                 0x080001b4   Section        0  entry8b.o(.ARM.Collect$$$$0000000A)
    .ARM.Collect$$$$0000000B                 0x080001b4   Section        8  entry9a.o(.ARM.Collect$$$$0000000B)
    .ARM.Collect$$$$0000000D                 0x080001bc   Section        0  entry10a.o(.ARM.Collect$$$$0000000D)
    .ARM.Collect$$$$0000000F                 0x080001bc   Section        0  entry11a.o(.ARM.Collect$$$$0000000F)
    .ARM.Collect$$$$00002712                 0x080001bc   Section        4  entry2.o(.ARM.Collect$$$$00002712)
    __lit__00000000                          0x080001bc   Data           4  entry2.o(.ARM.Collect$$$$00002712)
    .emb_text                                0x080001c0   Section      174  port.o(.emb_text)
    $v0                                      0x080001c0   Number         0  port.o(.emb_text)
    .text                                    0x08000270   Section       36  startup_stm32f439xx.o(.text)
    $v0                                      0x08000270   Number         0  startup_stm32f439xx.o(.text)
    .text                                    0x08000294   Section        0  memcpya.o(.text)
    .text                                    0x080002b8   Section        0  memseta.o(.text)
    .text                                    0x080002dc   Section       36  init.o(.text)
    .text                                    0x08000300   Section        0  __dczerorl2.o(.text)
    i.AFE44xxInterrupt_Enable                0x08000356   Section        0  main.o(i.AFE44xxInterrupt_Enable)
    AFE44xxInterrupt_Enable                  0x08000357   Thumb Code    10  main.o(i.AFE44xxInterrupt_Enable)
    i.AFE44xxInterrupt_Init                  0x08000360   Section        0  main.o(i.AFE44xxInterrupt_Init)
    AFE44xxInterrupt_Init                    0x08000361   Thumb Code    14  main.o(i.AFE44xxInterrupt_Init)
    i.AFE44xx_Init                           0x08000370   Section        0  afe4490.o(i.AFE44xx_Init)
    i.AFE44xx_Read                           0x0800052c   Section        0  afe4490.o(i.AFE44xx_Read)
    i.AFE44xx_ReadADC                        0x08000570   Section        0  afe4490.o(i.AFE44xx_ReadADC)
    i.AFE44xx_RecData                        0x080005e8   Section        0  afe4490.o(i.AFE44xx_RecData)
    i.AFE44xx_Write                          0x08000718   Section        0  afe4490.o(i.AFE44xx_Write)
    i.AFE44xx_gpio_init                      0x08000758   Section        0  afe4490.o(i.AFE44xx_gpio_init)
    AFE44xx_gpio_init                        0x08000759   Thumb Code   348  afe4490.o(i.AFE44xx_gpio_init)
    i.AFE44xx_spi_init                       0x080008d0   Section        0  afe4490.o(i.AFE44xx_spi_init)
    AFE44xx_spi_init                         0x080008d1   Thumb Code    86  afe4490.o(i.AFE44xx_spi_init)
    i.BSP_LED_Init                           0x08000930   Section        0  stm32f4_tony.o(i.BSP_LED_Init)
    i.BSP_LED_Off                            0x080009a4   Section        0  stm32f4_tony.o(i.BSP_LED_Off)
    i.BSP_LED_On                             0x080009c4   Section        0  stm32f4_tony.o(i.BSP_LED_On)
    i.BusFault_Handler                       0x080009e4   Section        0  stm32f4xx_it.o(i.BusFault_Handler)
    i.DMA2_Stream2_IRQHandler                0x080009e8   Section        0  stm32f4xx_it.o(i.DMA2_Stream2_IRQHandler)
    i.DMA2_Stream7_IRQHandler                0x080009f8   Section        0  stm32f4xx_it.o(i.DMA2_Stream7_IRQHandler)
    i.DMA_SetConfig                          0x08000a08   Section        0  stm32f4xx_hal_dma.o(i.DMA_SetConfig)
    DMA_SetConfig                            0x08000a09   Thumb Code    32  stm32f4xx_hal_dma.o(i.DMA_SetConfig)
    i.DebugMon_Handler                       0x08000a28   Section        0  stm32f4xx_it.o(i.DebugMon_Handler)
    i.DelayMS                                0x08000a2a   Section        0  main.o(i.DelayMS)
    i.EXTI4_IRQHandler                       0x08000a54   Section        0  main.o(i.EXTI4_IRQHandler)
    i.Error_Handler                          0x08000a88   Section        0  stm32f4_tony.o(i.Error_Handler)
    i.Error_Handler                          0x08000a8c   Section        0  main.o(i.Error_Handler)
    Error_Handler                            0x08000a8d   Thumb Code     4  main.o(i.Error_Handler)
    i.HAL_DMA_IRQHandler                     0x08000a90   Section        0  stm32f4xx_hal_dma.o(i.HAL_DMA_IRQHandler)
    i.HAL_DMA_Init                           0x080030c8   Section        0  stm32f4xx_hal_dma.o(i.HAL_DMA_Init)
    i.HAL_DMA_Start_IT                       0x08003144   Section        0  stm32f4xx_hal_dma.o(i.HAL_DMA_Start_IT)
    i.HAL_GPIO_EXTI_Callback                 0x080031d2   Section        0  stm32f4xx_hal_gpio.o(i.HAL_GPIO_EXTI_Callback)
    i.HAL_GPIO_EXTI_IRQHandler               0x080031d4   Section        0  stm32f4xx_hal_gpio.o(i.HAL_GPIO_EXTI_IRQHandler)
    i.HAL_GPIO_Init                          0x080031f0   Section        0  stm32f4xx_hal_gpio.o(i.HAL_GPIO_Init)
    i.HAL_GPIO_WritePin                      0x080033f8   Section        0  stm32f4xx_hal_gpio.o(i.HAL_GPIO_WritePin)
    i.HAL_GetTick                            0x08003404   Section        0  stm32f4xx_hal.o(i.HAL_GetTick)
    i.HAL_Init                               0x08003410   Section        0  stm32f4xx_hal.o(i.HAL_Init)
    i.HAL_InitTick                           0x0800344c   Section        0  stm32f4xx_hal.o(i.HAL_InitTick)
    i.HAL_MspInit                            0x08003470   Section        0  stm32f4xx_hal_msp.o(i.HAL_MspInit)
    i.HAL_NVIC_EnableIRQ                     0x08003472   Section        0  stm32f4xx_hal_cortex.o(i.HAL_NVIC_EnableIRQ)
    i.HAL_NVIC_SetPriority                   0x0800348c   Section        0  stm32f4xx_hal_cortex.o(i.HAL_NVIC_SetPriority)
    i.HAL_NVIC_SetPriorityGrouping           0x08003508   Section        0  stm32f4xx_hal_cortex.o(i.HAL_NVIC_SetPriorityGrouping)
    i.HAL_RCC_ClockConfig                    0x08003530   Section        0  stm32f4xx_hal_rcc.o(i.HAL_RCC_ClockConfig)
    i.HAL_RCC_GetHCLKFreq                    0x08003784   Section        0  stm32f4xx_hal_rcc.o(i.HAL_RCC_GetHCLKFreq)
    i.HAL_RCC_GetPCLK1Freq                   0x080037bc   Section        0  stm32f4xx_hal_rcc.o(i.HAL_RCC_GetPCLK1Freq)
    i.HAL_RCC_GetPCLK2Freq                   0x080037e8   Section        0  stm32f4xx_hal_rcc.o(i.HAL_RCC_GetPCLK2Freq)
    i.HAL_RCC_GetSysClockFreq                0x08003814   Section        0  stm32f4xx_hal_rcc.o(i.HAL_RCC_GetSysClockFreq)
    i.HAL_RCC_OscConfig                      0x080038d8   Section        0  stm32f4xx_hal_rcc.o(i.HAL_RCC_OscConfig)
    i.HAL_SPI_Init                           0x08003cd4   Section        0  stm32f4xx_hal_spi.o(i.HAL_SPI_Init)
    i.HAL_SPI_MspInit                        0x08003d58   Section        0  stm32f4xx_hal_spi.o(i.HAL_SPI_MspInit)
    i.HAL_SYSTICK_Config                     0x08003d5a   Section        0  stm32f4xx_hal_cortex.o(i.HAL_SYSTICK_Config)
    i.HAL_UART_ErrorCallback                 0x08003d8e   Section        0  stm32f4xx_hal_uart.o(i.HAL_UART_ErrorCallback)
    i.HAL_UART_Init                          0x08003d90   Section        0  stm32f4xx_hal_uart.o(i.HAL_UART_Init)
    i.HAL_UART_MspInit                       0x08003dfc   Section        0  stm32f4xx_hal_msp.o(i.HAL_UART_MspInit)
    i.HAL_UART_Transmit_DMA                  0x08003f28   Section        0  stm32f4xx_hal_uart.o(i.HAL_UART_Transmit_DMA)
    i.HAL_UART_TxCpltCallback                0x08003fcc   Section        0  ble_nus51422.o(i.HAL_UART_TxCpltCallback)
    i.HAL_UART_TxHalfCpltCallback            0x08003fd8   Section        0  stm32f4xx_hal_uart.o(i.HAL_UART_TxHalfCpltCallback)
    i.HardFault_Handler                      0x08003fda   Section        0  stm32f4xx_it.o(i.HardFault_Handler)
    i.MX_GPIO_Init                           0x08003fe0   Section        0  main.o(i.MX_GPIO_Init)
    i.MX_USART1_UART_Init                    0x08003ff4   Section        0  ble_nus51422.o(i.MX_USART1_UART_Init)
    i.MemManage_Handler                      0x08004030   Section        0  stm32f4xx_it.o(i.MemManage_Handler)
    i.NMI_Handler                            0x08004034   Section        0  stm32f4xx_it.o(i.NMI_Handler)
    i.NVIC_GetPriorityGrouping               0x08004038   Section        0  stm32f4xx_hal_cortex.o(i.NVIC_GetPriorityGrouping)
    NVIC_GetPriorityGrouping                 0x08004039   Thumb Code    10  stm32f4xx_hal_cortex.o(i.NVIC_GetPriorityGrouping)
    i.NVIC_PriorityGroupConfig               0x08004048   Section        0  misc.o(i.NVIC_PriorityGroupConfig)
    i.NVIC_SetPriority                       0x0800405c   Section        0  stm32f4xx_hal_cortex.o(i.NVIC_SetPriority)
    NVIC_SetPriority                         0x0800405d   Thumb Code    32  stm32f4xx_hal_cortex.o(i.NVIC_SetPriority)
    i.QueueInit                              0x08004084   Section        0  app_fifo.o(i.QueueInit)
    i.Spi2WriteByte                          0x080040a8   Section        0  afe4490.o(i.Spi2WriteByte)
    i.StartThread                            0x080040dc   Section        0  main.o(i.StartThread)
    StartThread                              0x080040dd   Thumb Code    32  main.o(i.StartThread)
    i.SystemClock_Config                     0x080040fc   Section        0  main.o(i.SystemClock_Config)
    SystemClock_Config                       0x080040fd   Thumb Code   114  main.o(i.SystemClock_Config)
    i.SystemInit                             0x08004178   Section        0  system_stm32f4xx.o(i.SystemInit)
    i.UART_DMAError                          0x080041dc   Section        0  stm32f4xx_hal_uart.o(i.UART_DMAError)
    UART_DMAError                            0x080041dd   Thumb Code    36  stm32f4xx_hal_uart.o(i.UART_DMAError)
    i.UART_DMATransmitCplt                   0x08004200   Section        0  stm32f4xx_hal_uart.o(i.UART_DMATransmitCplt)
    UART_DMATransmitCplt                     0x08004201   Thumb Code   100  stm32f4xx_hal_uart.o(i.UART_DMATransmitCplt)
    i.UART_DMATxHalfCplt                     0x08004264   Section        0  stm32f4xx_hal_uart.o(i.UART_DMATxHalfCplt)
    UART_DMATxHalfCplt                       0x08004265   Thumb Code    14  stm32f4xx_hal_uart.o(i.UART_DMATxHalfCplt)
    i.UART_SetConfig                         0x08004274   Section        0  stm32f4xx_hal_uart.o(i.UART_SetConfig)
    UART_SetConfig                           0x08004275   Thumb Code   544  stm32f4xx_hal_uart.o(i.UART_SetConfig)
    i.UART_WaitOnFlagUntilTimeout            0x0800449c   Section        0  stm32f4xx_hal_uart.o(i.UART_WaitOnFlagUntilTimeout)
    UART_WaitOnFlagUntilTimeout              0x0800449d   Thumb Code   250  stm32f4xx_hal_uart.o(i.UART_WaitOnFlagUntilTimeout)
    i.UsageFault_Handler                     0x08004596   Section        0  stm32f4xx_it.o(i.UsageFault_Handler)
    i.__scatterload_copy                     0x0800459a   Section       14  handlers.o(i.__scatterload_copy)
    i.__scatterload_null                     0x080045a8   Section        2  handlers.o(i.__scatterload_null)
    i.__scatterload_zeroinit                 0x080045aa   Section       14  handlers.o(i.__scatterload_zeroinit)
    i.app_fifo_get                           0x080045b8   Section        0  app_fifo.o(i.app_fifo_get)
    i.app_fifo_init                          0x080045dc   Section        0  app_fifo.o(i.app_fifo_init)
    i.app_fifo_length                        0x08004600   Section        0  app_fifo.o(i.app_fifo_length)
    i.app_fifo_put                           0x0800460c   Section        0  app_fifo.o(i.app_fifo_put)
    i.inHandlerMode                          0x08004632   Section        0  cmsis_os.o(i.inHandlerMode)
    inHandlerMode                            0x08004633   Thumb Code    16  cmsis_os.o(i.inHandlerMode)
    i.initHeartRateDataType                  0x08004644   Section        0  main.o(i.initHeartRateDataType)
    i.main                                   0x0800470c   Section        0  main.o(i.main)
    i.makeFreeRtosPriority                   0x08004834   Section        0  cmsis_os.o(i.makeFreeRtosPriority)
    makeFreeRtosPriority                     0x08004835   Thumb Code    14  cmsis_os.o(i.makeFreeRtosPriority)
    i.malloc                                 0x08004844   Section        0  malloc.o(i.malloc)
    i.osDelay                                0x080048b0   Section        0  cmsis_os.o(i.osDelay)
    i.osKernelStart                          0x080048c8   Section        0  cmsis_os.o(i.osKernelStart)
    i.osMessageCreate                        0x080048e0   Section        0  cmsis_os.o(i.osMessageCreate)
    i.osMessagePut                           0x080048f4   Section        0  cmsis_os.o(i.osMessagePut)
    i.osMutexCreate                          0x0800494c   Section        0  cmsis_os.o(i.osMutexCreate)
    i.osMutexRelease                         0x08004958   Section        0  cmsis_os.o(i.osMutexRelease)
    i.osMutexWait                            0x0800497e   Section        0  cmsis_os.o(i.osMutexWait)
    i.osThreadCreate                         0x080049be   Section        0  cmsis_os.o(i.osThreadCreate)
    i.packageHRD                             0x080049f0   Section        0  ble_nus51422.o(i.packageHRD)
    i.prvAddCurrentTaskToDelayedList         0x08004a2c   Section        0  tasks.o(i.prvAddCurrentTaskToDelayedList)
    prvAddCurrentTaskToDelayedList           0x08004a2d   Thumb Code    62  tasks.o(i.prvAddCurrentTaskToDelayedList)
    i.prvAllocateTCBAndStack                 0x08004a80   Section        0  tasks.o(i.prvAllocateTCBAndStack)
    prvAllocateTCBAndStack                   0x08004a81   Thumb Code    58  tasks.o(i.prvAllocateTCBAndStack)
    i.prvCheckTasksWaitingTermination        0x08004abc   Section        0  tasks.o(i.prvCheckTasksWaitingTermination)
    prvCheckTasksWaitingTermination          0x08004abd   Thumb Code    86  tasks.o(i.prvCheckTasksWaitingTermination)
    i.prvCopyDataFromQueue                   0x08004b20   Section        0  queue.o(i.prvCopyDataFromQueue)
    prvCopyDataFromQueue                     0x08004b21   Thumb Code    42  queue.o(i.prvCopyDataFromQueue)
    i.prvCopyDataToQueue                     0x08004b4a   Section        0  queue.o(i.prvCopyDataToQueue)
    prvCopyDataToQueue                       0x08004b4b   Thumb Code   118  queue.o(i.prvCopyDataToQueue)
    i.prvDeleteTCB                           0x08004bc0   Section        0  tasks.o(i.prvDeleteTCB)
    prvDeleteTCB                             0x08004bc1   Thumb Code    18  tasks.o(i.prvDeleteTCB)
    i.prvHeapInit                            0x08004bd4   Section        0  heap_4.o(i.prvHeapInit)
    prvHeapInit                              0x08004bd5   Thumb Code   102  heap_4.o(i.prvHeapInit)
    i.prvIdleTask                            0x08004c50   Section        0  tasks.o(i.prvIdleTask)
    prvIdleTask                              0x08004c51   Thumb Code    20  tasks.o(i.prvIdleTask)
    i.prvInitialiseTCBVariables              0x08004c68   Section        0  tasks.o(i.prvInitialiseTCBVariables)
    prvInitialiseTCBVariables                0x08004c69   Thumb Code    86  tasks.o(i.prvInitialiseTCBVariables)
    i.prvInitialiseTaskLists                 0x08004cc0   Section        0  tasks.o(i.prvInitialiseTaskLists)
    prvInitialiseTaskLists                   0x08004cc1   Thumb Code    70  tasks.o(i.prvInitialiseTaskLists)
    i.prvInsertBlockIntoFreeList             0x08004d28   Section        0  heap_4.o(i.prvInsertBlockIntoFreeList)
    prvInsertBlockIntoFreeList               0x08004d29   Thumb Code    96  heap_4.o(i.prvInsertBlockIntoFreeList)
    i.prvIsQueueEmpty                        0x08004d90   Section        0  queue.o(i.prvIsQueueEmpty)
    prvIsQueueEmpty                          0x08004d91   Thumb Code    26  queue.o(i.prvIsQueueEmpty)
    i.prvIsQueueFull                         0x08004daa   Section        0  queue.o(i.prvIsQueueFull)
    prvIsQueueFull                           0x08004dab   Thumb Code    30  queue.o(i.prvIsQueueFull)
    i.prvSetupHardware                       0x08004dc8   Section        0  main.o(i.prvSetupHardware)
    prvSetupHardware                         0x08004dc9   Thumb Code    16  main.o(i.prvSetupHardware)
    i.prvTaskExitError                       0x08004dd8   Section        0  port.o(i.prvTaskExitError)
    prvTaskExitError                         0x08004dd9   Thumb Code    32  port.o(i.prvTaskExitError)
    i.prvUnlockQueue                         0x08004dfc   Section        0  queue.o(i.prvUnlockQueue)
    prvUnlockQueue                           0x08004dfd   Thumb Code   126  queue.o(i.prvUnlockQueue)
    i.pvPortMalloc                           0x08004e7c   Section        0  heap_4.o(i.pvPortMalloc)
    i.pxPortInitialiseStack                  0x08004f34   Section        0  port.o(i.pxPortInitialiseStack)
    i.upQueueReadThread                      0x08004f5c   Section        0  ble_nus51422.o(i.upQueueReadThread)
    i.upQueueWriteThread                     0x08004fec   Section        0  ble_nus51422.o(i.upQueueWriteThread)
    i.uxListRemove                           0x08005078   Section        0  list.o(i.uxListRemove)
    i.vHandlerAFE44xxITTASK                  0x080050a0   Section        0  main.o(i.vHandlerAFE44xxITTASK)
    i.vListInitialise                        0x080050ec   Section        0  list.o(i.vListInitialise)
    i.vListInitialiseItem                    0x08005106   Section        0  list.o(i.vListInitialiseItem)
    i.vListInsert                            0x0800510c   Section        0  list.o(i.vListInsert)
    i.vListInsertEnd                         0x08005140   Section        0  list.o(i.vListInsertEnd)
    i.vPortEnterCritical                     0x08005158   Section        0  port.o(i.vPortEnterCritical)
    i.vPortExitCritical                      0x08005178   Section        0  port.o(i.vPortExitCritical)
    i.vPortFree                              0x08005198   Section        0  heap_4.o(i.vPortFree)
    i.vPortSetupTimerInterrupt               0x08005210   Section        0  port.o(i.vPortSetupTimerInterrupt)
    i.vPortValidateInterruptPriority         0x08005230   Section        0  port.o(i.vPortValidateInterruptPriority)
    i.vPortYield                             0x0800528c   Section        0  port.o(i.vPortYield)
    i.vTask1a                                0x080052a4   Section        0  main.o(i.vTask1a)
    i.vTask2a                                0x080052bc   Section        0  main.o(i.vTask2a)
    i.vTask3a                                0x080052fc   Section        0  main.o(i.vTask3a)
    i.vTaskDelay                             0x08005328   Section        0  tasks.o(i.vTaskDelay)
    i.vTaskMissedYield                       0x08005360   Section        0  tasks.o(i.vTaskMissedYield)
    i.vTaskPlaceOnEventList                  0x0800536c   Section        0  tasks.o(i.vTaskPlaceOnEventList)
    i.vTaskPriorityDisinherit                0x080053c0   Section        0  tasks.o(i.vTaskPriorityDisinherit)
    i.vTaskPriorityInherit                   0x08005410   Section        0  tasks.o(i.vTaskPriorityInherit)
    i.vTaskSetTimeOutState                   0x08005494   Section        0  tasks.o(i.vTaskSetTimeOutState)
    i.vTaskStartScheduler                    0x080054b8   Section        0  tasks.o(i.vTaskStartScheduler)
    i.vTaskSuspendAll                        0x0800550c   Section        0  tasks.o(i.vTaskSuspendAll)
    i.vTaskSwitchContext                     0x0800551c   Section        0  tasks.o(i.vTaskSwitchContext)
    i.xPortStartScheduler                    0x080055ac   Section        0  port.o(i.xPortStartScheduler)
    i.xPortSysTickHandler                    0x08005660   Section        0  port.o(i.xPortSysTickHandler)
    i.xQueueCreateMutex                      0x08005680   Section        0  queue.o(i.xQueueCreateMutex)
    i.xQueueGenericCreate                    0x080056d6   Section        0  queue.o(i.xQueueGenericCreate)
    i.xQueueGenericReceive                   0x08005732   Section        0  queue.o(i.xQueueGenericReceive)
    i.xQueueGenericReset                     0x08005872   Section        0  queue.o(i.xQueueGenericReset)
    i.xQueueGenericSend                      0x080058ea   Section        0  queue.o(i.xQueueGenericSend)
    i.xQueueGenericSendFromISR               0x08005a04   Section        0  queue.o(i.xQueueGenericSendFromISR)
    i.xTaskCheckForTimeOut                   0x08005ab0   Section        0  tasks.o(i.xTaskCheckForTimeOut)
    i.xTaskGenericCreate                     0x08005b24   Section        0  tasks.o(i.xTaskGenericCreate)
    i.xTaskGetCurrentTaskHandle              0x08005c5c   Section        0  tasks.o(i.xTaskGetCurrentTaskHandle)
    i.xTaskIncrementTick                     0x08005c68   Section        0  tasks.o(i.xTaskIncrementTick)
    i.xTaskRemoveFromEventList               0x08005dc8   Section        0  tasks.o(i.xTaskRemoveFromEventList)
    i.xTaskResumeAll                         0x08005e50   Section        0  tasks.o(i.xTaskResumeAll)
    .constdata                               0x08005f38   Section        8  stm32f4_tony.o(.constdata)
    .constdata                               0x08005f40   Section       16  stm32f4xx_hal_rcc.o(.constdata)
    .constdata                               0x08005f50   Section      132  main.o(.constdata)
    .conststring                             0x08005fd4   Section      123  main.o(.conststring)
    .data                                    0x20000000   Section      556  afe4490.o(.data)
    .data                                    0x2000022c   Section      338  ble_nus51422.o(.data)
    .data                                    0x20000380   Section       16  stm32f4_tony.o(.data)
    .data                                    0x20000390   Section       20  system_stm32f4xx.o(.data)
    .data                                    0x200003a4   Section        4  stm32f4xx_hal.o(.data)
    uwTick                                   0x200003a4   Data           4  stm32f4xx_hal.o(.data)
    .data                                    0x200003a8   Section       68  main.o(.data)
    AFE44xxInitialData                       0x200003a8   Data           4  main.o(.data)
    xHigherPriorityTaskWoken                 0x200003e8   Data           4  main.o(.data)
    .data                                    0x200003ec   Section        4  app_fifo.o(.data)
    .data                                    0x200003f0   Section       56  tasks.o(.data)
    pxDelayedTaskList                        0x200003f4   Data           4  tasks.o(.data)
    pxOverflowDelayedTaskList                0x200003f8   Data           4  tasks.o(.data)
    uxTasksDeleted                           0x200003fc   Data           4  tasks.o(.data)
    uxCurrentNumberOfTasks                   0x20000400   Data           4  tasks.o(.data)
    xTickCount                               0x20000404   Data           4  tasks.o(.data)
    uxTopReadyPriority                       0x20000408   Data           4  tasks.o(.data)
    xSchedulerRunning                        0x2000040c   Data           4  tasks.o(.data)
    uxSchedulerSuspended                     0x20000410   Data           4  tasks.o(.data)
    uxPendedTicks                            0x20000414   Data           4  tasks.o(.data)
    xYieldPending                            0x20000418   Data           4  tasks.o(.data)
    xNumOfOverflows                          0x2000041c   Data           4  tasks.o(.data)
    uxTaskNumber                             0x20000420   Data           4  tasks.o(.data)
    xNextTaskUnblockTime                     0x20000424   Data           4  tasks.o(.data)
    .data                                    0x20000428   Section       12  port.o(.data)
    uxCriticalNesting                        0x20000428   Data           4  port.o(.data)
    ucMaxSysCallPriority                     0x2000042c   Data           1  port.o(.data)
    ulMaxPRIGROUPValue                       0x20000430   Data           4  port.o(.data)
    .data                                    0x20000434   Section       20  heap_4.o(.data)
    xStart                                   0x20000434   Data           8  heap_4.o(.data)
    pxEnd                                    0x2000043c   Data           4  heap_4.o(.data)
    xFreeBytesRemaining                      0x20000440   Data           4  heap_4.o(.data)
    xBlockAllocatedBit                       0x20000444   Data           4  heap_4.o(.data)
    .data                                    0x20000448   Section        4  mvars.o(.data)
    .data                                    0x2000044c   Section        4  mvars.o(.data)
    .bss                                     0x20000450   Section    28836  afe4490.o(.bss)
    AFE44xxInitialData                       0x200074e8   Data          12  afe4490.o(.bss)
    .bss                                     0x200074f4   Section      256  ble_nus51422.o(.bss)
    .bss                                     0x200075f4   Section      297  main.o(.bss)
    .bss                                     0x20007720   Section      320  stm32f4xx_hal_msp.o(.bss)
    hdma_tx                                  0x20007720   Data          80  stm32f4xx_hal_msp.o(.bss)
    hdma_rx                                  0x20007770   Data          80  stm32f4xx_hal_msp.o(.bss)
    hdma_tx                                  0x200077c0   Data          80  stm32f4xx_hal_msp.o(.bss)
    hdma_rx                                  0x20007810   Data          80  stm32f4xx_hal_msp.o(.bss)
    .bss                                     0x20007860   Section       16  app_fifo.o(.bss)
    .bss                                     0x20007870   Section      240  tasks.o(.bss)
    pxReadyTasksLists                        0x20007870   Data         140  tasks.o(.bss)
    xDelayedTaskList1                        0x200078fc   Data          20  tasks.o(.bss)
    xDelayedTaskList2                        0x20007910   Data          20  tasks.o(.bss)
    xPendingReadyList                        0x20007924   Data          20  tasks.o(.bss)
    xTasksWaitingTermination                 0x20007938   Data          20  tasks.o(.bss)
    xSuspendedTaskList                       0x2000794c   Data          20  tasks.o(.bss)
    .bss                                     0x20007960   Section    15360  heap_4.o(.bss)
    ucHeap                                   0x20007960   Data       15360  heap_4.o(.bss)
    HEAP                                     0x2000b560   Section      512  startup_stm32f439xx.o(HEAP)
    STACK                                    0x2000b760   Section     1024  startup_stm32f439xx.o(STACK)

    Global Symbols

    Symbol Name                              Value     Ov Type        Size  Object(Section)

    BuildAttributes$$THM_ISAv4$E$P$D$K$B$S$7EM$VFPi3$EXTD16$VFPS$VFMA$PE$A:L22UL41UL21$X:L11$S22US41US21$IEEE1$IW$USESV6$~STKCKD$USESV7$~SHL$OSPACE$EBA8$MICROLIB$REQ8$PRES8$EABIv2 0x00000000   Number         0  anon$$obj.o ABSOLUTE
    __ARM_use_no_argv                        0x00000000   Number         0  main.o ABSOLUTE
    __cpp_initialize__aeabi_                  - Undefined Weak Reference
    __cxa_finalize                            - Undefined Weak Reference
    _clock_init                               - Undefined Weak Reference
    _microlib_exit                            - Undefined Weak Reference
    __Vectors_Size                           0x000001ac   Number         0  startup_stm32f439xx.o ABSOLUTE
    __Vectors                                0x08000000   Data           4  startup_stm32f439xx.o(RESET)
    __Vectors_End                            0x080001ac   Data           0  startup_stm32f439xx.o(RESET)
    __main                                   0x080001ad   Thumb Code     0  entry.o(.ARM.Collect$$$$00000000)
    _main_stk                                0x080001ad   Thumb Code     0  entry2.o(.ARM.Collect$$$$00000001)
    _main_scatterload                        0x080001b1   Thumb Code     0  entry5.o(.ARM.Collect$$$$00000004)
    __main_after_scatterload                 0x080001b5   Thumb Code     0  entry5.o(.ARM.Collect$$$$00000004)
    _main_clock                              0x080001b5   Thumb Code     0  entry7b.o(.ARM.Collect$$$$00000008)
    _main_cpp_init                           0x080001b5   Thumb Code     0  entry8b.o(.ARM.Collect$$$$0000000A)
    _main_init                               0x080001b5   Thumb Code     0  entry9a.o(.ARM.Collect$$$$0000000B)
    __rt_final_cpp                           0x080001bd   Thumb Code     0  entry10a.o(.ARM.Collect$$$$0000000D)
    __rt_final_exit                          0x080001bd   Thumb Code     0  entry11a.o(.ARM.Collect$$$$0000000F)
    vPortSVCHandler                          0x080001c1   Thumb Code    24  port.o(.emb_text)
    __asm___6_port_c_39a90d8d__prvStartFirstTask 0x080001dd   Thumb Code    16  port.o(.emb_text)
    __asm___6_port_c_39a90d8d__prvEnableVFP  0x080001f1   Thumb Code    16  port.o(.emb_text)
    xPortPendSVHandler                       0x08000205   Thumb Code    76  port.o(.emb_text)
    ulPortSetInterruptMask                   0x08000255   Thumb Code    14  port.o(.emb_text)
    vPortClearInterruptMask                  0x08000263   Thumb Code     6  port.o(.emb_text)
    vPortGetIPSR                             0x08000269   Thumb Code     6  port.o(.emb_text)
    Reset_Handler                            0x08000271   Thumb Code     8  startup_stm32f439xx.o(.text)
    SVC_Handler                              0x08000283   Thumb Code     2  startup_stm32f439xx.o(.text)
    PendSV_Handler                           0x08000287   Thumb Code     2  startup_stm32f439xx.o(.text)
    ADC_IRQHandler                           0x0800028b   Thumb Code     0  startup_stm32f439xx.o(.text)
    CAN1_RX0_IRQHandler                      0x0800028b   Thumb Code     0  startup_stm32f439xx.o(.text)
    CAN1_RX1_IRQHandler                      0x0800028b   Thumb Code     0  startup_stm32f439xx.o(.text)
    CAN1_SCE_IRQHandler                      0x0800028b   Thumb Code     0  startup_stm32f439xx.o(.text)
    CAN1_TX_IRQHandler                       0x0800028b   Thumb Code     0  startup_stm32f439xx.o(.text)
    CAN2_RX0_IRQHandler                      0x0800028b   Thumb Code     0  startup_stm32f439xx.o(.text)
    CAN2_RX1_IRQHandler                      0x0800028b   Thumb Code     0  startup_stm32f439xx.o(.text)
    CAN2_SCE_IRQHandler                      0x0800028b   Thumb Code     0  startup_stm32f439xx.o(.text)
    CAN2_TX_IRQHandler                       0x0800028b   Thumb Code     0  startup_stm32f439xx.o(.text)
    CRYP_IRQHandler                          0x0800028b   Thumb Code     0  startup_stm32f439xx.o(.text)
    DCMI_IRQHandler                          0x0800028b   Thumb Code     0  startup_stm32f439xx.o(.text)
    DMA1_Stream0_IRQHandler                  0x0800028b   Thumb Code     0  startup_stm32f439xx.o(.text)
    DMA1_Stream1_IRQHandler                  0x0800028b   Thumb Code     0  startup_stm32f439xx.o(.text)
    DMA1_Stream2_IRQHandler                  0x0800028b   Thumb Code     0  startup_stm32f439xx.o(.text)
    DMA1_Stream3_IRQHandler                  0x0800028b   Thumb Code     0  startup_stm32f439xx.o(.text)
    DMA1_Stream4_IRQHandler                  0x0800028b   Thumb Code     0  startup_stm32f439xx.o(.text)
    DMA1_Stream5_IRQHandler                  0x0800028b   Thumb Code     0  startup_stm32f439xx.o(.text)
    DMA1_Stream6_IRQHandler                  0x0800028b   Thumb Code     0  startup_stm32f439xx.o(.text)
    DMA1_Stream7_IRQHandler                  0x0800028b   Thumb Code     0  startup_stm32f439xx.o(.text)
    DMA2D_IRQHandler                         0x0800028b   Thumb Code     0  startup_stm32f439xx.o(.text)
    DMA2_Stream0_IRQHandler                  0x0800028b   Thumb Code     0  startup_stm32f439xx.o(.text)
    DMA2_Stream1_IRQHandler                  0x0800028b   Thumb Code     0  startup_stm32f439xx.o(.text)
    DMA2_Stream3_IRQHandler                  0x0800028b   Thumb Code     0  startup_stm32f439xx.o(.text)
    DMA2_Stream4_IRQHandler                  0x0800028b   Thumb Code     0  startup_stm32f439xx.o(.text)
    DMA2_Stream5_IRQHandler                  0x0800028b   Thumb Code     0  startup_stm32f439xx.o(.text)
    DMA2_Stream6_IRQHandler                  0x0800028b   Thumb Code     0  startup_stm32f439xx.o(.text)
    ETH_IRQHandler                           0x0800028b   Thumb Code     0  startup_stm32f439xx.o(.text)
    ETH_WKUP_IRQHandler                      0x0800028b   Thumb Code     0  startup_stm32f439xx.o(.text)
    EXTI0_IRQHandler                         0x0800028b   Thumb Code     0  startup_stm32f439xx.o(.text)
    EXTI15_10_IRQHandler                     0x0800028b   Thumb Code     0  startup_stm32f439xx.o(.text)
    EXTI1_IRQHandler                         0x0800028b   Thumb Code     0  startup_stm32f439xx.o(.text)
    EXTI2_IRQHandler                         0x0800028b   Thumb Code     0  startup_stm32f439xx.o(.text)
    EXTI3_IRQHandler                         0x0800028b   Thumb Code     0  startup_stm32f439xx.o(.text)
    EXTI9_5_IRQHandler                       0x0800028b   Thumb Code     0  startup_stm32f439xx.o(.text)
    FLASH_IRQHandler                         0x0800028b   Thumb Code     0  startup_stm32f439xx.o(.text)
    FMC_IRQHandler                           0x0800028b   Thumb Code     0  startup_stm32f439xx.o(.text)
    FPU_IRQHandler                           0x0800028b   Thumb Code     0  startup_stm32f439xx.o(.text)
    HASH_RNG_IRQHandler                      0x0800028b   Thumb Code     0  startup_stm32f439xx.o(.text)
    I2C1_ER_IRQHandler                       0x0800028b   Thumb Code     0  startup_stm32f439xx.o(.text)
    I2C1_EV_IRQHandler                       0x0800028b   Thumb Code     0  startup_stm32f439xx.o(.text)
    I2C2_ER_IRQHandler                       0x0800028b   Thumb Code     0  startup_stm32f439xx.o(.text)
    I2C2_EV_IRQHandler                       0x0800028b   Thumb Code     0  startup_stm32f439xx.o(.text)
    I2C3_ER_IRQHandler                       0x0800028b   Thumb Code     0  startup_stm32f439xx.o(.text)
    I2C3_EV_IRQHandler                       0x0800028b   Thumb Code     0  startup_stm32f439xx.o(.text)
    LTDC_ER_IRQHandler                       0x0800028b   Thumb Code     0  startup_stm32f439xx.o(.text)
    LTDC_IRQHandler                          0x0800028b   Thumb Code     0  startup_stm32f439xx.o(.text)
    OTG_FS_IRQHandler                        0x0800028b   Thumb Code     0  startup_stm32f439xx.o(.text)
    OTG_FS_WKUP_IRQHandler                   0x0800028b   Thumb Code     0  startup_stm32f439xx.o(.text)
    OTG_HS_EP1_IN_IRQHandler                 0x0800028b   Thumb Code     0  startup_stm32f439xx.o(.text)
    OTG_HS_EP1_OUT_IRQHandler                0x0800028b   Thumb Code     0  startup_stm32f439xx.o(.text)
    OTG_HS_IRQHandler                        0x0800028b   Thumb Code     0  startup_stm32f439xx.o(.text)
    OTG_HS_WKUP_IRQHandler                   0x0800028b   Thumb Code     0  startup_stm32f439xx.o(.text)
    PVD_IRQHandler                           0x0800028b   Thumb Code     0  startup_stm32f439xx.o(.text)
    RCC_IRQHandler                           0x0800028b   Thumb Code     0  startup_stm32f439xx.o(.text)
    RTC_Alarm_IRQHandler                     0x0800028b   Thumb Code     0  startup_stm32f439xx.o(.text)
    RTC_WKUP_IRQHandler                      0x0800028b   Thumb Code     0  startup_stm32f439xx.o(.text)
    SAI1_IRQHandler                          0x0800028b   Thumb Code     0  startup_stm32f439xx.o(.text)
    SDIO_IRQHandler                          0x0800028b   Thumb Code     0  startup_stm32f439xx.o(.text)
    SPI1_IRQHandler                          0x0800028b   Thumb Code     0  startup_stm32f439xx.o(.text)
    SPI2_IRQHandler                          0x0800028b   Thumb Code     0  startup_stm32f439xx.o(.text)
    SPI3_IRQHandler                          0x0800028b   Thumb Code     0  startup_stm32f439xx.o(.text)
    SPI4_IRQHandler                          0x0800028b   Thumb Code     0  startup_stm32f439xx.o(.text)
    SPI5_IRQHandler                          0x0800028b   Thumb Code     0  startup_stm32f439xx.o(.text)
    SPI6_IRQHandler                          0x0800028b   Thumb Code     0  startup_stm32f439xx.o(.text)
    TAMP_STAMP_IRQHandler                    0x0800028b   Thumb Code     0  startup_stm32f439xx.o(.text)
    TIM1_BRK_TIM9_IRQHandler                 0x0800028b   Thumb Code     0  startup_stm32f439xx.o(.text)
    TIM1_CC_IRQHandler                       0x0800028b   Thumb Code     0  startup_stm32f439xx.o(.text)
    TIM1_TRG_COM_TIM11_IRQHandler            0x0800028b   Thumb Code     0  startup_stm32f439xx.o(.text)
    TIM1_UP_TIM10_IRQHandler                 0x0800028b   Thumb Code     0  startup_stm32f439xx.o(.text)
    TIM2_IRQHandler                          0x0800028b   Thumb Code     0  startup_stm32f439xx.o(.text)
    TIM3_IRQHandler                          0x0800028b   Thumb Code     0  startup_stm32f439xx.o(.text)
    TIM4_IRQHandler                          0x0800028b   Thumb Code     0  startup_stm32f439xx.o(.text)
    TIM5_IRQHandler                          0x0800028b   Thumb Code     0  startup_stm32f439xx.o(.text)
    TIM6_DAC_IRQHandler                      0x0800028b   Thumb Code     0  startup_stm32f439xx.o(.text)
    TIM7_IRQHandler                          0x0800028b   Thumb Code     0  startup_stm32f439xx.o(.text)
    TIM8_BRK_TIM12_IRQHandler                0x0800028b   Thumb Code     0  startup_stm32f439xx.o(.text)
    TIM8_CC_IRQHandler                       0x0800028b   Thumb Code     0  startup_stm32f439xx.o(.text)
    TIM8_TRG_COM_TIM14_IRQHandler            0x0800028b   Thumb Code     0  startup_stm32f439xx.o(.text)
    TIM8_UP_TIM13_IRQHandler                 0x0800028b   Thumb Code     0  startup_stm32f439xx.o(.text)
    UART4_IRQHandler                         0x0800028b   Thumb Code     0  startup_stm32f439xx.o(.text)
    UART5_IRQHandler                         0x0800028b   Thumb Code     0  startup_stm32f439xx.o(.text)
    UART7_IRQHandler                         0x0800028b   Thumb Code     0  startup_stm32f439xx.o(.text)
    UART8_IRQHandler                         0x0800028b   Thumb Code     0  startup_stm32f439xx.o(.text)
    USART1_IRQHandler                        0x0800028b   Thumb Code     0  startup_stm32f439xx.o(.text)
    USART2_IRQHandler                        0x0800028b   Thumb Code     0  startup_stm32f439xx.o(.text)
    USART3_IRQHandler                        0x0800028b   Thumb Code     0  startup_stm32f439xx.o(.text)
    USART6_IRQHandler                        0x0800028b   Thumb Code     0  startup_stm32f439xx.o(.text)
    WWDG_IRQHandler                          0x0800028b   Thumb Code     0  startup_stm32f439xx.o(.text)
    __aeabi_memcpy                           0x08000295   Thumb Code    36  memcpya.o(.text)
    __aeabi_memcpy4                          0x08000295   Thumb Code     0  memcpya.o(.text)
    __aeabi_memcpy8                          0x08000295   Thumb Code     0  memcpya.o(.text)
    __aeabi_memset                           0x080002b9   Thumb Code    14  memseta.o(.text)
    __aeabi_memset4                          0x080002b9   Thumb Code     0  memseta.o(.text)
    __aeabi_memset8                          0x080002b9   Thumb Code     0  memseta.o(.text)
    __aeabi_memclr                           0x080002c7   Thumb Code     4  memseta.o(.text)
    __aeabi_memclr4                          0x080002c7   Thumb Code     0  memseta.o(.text)
    __aeabi_memclr8                          0x080002c7   Thumb Code     0  memseta.o(.text)
    _memset$wrapper                          0x080002cb   Thumb Code    18  memseta.o(.text)
    __scatterload                            0x080002dd   Thumb Code    28  init.o(.text)
    __scatterload_rt2                        0x080002dd   Thumb Code     0  init.o(.text)
    __decompress                             0x08000301   Thumb Code     0  __dczerorl2.o(.text)
    __decompress1                            0x08000301   Thumb Code    86  __dczerorl2.o(.text)
    AFE44xx_Init                             0x08000371   Thumb Code   418  afe4490.o(i.AFE44xx_Init)
    AFE44xx_Read                             0x0800052d   Thumb Code    64  afe4490.o(i.AFE44xx_Read)
    AFE44xx_ReadADC                          0x08000571   Thumb Code   112  afe4490.o(i.AFE44xx_ReadADC)
    AFE44xx_RecData                          0x080005e9   Thumb Code   276  afe4490.o(i.AFE44xx_RecData)
    AFE44xx_Write                            0x08000719   Thumb Code    58  afe4490.o(i.AFE44xx_Write)
    BSP_LED_Init                             0x08000931   Thumb Code   104  stm32f4_tony.o(i.BSP_LED_Init)
    BSP_LED_Off                              0x080009a5   Thumb Code    24  stm32f4_tony.o(i.BSP_LED_Off)
    BSP_LED_On                               0x080009c5   Thumb Code    24  stm32f4_tony.o(i.BSP_LED_On)
    BusFault_Handler                         0x080009e5   Thumb Code     4  stm32f4xx_it.o(i.BusFault_Handler)
    DMA2_Stream2_IRQHandler                  0x080009e9   Thumb Code    12  stm32f4xx_it.o(i.DMA2_Stream2_IRQHandler)
    DMA2_Stream7_IRQHandler                  0x080009f9   Thumb Code    12  stm32f4xx_it.o(i.DMA2_Stream7_IRQHandler)
    DebugMon_Handler                         0x08000a29   Thumb Code     2  stm32f4xx_it.o(i.DebugMon_Handler)
    DelayMS                                  0x08000a2b   Thumb Code    42  main.o(i.DelayMS)
    EXTI4_IRQHandler                         0x08000a55   Thumb Code    42  main.o(i.EXTI4_IRQHandler)
    Error_Handler                            0x08000a89   Thumb Code     4  stm32f4_tony.o(i.Error_Handler)
    HAL_DMA_IRQHandler                       0x08000a91   Thumb Code  9776  stm32f4xx_hal_dma.o(i.HAL_DMA_IRQHandler)
    HAL_DMA_Init                             0x080030c9   Thumb Code   120  stm32f4xx_hal_dma.o(i.HAL_DMA_Init)
    HAL_DMA_Start_IT                         0x08003145   Thumb Code   142  stm32f4xx_hal_dma.o(i.HAL_DMA_Start_IT)
    HAL_GPIO_EXTI_Callback                   0x080031d3   Thumb Code     2  stm32f4xx_hal_gpio.o(i.HAL_GPIO_EXTI_Callback)
    HAL_GPIO_EXTI_IRQHandler                 0x080031d5   Thumb Code    24  stm32f4xx_hal_gpio.o(i.HAL_GPIO_EXTI_IRQHandler)
    HAL_GPIO_Init                            0x080031f1   Thumb Code   466  stm32f4xx_hal_gpio.o(i.HAL_GPIO_Init)
    HAL_GPIO_WritePin                        0x080033f9   Thumb Code    10  stm32f4xx_hal_gpio.o(i.HAL_GPIO_WritePin)
    HAL_GetTick                              0x08003405   Thumb Code     6  stm32f4xx_hal.o(i.HAL_GetTick)
    HAL_Init                                 0x08003411   Thumb Code    54  stm32f4xx_hal.o(i.HAL_Init)
    HAL_InitTick                             0x0800344d   Thumb Code    36  stm32f4xx_hal.o(i.HAL_InitTick)
    HAL_MspInit                              0x08003471   Thumb Code     2  stm32f4xx_hal_msp.o(i.HAL_MspInit)
    HAL_NVIC_EnableIRQ                       0x08003473   Thumb Code    26  stm32f4xx_hal_cortex.o(i.HAL_NVIC_EnableIRQ)
    HAL_NVIC_SetPriority                     0x0800348d   Thumb Code   124  stm32f4xx_hal_cortex.o(i.HAL_NVIC_SetPriority)
    HAL_NVIC_SetPriorityGrouping             0x08003509   Thumb Code    32  stm32f4xx_hal_cortex.o(i.HAL_NVIC_SetPriorityGrouping)
    HAL_RCC_ClockConfig                      0x08003531   Thumb Code   588  stm32f4xx_hal_rcc.o(i.HAL_RCC_ClockConfig)
    HAL_RCC_GetHCLKFreq                      0x08003785   Thumb Code    42  stm32f4xx_hal_rcc.o(i.HAL_RCC_GetHCLKFreq)
    HAL_RCC_GetPCLK1Freq                     0x080037bd   Thumb Code    36  stm32f4xx_hal_rcc.o(i.HAL_RCC_GetPCLK1Freq)
    HAL_RCC_GetPCLK2Freq                     0x080037e9   Thumb Code    36  stm32f4xx_hal_rcc.o(i.HAL_RCC_GetPCLK2Freq)
    HAL_RCC_GetSysClockFreq                  0x08003815   Thumb Code   182  stm32f4xx_hal_rcc.o(i.HAL_RCC_GetSysClockFreq)
    HAL_RCC_OscConfig                        0x080038d9   Thumb Code  1002  stm32f4xx_hal_rcc.o(i.HAL_RCC_OscConfig)
    HAL_SPI_Init                             0x08003cd5   Thumb Code   132  stm32f4xx_hal_spi.o(i.HAL_SPI_Init)
    HAL_SPI_MspInit                          0x08003d59   Thumb Code     2  stm32f4xx_hal_spi.o(i.HAL_SPI_MspInit)
    HAL_SYSTICK_Config                       0x08003d5b   Thumb Code    52  stm32f4xx_hal_cortex.o(i.HAL_SYSTICK_Config)
    HAL_UART_ErrorCallback                   0x08003d8f   Thumb Code     2  stm32f4xx_hal_uart.o(i.HAL_UART_ErrorCallback)
    HAL_UART_Init                            0x08003d91   Thumb Code   106  stm32f4xx_hal_uart.o(i.HAL_UART_Init)
    HAL_UART_MspInit                         0x08003dfd   Thumb Code   280  stm32f4xx_hal_msp.o(i.HAL_UART_MspInit)
    HAL_UART_Transmit_DMA                    0x08003f29   Thumb Code   150  stm32f4xx_hal_uart.o(i.HAL_UART_Transmit_DMA)
    HAL_UART_TxCpltCallback                  0x08003fcd   Thumb Code     8  ble_nus51422.o(i.HAL_UART_TxCpltCallback)
    HAL_UART_TxHalfCpltCallback              0x08003fd9   Thumb Code     2  stm32f4xx_hal_uart.o(i.HAL_UART_TxHalfCpltCallback)
    HardFault_Handler                        0x08003fdb   Thumb Code     4  stm32f4xx_it.o(i.HardFault_Handler)
    MX_GPIO_Init                             0x08003fe1   Thumb Code    14  main.o(i.MX_GPIO_Init)
    MX_USART1_UART_Init                      0x08003ff5   Thumb Code    52  ble_nus51422.o(i.MX_USART1_UART_Init)
    MemManage_Handler                        0x08004031   Thumb Code     4  stm32f4xx_it.o(i.MemManage_Handler)
    NMI_Handler                              0x08004035   Thumb Code     2  stm32f4xx_it.o(i.NMI_Handler)
    NVIC_PriorityGroupConfig                 0x08004049   Thumb Code    10  misc.o(i.NVIC_PriorityGroupConfig)
    QueueInit                                0x08004085   Thumb Code    26  app_fifo.o(i.QueueInit)
    Spi2WriteByte                            0x080040a9   Thumb Code    46  afe4490.o(i.Spi2WriteByte)
    SystemInit                               0x08004179   Thumb Code    82  system_stm32f4xx.o(i.SystemInit)
    UsageFault_Handler                       0x08004597   Thumb Code     4  stm32f4xx_it.o(i.UsageFault_Handler)
    __scatterload_copy                       0x0800459b   Thumb Code    14  handlers.o(i.__scatterload_copy)
    __scatterload_null                       0x080045a9   Thumb Code     2  handlers.o(i.__scatterload_null)
    __scatterload_zeroinit                   0x080045ab   Thumb Code    14  handlers.o(i.__scatterload_zeroinit)
    app_fifo_get                             0x080045b9   Thumb Code    36  app_fifo.o(i.app_fifo_get)
    app_fifo_init                            0x080045dd   Thumb Code    36  app_fifo.o(i.app_fifo_init)
    app_fifo_length                          0x08004601   Thumb Code    12  app_fifo.o(i.app_fifo_length)
    app_fifo_put                             0x0800460d   Thumb Code    38  app_fifo.o(i.app_fifo_put)
    initHeartRateDataType                    0x08004645   Thumb Code   174  main.o(i.initHeartRateDataType)
    main                                     0x0800470d   Thumb Code   272  main.o(i.main)
    malloc                                   0x08004845   Thumb Code    92  malloc.o(i.malloc)
    osDelay                                  0x080048b1   Thumb Code    24  cmsis_os.o(i.osDelay)
    osKernelStart                            0x080048c9   Thumb Code    24  cmsis_os.o(i.osKernelStart)
    osMessageCreate                          0x080048e1   Thumb Code    18  cmsis_os.o(i.osMessageCreate)
    osMessagePut                             0x080048f5   Thumb Code    84  cmsis_os.o(i.osMessagePut)
    osMutexCreate                            0x0800494d   Thumb Code    12  cmsis_os.o(i.osMutexCreate)
    osMutexRelease                           0x08004959   Thumb Code    38  cmsis_os.o(i.osMutexRelease)
    osMutexWait                              0x0800497f   Thumb Code    64  cmsis_os.o(i.osMutexWait)
    osThreadCreate                           0x080049bf   Thumb Code    50  cmsis_os.o(i.osThreadCreate)
    packageHRD                               0x080049f1   Thumb Code    58  ble_nus51422.o(i.packageHRD)
    pvPortMalloc                             0x08004e7d   Thumb Code   166  heap_4.o(i.pvPortMalloc)
    pxPortInitialiseStack                    0x08004f35   Thumb Code    34  port.o(i.pxPortInitialiseStack)
    upQueueReadThread                        0x08004f5d   Thumb Code   128  ble_nus51422.o(i.upQueueReadThread)
    upQueueWriteThread                       0x08004fed   Thumb Code   124  ble_nus51422.o(i.upQueueWriteThread)
    uxListRemove                             0x08005079   Thumb Code    40  list.o(i.uxListRemove)
    vHandlerAFE44xxITTASK                    0x080050a1   Thumb Code    62  main.o(i.vHandlerAFE44xxITTASK)
    vListInitialise                          0x080050ed   Thumb Code    26  list.o(i.vListInitialise)
    vListInitialiseItem                      0x08005107   Thumb Code     6  list.o(i.vListInitialiseItem)
    vListInsert                              0x0800510d   Thumb Code    52  list.o(i.vListInsert)
    vListInsertEnd                           0x08005141   Thumb Code    24  list.o(i.vListInsertEnd)
    vPortEnterCritical                       0x08005159   Thumb Code    26  port.o(i.vPortEnterCritical)
    vPortExitCritical                        0x08005179   Thumb Code    26  port.o(i.vPortExitCritical)
    vPortFree                                0x08005199   Thumb Code   112  heap_4.o(i.vPortFree)
    vPortSetupTimerInterrupt                 0x08005211   Thumb Code    26  port.o(i.vPortSetupTimerInterrupt)
    vPortValidateInterruptPriority           0x08005231   Thumb Code    78  port.o(i.vPortValidateInterruptPriority)
    vPortYield                               0x0800528d   Thumb Code    18  port.o(i.vPortYield)
    vTask1a                                  0x080052a5   Thumb Code    20  main.o(i.vTask1a)
    vTask2a                                  0x080052bd   Thumb Code    58  main.o(i.vTask2a)
    vTask3a                                  0x080052fd   Thumb Code    38  main.o(i.vTask3a)
    vTaskDelay                               0x08005329   Thumb Code    48  tasks.o(i.vTaskDelay)
    vTaskMissedYield                         0x08005361   Thumb Code     8  tasks.o(i.vTaskMissedYield)
    vTaskPlaceOnEventList                    0x0800536d   Thumb Code    70  tasks.o(i.vTaskPlaceOnEventList)
    vTaskPriorityDisinherit                  0x080053c1   Thumb Code    70  tasks.o(i.vTaskPriorityDisinherit)
    vTaskPriorityInherit                     0x08005411   Thumb Code   118  tasks.o(i.vTaskPriorityInherit)
    vTaskSetTimeOutState                     0x08005495   Thumb Code    28  tasks.o(i.vTaskSetTimeOutState)
    vTaskStartScheduler                      0x080054b9   Thumb Code    64  tasks.o(i.vTaskStartScheduler)
    vTaskSuspendAll                          0x0800550d   Thumb Code    12  tasks.o(i.vTaskSuspendAll)
    vTaskSwitchContext                       0x0800551d   Thumb Code   122  tasks.o(i.vTaskSwitchContext)
    xPortStartScheduler                      0x080055ad   Thumb Code   156  port.o(i.xPortStartScheduler)
    xPortSysTickHandler                      0x08005661   Thumb Code    28  port.o(i.xPortSysTickHandler)
    xQueueCreateMutex                        0x08005681   Thumb Code    86  queue.o(i.xQueueCreateMutex)
    xQueueGenericCreate                      0x080056d7   Thumb Code    92  queue.o(i.xQueueGenericCreate)
    xQueueGenericReceive                     0x08005733   Thumb Code   320  queue.o(i.xQueueGenericReceive)
    xQueueGenericReset                       0x08005873   Thumb Code   120  queue.o(i.xQueueGenericReset)
    xQueueGenericSend                        0x080058eb   Thumb Code   282  queue.o(i.xQueueGenericSend)
    xQueueGenericSendFromISR                 0x08005a05   Thumb Code   172  queue.o(i.xQueueGenericSendFromISR)
    xTaskCheckForTimeOut                     0x08005ab1   Thumb Code   108  tasks.o(i.xTaskCheckForTimeOut)
    xTaskGenericCreate                       0x08005b25   Thumb Code   286  tasks.o(i.xTaskGenericCreate)
    xTaskGetCurrentTaskHandle                0x08005c5d   Thumb Code     6  tasks.o(i.xTaskGetCurrentTaskHandle)
    xTaskIncrementTick                       0x08005c69   Thumb Code   306  tasks.o(i.xTaskIncrementTick)
    xTaskRemoveFromEventList                 0x08005dc9   Thumb Code   112  tasks.o(i.xTaskRemoveFromEventList)
    xTaskResumeAll                           0x08005e51   Thumb Code   198  tasks.o(i.xTaskResumeAll)
    GPIO_PIN                                 0x08005f38   Data           8  stm32f4_tony.o(.constdata)
    APBAHBPrescTable                         0x08005f40   Data          16  stm32f4xx_hal_rcc.o(.constdata)
    upQueueMutex                             0x08005f50   Data           4  main.o(.constdata)
    Region$$Table$$Base                      0x08006050   Number         0  anon$$obj.o(Region$$Table)
    Region$$Table$$Limit                     0x08006070   Number         0  anon$$obj.o(Region$$Table)
    filterCof                                0x20000000   Data           6  afe4490.o(.data)
    mmaDataFilterPredata                     0x20000008   Data          40  afe4490.o(.data)
    AFE4400_Diag                             0x20000030   Data           4  afe4490.o(.data)
    AFE4400_data                             0x20000034   Data           4  afe4490.o(.data)
    FingerOutCheckDelay                      0x20000038   Data           1  afe4490.o(.data)
    AFE4400_AdcRdy                           0x20000039   Data           1  afe4490.o(.data)
    oldKeyFingerOut                          0x2000003a   Data           1  afe4490.o(.data)
    IR_T                                     0x2000003c   Data           4  afe4490.o(.data)
    RD_T                                     0x20000040   Data           4  afe4490.o(.data)
    index_Mem_in                             0x20000044   Data           4  afe4490.o(.data)
    index_Mem_out                            0x20000048   Data           1  afe4490.o(.data)
    Temp_Time2                               0x2000004c   Data           4  afe4490.o(.data)
    gIRVP                                    0x20000050   Data           4  afe4490.o(.data)
    gRDVP                                    0x20000054   Data           4  afe4490.o(.data)
    gRDVP_gIRVP                              0x20000058   Data           4  afe4490.o(.data)
    gRDV0                                    0x2000005c   Data           4  afe4490.o(.data)
    FingerOut_Timer                          0x20000060   Data           1  afe4490.o(.data)
    AFE44xx_Diag                             0x20000064   Data           4  afe4490.o(.data)
    HRCountFIFOAdd                           0x20000068   Data           1  afe4490.o(.data)
    HRPerMinTemp                             0x20000069   Data           1  afe4490.o(.data)
    HRPerMin                                 0x2000006c   Data           4  afe4490.o(.data)
    uartCount1                               0x20000070   Data           4  afe4490.o(.data)
    uartCount2                               0x20000074   Data           4  afe4490.o(.data)
    uartCount3                               0x20000078   Data           4  afe4490.o(.data)
    uartCount4                               0x2000007c   Data           4  afe4490.o(.data)
    HRCount                                  0x20000080   Data           4  afe4490.o(.data)
    HeartRatio_RealTimeVaule                 0x20000084   Data           4  afe4490.o(.data)
    HeartRatio_RealTimeVaule_FIFOaddr        0x20000088   Data           4  afe4490.o(.data)
    HeartRatio_RealTimeVauleTemp             0x2000008c   Data           4  afe4490.o(.data)
    timeWindowCount                          0x20000090   Data           4  afe4490.o(.data)
    AFE44xx_ADRDY                            0x20000094   Data           1  afe4490.o(.data)
    aTxBuffer_test1                          0x20000095   Data           4  afe4490.o(.data)
    aTxBuffer_temp                           0x20000099   Data          25  afe4490.o(.data)
    Lp_D                                     0x200000b4   Data          72  afe4490.o(.data)
    Hp_D                                     0x200000fc   Data          72  afe4490.o(.data)
    Lp_R                                     0x20000144   Data          72  afe4490.o(.data)
    Hp_R                                     0x2000018c   Data          72  afe4490.o(.data)
    InFile                                   0x200001d4   Data           4  afe4490.o(.data)
    OutFile                                  0x200001d8   Data           4  afe4490.o(.data)
    nLine                                    0x200001dc   Data           4  afe4490.o(.data)
    DecLevel                                 0x200001e0   Data           4  afe4490.o(.data)
    SampleRate                               0x200001e4   Data           4  afe4490.o(.data)
    Amount_Wavelet_Remain                    0x200001e8   Data           4  afe4490.o(.data)
    Period_Sample_Window                     0x200001ec   Data           4  afe4490.o(.data)
    Tmp_PSW                                  0x200001f0   Data           4  afe4490.o(.data)
    Length_A                                 0x200001f4   Data           4  afe4490.o(.data)
    DecLevel_Counter                         0x200001f8   Data           4  afe4490.o(.data)
    A_next                                   0x200001fc   Data           4  afe4490.o(.data)
    L                                        0x20000200   Data          44  afe4490.o(.data)
    printf_Sending_error                     0x2000022c   Data          26  ble_nus51422.o(.data)
    printf_Sending_sucess                    0x20000246   Data          27  ble_nus51422.o(.data)
    printf_Receiving_error                   0x20000261   Data          28  ble_nus51422.o(.data)
    printf_IT_sucess                         0x2000027d   Data          22  ble_nus51422.o(.data)
    printf_Queue_data_exist                  0x20000293   Data          29  ble_nus51422.o(.data)
    printf_Queue_data_Nonexist               0x200002b0   Data          32  ble_nus51422.o(.data)
    UartTxReady                              0x200002d0   Data           1  ble_nus51422.o(.data)
    UartRxReady                              0x200002d1   Data           1  ble_nus51422.o(.data)
    flagTxCtrl                               0x200002d2   Data           1  ble_nus51422.o(.data)
    flagPrintRxContent                       0x200002d3   Data           1  ble_nus51422.o(.data)
    gRxBufferLast                            0x200002d4   Data           1  ble_nus51422.o(.data)
    aTxBuffer                                0x200002d5   Data         160  ble_nus51422.o(.data)
    aTxPack                                  0x20000378   Data           4  ble_nus51422.o(.data)
    flagBleConStatus                         0x2000037c   Data           1  ble_nus51422.o(.data)
    flagHRDSend                              0x2000037d   Data           1  ble_nus51422.o(.data)
    GPIO_PORT                                0x20000380   Data          16  stm32f4_tony.o(.data)
    SystemCoreClock                          0x20000390   Data           4  system_stm32f4xx.o(.data)
    AHBPrescTable                            0x20000394   Data          16  system_stm32f4xx.o(.data)
    xBinarySemaphore                         0x200003ac   Data           4  main.o(.data)
    upQueueMutexSema                         0x200003b0   Data           4  main.o(.data)
    xQueue                                   0x200003b4   Data           4  main.o(.data)
    aPackHeader                              0x200003b8   Data          10  main.o(.data)
    aPackHip                                 0x200003c2   Data          10  main.o(.data)
    gSystemTimeInS                           0x200003cc   Data           4  main.o(.data)
    gSystemTimeInMS                          0x200003d0   Data           4  main.o(.data)
    gHeartRateTxPackCnt                      0x200003d4   Data           1  main.o(.data)
    gPackStatus                              0x200003d5   Data           1  main.o(.data)
    gHeartRate                               0x200003d6   Data           2  main.o(.data)
    gDataClass                               0x200003d8   Data           1  main.o(.data)
    gPackCnt                                 0x200003d9   Data           1  main.o(.data)
    gHRData                                  0x200003da   Data           1  main.o(.data)
    gPROData                                 0x200003db   Data           1  main.o(.data)
    ghr_block1_offset                        0x200003dc   Data           1  main.o(.data)
    ghr_block2_offset                        0x200003dd   Data           1  main.o(.data)
    ghr_block3_offset                        0x200003de   Data           1  main.o(.data)
    sysTime                                  0x200003e0   Data           8  main.o(.data)
    pQueueMem                                0x200003ec   Data           4  app_fifo.o(.data)
    pxCurrentTCB                             0x200003f0   Data           4  tasks.o(.data)
    __microlib_freelist                      0x20000448   Data           4  mvars.o(.data)
    __microlib_freelist_initialised          0x2000044c   Data           4  mvars.o(.data)
    mmaDataFilterTemp                        0x20000450   Data        1240  afe4490.o(.bss)
    mmaDataFilter                            0x20000928   Data        1200  afe4490.o(.bss)
    xyzAxisAbsdataNew                        0x20000dd8   Data        1200  afe4490.o(.bss)
    xyzAxisAbsdataOld                        0x20001288   Data        1200  afe4490.o(.bss)
    Mem_IRVP                                 0x20001738   Data        2400  afe4490.o(.bss)
    Mem_RDVP                                 0x20002098   Data        2400  afe4490.o(.bss)
    Mem_RDV0                                 0x200029f8   Data        2400  afe4490.o(.bss)
    HRCountFIFO                              0x20003358   Data          80  afe4490.o(.bss)
    mmaDataA                                 0x200033a8   Data        1200  afe4490.o(.bss)
    HeartRatio_RealTimeVaule_FIFO            0x20003858   Data        1024  afe4490.o(.bss)
    C                                        0x20003c58   Data        2000  afe4490.o(.bss)
    C_rec                                    0x20004428   Data        2000  afe4490.o(.bss)
    y                                        0x20004bf8   Data        2000  afe4490.o(.bss)
    Tmp                                      0x200053c8   Data        1600  afe4490.o(.bss)
    a_1                                      0x20005a08   Data        1280  afe4490.o(.bss)
    output_ca                                0x20005f08   Data        1200  afe4490.o(.bss)
    output_cd                                0x200063b8   Data        1200  afe4490.o(.bss)
    y_l                                      0x20006868   Data        1600  afe4490.o(.bss)
    new_y                                    0x20006ea8   Data        1600  afe4490.o(.bss)
    aTxBuffer_initialdata                    0x200074f4   Data          37  ble_nus51422.o(.bss)
    aRxBuffer                                0x20007519   Data         159  ble_nus51422.o(.bss)
    huart1                                   0x200075b8   Data          60  ble_nus51422.o(.bss)
    gHeartRateTxPackBuf                      0x200075f4   Data         129  main.o(.bss)
    gHeartRateTxPack                         0x20007675   Data         129  main.o(.bss)
    gHeartRateValueHeader                    0x200076f6   Data          13  main.o(.bss)
    gHeartRateRawHeader                      0x20007703   Data          13  main.o(.bss)
    gHeartRateProcessHeader                  0x20007710   Data          13  main.o(.bss)
    upQueue                                  0x20007860   Data          16  app_fifo.o(.bss)
    __heap_base                              0x2000b560   Data           0  startup_stm32f439xx.o(HEAP)
    __heap_limit                             0x2000b760   Data           0  startup_stm32f439xx.o(HEAP)
    __initial_sp                             0x2000bb60   Data           0  startup_stm32f439xx.o(STACK)



==============================================================================

Memory Map of the image

  Image Entry point : 0x080001ad

  Load Region LR_IROM1 (Base: 0x08000000, Size: 0x000064c0, Max: 0x00100000, ABSOLUTE, COMPRESSED[0x00006258])

    Execution Region ER_IROM1 (Base: 0x08000000, Size: 0x00006070, Max: 0x00100000, ABSOLUTE)

    Base Addr    Size         Type   Attr      Idx    E Section Name        Object

    0x08000000   0x000001ac   Data   RO         7513    RESET               startup_stm32f439xx.o
    0x080001ac   0x00000000   Code   RO         8438  * .ARM.Collect$$$$00000000  mc_w.l(entry.o)
    0x080001ac   0x00000004   Code   RO         8477    .ARM.Collect$$$$00000001  mc_w.l(entry2.o)
    0x080001b0   0x00000004   Code   RO         8480    .ARM.Collect$$$$00000004  mc_w.l(entry5.o)
    0x080001b4   0x00000000   Code   RO         8482    .ARM.Collect$$$$00000008  mc_w.l(entry7b.o)
    0x080001b4   0x00000000   Code   RO         8484    .ARM.Collect$$$$0000000A  mc_w.l(entry8b.o)
    0x080001b4   0x00000008   Code   RO         8485    .ARM.Collect$$$$0000000B  mc_w.l(entry9a.o)
    0x080001bc   0x00000000   Code   RO         8487    .ARM.Collect$$$$0000000D  mc_w.l(entry10a.o)
    0x080001bc   0x00000000   Code   RO         8489    .ARM.Collect$$$$0000000F  mc_w.l(entry11a.o)
    0x080001bc   0x00000004   Code   RO         8478    .ARM.Collect$$$$00002712  mc_w.l(entry2.o)
    0x080001c0   0x000000ae   Code   RO         8324    .emb_text           port.o
    0x0800026e   0x00000002   PAD
    0x08000270   0x00000024   Code   RO         7514    .text               startup_stm32f439xx.o
    0x08000294   0x00000024   Code   RO         8443    .text               mc_w.l(memcpya.o)
    0x080002b8   0x00000024   Code   RO         8445    .text               mc_w.l(memseta.o)
    0x080002dc   0x00000024   Code   RO         8497    .text               mc_w.l(init.o)
    0x08000300   0x00000056   Code   RO         8507    .text               mc_w.l(__dczerorl2.o)
    0x08000356   0x0000000a   Code   RO         7520    i.AFE44xxInterrupt_Enable  main.o
    0x08000360   0x0000000e   Code   RO         7521    i.AFE44xxInterrupt_Init  main.o
    0x0800036e   0x00000002   PAD
    0x08000370   0x000001bc   Code   RO            5    i.AFE44xx_Init      afe4490.o
    0x0800052c   0x00000044   Code   RO            7    i.AFE44xx_Read      afe4490.o
    0x08000570   0x00000078   Code   RO            8    i.AFE44xx_ReadADC   afe4490.o
    0x080005e8   0x00000130   Code   RO            9    i.AFE44xx_RecData   afe4490.o
    0x08000718   0x00000040   Code   RO           10    i.AFE44xx_Write     afe4490.o
    0x08000758   0x00000178   Code   RO           11    i.AFE44xx_gpio_init  afe4490.o
    0x080008d0   0x00000060   Code   RO           12    i.AFE44xx_spi_init  afe4490.o
    0x08000930   0x00000074   Code   RO          603    i.BSP_LED_Init      stm32f4_tony.o
    0x080009a4   0x00000020   Code   RO          604    i.BSP_LED_Off       stm32f4_tony.o
    0x080009c4   0x00000020   Code   RO          605    i.BSP_LED_On        stm32f4_tony.o
    0x080009e4   0x00000004   Code   RO         7693    i.BusFault_Handler  stm32f4xx_it.o
    0x080009e8   0x00000010   Code   RO         7694    i.DMA2_Stream2_IRQHandler  stm32f4xx_it.o
    0x080009f8   0x00000010   Code   RO         7695    i.DMA2_Stream7_IRQHandler  stm32f4xx_it.o
    0x08000a08   0x00000020   Code   RO         2569    i.DMA_SetConfig     stm32f4xx_hal_dma.o
    0x08000a28   0x00000002   Code   RO         7696    i.DebugMon_Handler  stm32f4xx_it.o
    0x08000a2a   0x0000002a   Code   RO         7522    i.DelayMS           main.o
    0x08000a54   0x00000034   Code   RO         7524    i.EXTI4_IRQHandler  main.o
    0x08000a88   0x00000004   Code   RO          607    i.Error_Handler     stm32f4_tony.o
    0x08000a8c   0x00000004   Code   RO         7525    i.Error_Handler     main.o
    0x08000a90   0x00002638   Code   RO         2574    i.HAL_DMA_IRQHandler  stm32f4xx_hal_dma.o
    0x080030c8   0x0000007c   Code   RO         2575    i.HAL_DMA_Init      stm32f4xx_hal_dma.o
    0x08003144   0x0000008e   Code   RO         2578    i.HAL_DMA_Start_IT  stm32f4xx_hal_dma.o
    0x080031d2   0x00000002   Code   RO         3123    i.HAL_GPIO_EXTI_Callback  stm32f4xx_hal_gpio.o
    0x080031d4   0x0000001c   Code   RO         3124    i.HAL_GPIO_EXTI_IRQHandler  stm32f4xx_hal_gpio.o
    0x080031f0   0x00000208   Code   RO         3125    i.HAL_GPIO_Init     stm32f4xx_hal_gpio.o
    0x080033f8   0x0000000a   Code   RO         3129    i.HAL_GPIO_WritePin  stm32f4xx_hal_gpio.o
    0x08003402   0x00000002   PAD
    0x08003404   0x0000000c   Code   RO         1002    i.HAL_GetTick       stm32f4xx_hal.o
    0x08003410   0x0000003c   Code   RO         1004    i.HAL_Init          stm32f4xx_hal.o
    0x0800344c   0x00000024   Code   RO         1005    i.HAL_InitTick      stm32f4xx_hal.o
    0x08003470   0x00000002   Code   RO         7651    i.HAL_MspInit       stm32f4xx_hal_msp.o
    0x08003472   0x0000001a   Code   RO         1536    i.HAL_NVIC_EnableIRQ  stm32f4xx_hal_cortex.o
    0x0800348c   0x0000007c   Code   RO         1542    i.HAL_NVIC_SetPriority  stm32f4xx_hal_cortex.o
    0x08003508   0x00000028   Code   RO         1543    i.HAL_NVIC_SetPriorityGrouping  stm32f4xx_hal_cortex.o
    0x08003530   0x00000254   Code   RO         4481    i.HAL_RCC_ClockConfig  stm32f4xx_hal_rcc.o
    0x08003784   0x00000038   Code   RO         4486    i.HAL_RCC_GetHCLKFreq  stm32f4xx_hal_rcc.o
    0x080037bc   0x0000002c   Code   RO         4488    i.HAL_RCC_GetPCLK1Freq  stm32f4xx_hal_rcc.o
    0x080037e8   0x0000002c   Code   RO         4489    i.HAL_RCC_GetPCLK2Freq  stm32f4xx_hal_rcc.o
    0x08003814   0x000000c4   Code   RO         4490    i.HAL_RCC_GetSysClockFreq  stm32f4xx_hal_rcc.o
    0x080038d8   0x000003fc   Code   RO         4493    i.HAL_RCC_OscConfig  stm32f4xx_hal_rcc.o
    0x08003cd4   0x00000084   Code   RO         5456    i.HAL_SPI_Init      stm32f4xx_hal_spi.o
    0x08003d58   0x00000002   Code   RO         5458    i.HAL_SPI_MspInit   stm32f4xx_hal_spi.o
    0x08003d5a   0x00000034   Code   RO         1547    i.HAL_SYSTICK_Config  stm32f4xx_hal_cortex.o
    0x08003d8e   0x00000002   Code   RO         6570    i.HAL_UART_ErrorCallback  stm32f4xx_hal_uart.o
    0x08003d90   0x0000006a   Code   RO         6574    i.HAL_UART_Init     stm32f4xx_hal_uart.o
    0x08003dfa   0x00000002   PAD
    0x08003dfc   0x0000012c   Code   RO         7653    i.HAL_UART_MspInit  stm32f4xx_hal_msp.o
    0x08003f28   0x000000a4   Code   RO         6583    i.HAL_UART_Transmit_DMA  stm32f4xx_hal_uart.o
    0x08003fcc   0x0000000c   Code   RO          368    i.HAL_UART_TxCpltCallback  ble_nus51422.o
    0x08003fd8   0x00000002   Code   RO         6586    i.HAL_UART_TxHalfCpltCallback  stm32f4xx_hal_uart.o
    0x08003fda   0x00000004   Code   RO         7697    i.HardFault_Handler  stm32f4xx_it.o
    0x08003fde   0x00000002   PAD
    0x08003fe0   0x00000014   Code   RO         7526    i.MX_GPIO_Init      main.o
    0x08003ff4   0x0000003c   Code   RO          369    i.MX_USART1_UART_Init  ble_nus51422.o
    0x08004030   0x00000004   Code   RO         7698    i.MemManage_Handler  stm32f4xx_it.o
    0x08004034   0x00000002   Code   RO         7699    i.NMI_Handler       stm32f4xx_it.o
    0x08004036   0x00000002   PAD
    0x08004038   0x00000010   Code   RO         1549    i.NVIC_GetPriorityGrouping  stm32f4xx_hal_cortex.o
    0x08004048   0x00000014   Code   RO         7470    i.NVIC_PriorityGroupConfig  misc.o
    0x0800405c   0x00000028   Code   RO         1550    i.NVIC_SetPriority  stm32f4xx_hal_cortex.o
    0x08004084   0x00000024   Code   RO         7808    i.QueueInit         app_fifo.o
    0x080040a8   0x00000034   Code   RO           13    i.Spi2WriteByte     afe4490.o
    0x080040dc   0x00000020   Code   RO         7527    i.StartThread       main.o
    0x080040fc   0x0000007c   Code   RO         7528    i.SystemClock_Config  main.o
    0x08004178   0x00000064   Code   RO          661    i.SystemInit        system_stm32f4xx.o
    0x080041dc   0x00000024   Code   RO         6587    i.UART_DMAError     stm32f4xx_hal_uart.o
    0x08004200   0x00000064   Code   RO         6590    i.UART_DMATransmitCplt  stm32f4xx_hal_uart.o
    0x08004264   0x0000000e   Code   RO         6591    i.UART_DMATxHalfCplt  stm32f4xx_hal_uart.o
    0x08004272   0x00000002   PAD
    0x08004274   0x00000228   Code   RO         6593    i.UART_SetConfig    stm32f4xx_hal_uart.o
    0x0800449c   0x000000fa   Code   RO         6595    i.UART_WaitOnFlagUntilTimeout  stm32f4xx_hal_uart.o
    0x08004596   0x00000004   Code   RO         7701    i.UsageFault_Handler  stm32f4xx_it.o
    0x0800459a   0x0000000e   Code   RO         8501    i.__scatterload_copy  mc_w.l(handlers.o)
    0x080045a8   0x00000002   Code   RO         8502    i.__scatterload_null  mc_w.l(handlers.o)
    0x080045aa   0x0000000e   Code   RO         8503    i.__scatterload_zeroinit  mc_w.l(handlers.o)
    0x080045b8   0x00000024   Code   RO         7810    i.app_fifo_get      app_fifo.o
    0x080045dc   0x00000024   Code   RO         7811    i.app_fifo_init     app_fifo.o
    0x08004600   0x0000000c   Code   RO         7812    i.app_fifo_length   app_fifo.o
    0x0800460c   0x00000026   Code   RO         7813    i.app_fifo_put      app_fifo.o
    0x08004632   0x00000010   Code   RO          687    i.inHandlerMode     cmsis_os.o
    0x08004642   0x00000002   PAD
    0x08004644   0x000000c8   Code   RO         7529    i.initHeartRateDataType  main.o
    0x0800470c   0x00000128   Code   RO         7530    i.main              main.o
    0x08004834   0x0000000e   Code   RO          688    i.makeFreeRtosPriority  cmsis_os.o
    0x08004842   0x00000002   PAD
    0x08004844   0x0000006c   Code   RO         8450    i.malloc            mc_w.l(malloc.o)
    0x080048b0   0x00000018   Code   RO          689    i.osDelay           cmsis_os.o
    0x080048c8   0x00000018   Code   RO          692    i.osKernelStart     cmsis_os.o
    0x080048e0   0x00000012   Code   RO          700    i.osMessageCreate   cmsis_os.o
    0x080048f2   0x00000002   PAD
    0x080048f4   0x00000058   Code   RO          703    i.osMessagePut      cmsis_os.o
    0x0800494c   0x0000000c   Code   RO          704    i.osMutexCreate     cmsis_os.o
    0x08004958   0x00000026   Code   RO          706    i.osMutexRelease    cmsis_os.o
    0x0800497e   0x00000040   Code   RO          707    i.osMutexWait       cmsis_os.o
    0x080049be   0x00000032   Code   RO          719    i.osThreadCreate    cmsis_os.o
    0x080049f0   0x0000003a   Code   RO          377    i.packageHRD        ble_nus51422.o
    0x08004a2a   0x00000002   PAD
    0x08004a2c   0x00000054   Code   RO         8086    i.prvAddCurrentTaskToDelayedList  tasks.o
    0x08004a80   0x0000003a   Code   RO         8087    i.prvAllocateTCBAndStack  tasks.o
    0x08004aba   0x00000002   PAD
    0x08004abc   0x00000064   Code   RO         8088    i.prvCheckTasksWaitingTermination  tasks.o
    0x08004b20   0x0000002a   Code   RO         7920    i.prvCopyDataFromQueue  queue.o
    0x08004b4a   0x00000076   Code   RO         7921    i.prvCopyDataToQueue  queue.o
    0x08004bc0   0x00000012   Code   RO         8089    i.prvDeleteTCB      tasks.o
    0x08004bd2   0x00000002   PAD
    0x08004bd4   0x0000007c   Code   RO         8395    i.prvHeapInit       heap_4.o
    0x08004c50   0x00000018   Code   RO         8090    i.prvIdleTask       tasks.o
    0x08004c68   0x00000056   Code   RO         8091    i.prvInitialiseTCBVariables  tasks.o
    0x08004cbe   0x00000002   PAD
    0x08004cc0   0x00000068   Code   RO         8092    i.prvInitialiseTaskLists  tasks.o
    0x08004d28   0x00000068   Code   RO         8396    i.prvInsertBlockIntoFreeList  heap_4.o
    0x08004d90   0x0000001a   Code   RO         7922    i.prvIsQueueEmpty   queue.o
    0x08004daa   0x0000001e   Code   RO         7923    i.prvIsQueueFull    queue.o
    0x08004dc8   0x00000010   Code   RO         7532    i.prvSetupHardware  main.o
    0x08004dd8   0x00000024   Code   RO         8325    i.prvTaskExitError  port.o
    0x08004dfc   0x0000007e   Code   RO         7924    i.prvUnlockQueue    queue.o
    0x08004e7a   0x00000002   PAD
    0x08004e7c   0x000000b8   Code   RO         8397    i.pvPortMalloc      heap_4.o
    0x08004f34   0x00000028   Code   RO         8326    i.pxPortInitialiseStack  port.o
    0x08004f5c   0x00000090   Code   RO          379    i.upQueueReadThread  ble_nus51422.o
    0x08004fec   0x0000008c   Code   RO          380    i.upQueueWriteThread  ble_nus51422.o
    0x08005078   0x00000028   Code   RO         7881    i.uxListRemove      list.o
    0x080050a0   0x0000004c   Code   RO         7533    i.vHandlerAFE44xxITTASK  main.o
    0x080050ec   0x0000001a   Code   RO         7882    i.vListInitialise   list.o
    0x08005106   0x00000006   Code   RO         7883    i.vListInitialiseItem  list.o
    0x0800510c   0x00000034   Code   RO         7884    i.vListInsert       list.o
    0x08005140   0x00000018   Code   RO         7885    i.vListInsertEnd    list.o
    0x08005158   0x00000020   Code   RO         8328    i.vPortEnterCritical  port.o
    0x08005178   0x00000020   Code   RO         8329    i.vPortExitCritical  port.o
    0x08005198   0x00000078   Code   RO         8398    i.vPortFree         heap_4.o
    0x08005210   0x00000020   Code   RO         8330    i.vPortSetupTimerInterrupt  port.o
    0x08005230   0x0000005c   Code   RO         8331    i.vPortValidateInterruptPriority  port.o
    0x0800528c   0x00000018   Code   RO         8332    i.vPortYield        port.o
    0x080052a4   0x00000018   Code   RO         7535    i.vTask1a           main.o
    0x080052bc   0x00000040   Code   RO         7536    i.vTask2a           main.o
    0x080052fc   0x0000002c   Code   RO         7537    i.vTask3a           main.o
    0x08005328   0x00000038   Code   RO         8099    i.vTaskDelay        tasks.o
    0x08005360   0x0000000c   Code   RO         8102    i.vTaskMissedYield  tasks.o
    0x0800536c   0x00000054   Code   RO         8103    i.vTaskPlaceOnEventList  tasks.o
    0x080053c0   0x00000050   Code   RO         8104    i.vTaskPriorityDisinherit  tasks.o
    0x08005410   0x00000084   Code   RO         8105    i.vTaskPriorityInherit  tasks.o
    0x08005494   0x00000024   Code   RO         8109    i.vTaskSetTimeOutState  tasks.o
    0x080054b8   0x00000054   Code   RO         8110    i.vTaskStartScheduler  tasks.o
    0x0800550c   0x00000010   Code   RO         8112    i.vTaskSuspendAll   tasks.o
    0x0800551c   0x00000090   Code   RO         8113    i.vTaskSwitchContext  tasks.o
    0x080055ac   0x000000b4   Code   RO         8333    i.xPortStartScheduler  port.o
    0x08005660   0x00000020   Code   RO         8334    i.xPortSysTickHandler  port.o
    0x08005680   0x00000056   Code   RO         7935    i.xQueueCreateMutex  queue.o
    0x080056d6   0x0000005c   Code   RO         7936    i.xQueueGenericCreate  queue.o
    0x08005732   0x00000140   Code   RO         7937    i.xQueueGenericReceive  queue.o
    0x08005872   0x00000078   Code   RO         7938    i.xQueueGenericReset  queue.o
    0x080058ea   0x0000011a   Code   RO         7939    i.xQueueGenericSend  queue.o
    0x08005a04   0x000000ac   Code   RO         7940    i.xQueueGenericSendFromISR  queue.o
    0x08005ab0   0x00000074   Code   RO         8114    i.xTaskCheckForTimeOut  tasks.o
    0x08005b24   0x00000138   Code   RO         8115    i.xTaskGenericCreate  tasks.o
    0x08005c5c   0x0000000c   Code   RO         8116    i.xTaskGetCurrentTaskHandle  tasks.o
    0x08005c68   0x00000160   Code   RO         8120    i.xTaskIncrementTick  tasks.o
    0x08005dc8   0x00000088   Code   RO         8122    i.xTaskRemoveFromEventList  tasks.o
    0x08005e50   0x000000e8   Code   RO         8123    i.xTaskResumeAll    tasks.o
    0x08005f38   0x00000008   Data   RO          608    .constdata          stm32f4_tony.o
    0x08005f40   0x00000010   Data   RO         4494    .constdata          stm32f4xx_hal_rcc.o
    0x08005f50   0x00000084   Data   RO         7539    .constdata          main.o
    0x08005fd4   0x0000007b   Data   RO         7540    .conststring        main.o
    0x0800604f   0x00000001   PAD
    0x08006050   0x00000020   Data   RO         8499    Region$$Table       anon$$obj.o


    Execution Region RW_IRAM1 (Base: 0x20000000, Size: 0x0000bb60, Max: 0x00030000, ABSOLUTE, COMPRESSED[0x000001e8])

    Base Addr    Size         Type   Attr      Idx    E Section Name        Object

    0x20000000   0x0000022c   Data   RW           23    .data               afe4490.o
    0x2000022c   0x00000152   Data   RW          384    .data               ble_nus51422.o
    0x2000037e   0x00000002   PAD
    0x20000380   0x00000010   Data   RW          609    .data               stm32f4_tony.o
    0x20000390   0x00000014   Data   RW          662    .data               system_stm32f4xx.o
    0x200003a4   0x00000004   Data   RW         1010    .data               stm32f4xx_hal.o
    0x200003a8   0x00000044   Data   RW         7541    .data               main.o
    0x200003ec   0x00000004   Data   RW         7816    .data               app_fifo.o
    0x200003f0   0x00000038   Data   RW         8126    .data               tasks.o
    0x20000428   0x0000000c   Data   RW         8335    .data               port.o
    0x20000434   0x00000014   Data   RW         8402    .data               heap_4.o
    0x20000448   0x00000004   Data   RW         8495    .data               mc_w.l(mvars.o)
    0x2000044c   0x00000004   Data   RW         8496    .data               mc_w.l(mvars.o)
    0x20000450   0x000070a4   Zero   RW           21    .bss                afe4490.o
    0x200074f4   0x00000100   Zero   RW          381    .bss                ble_nus51422.o
    0x200075f4   0x00000129   Zero   RW         7538    .bss                main.o
    0x2000771d   0x00000003   PAD
    0x20007720   0x00000140   Zero   RW         7654    .bss                stm32f4xx_hal_msp.o
    0x20007860   0x00000010   Zero   RW         7815    .bss                app_fifo.o
    0x20007870   0x000000f0   Zero   RW         8125    .bss                tasks.o
    0x20007960   0x00003c00   Zero   RW         8401    .bss                heap_4.o
    0x2000b560   0x00000200   Zero   RW         7512    HEAP                startup_stm32f439xx.o
    0x2000b760   0x00000400   Zero   RW         7511    STACK               startup_stm32f439xx.o


==============================================================================

Image component sizes


      Code (inc. data)   RO Data    RW Data    ZI Data      Debug   Object Name

      1524        116          0        556      28836     362474   afe4490.o
       158         10          0          4         16       5472   app_fifo.o
       414         44          0        338        256      33155   ble_nus51422.o
       348          4          0          0          0      12939   cmsis_os.o
       532         56          0         20      15360       4615   heap_4.o
       148          0          0          0          0       3862   list.o
      1018        106        255         68        297      11302   main.o
        20         10          0          0          0        631   misc.o
       674         92          0         12          0       7698   port.o
      1414          0          0          0          0      11281   queue.o
        36          8        428          0       1536        972   startup_stm32f439xx.o
       184         28          8         16          0       5547   stm32f4_tony.o
       108         12          0          4          0       3248   stm32f4xx_hal.o
       298         22          0          0          0      31059   stm32f4xx_hal_cortex.o
     10082        110          0          0          0       8871   stm32f4xx_hal_dma.o
       560         58          0          0          0       4612   stm32f4xx_hal_gpio.o
       302         20          0          0        320       2206   stm32f4xx_hal_msp.o
      1956         70         16          0          0       6359   stm32f4xx_hal_rcc.o
       134          0          0          0          0       1801   stm32f4xx_hal_spi.o
      1226         22          0          0          0       7075   stm32f4xx_hal_uart.o
        52          8          0          0          0       3993   stm32f4xx_it.o
       100         18          0         20          0       1209   system_stm32f4xx.o
      2278        322          0         56        240      20109   tasks.o

    ----------------------------------------------------------------------
     23596       1136        740       1096      46864     550490   Object Totals
         0          0         32          0          0          0   (incl. Generated)
        30          0          1          2          3          0   (incl. Padding)

    ----------------------------------------------------------------------

      Code (inc. data)   RO Data    RW Data    ZI Data      Debug   Library Member Name

        86          0          0          0          0          0   __dczerorl2.o
         0          0          0          0          0          0   entry.o
         0          0          0          0          0          0   entry10a.o
         0          0          0          0          0          0   entry11a.o
         8          4          0          0          0          0   entry2.o
         4          0          0          0          0          0   entry5.o
         0          0          0          0          0          0   entry7b.o
         0          0          0          0          0          0   entry8b.o
         8          4          0          0          0          0   entry9a.o
        30          0          0          0          0          0   handlers.o
        36          8          0          0          0         68   init.o
       108         16          0          0          0         84   malloc.o
        36          0          0          0          0         68   memcpya.o
        36          0          0          0          0        108   memseta.o
         0          0          0          8          0          0   mvars.o

    ----------------------------------------------------------------------
       352         32          0          8          0        328   Library Totals
         0          0          0          0          0          0   (incl. Padding)

    ----------------------------------------------------------------------

      Code (inc. data)   RO Data    RW Data    ZI Data      Debug   Library Name

       352         32          0          8          0        328   mc_w.l

    ----------------------------------------------------------------------
       352         32          0          8          0        328   Library Totals

    ----------------------------------------------------------------------

==============================================================================


      Code (inc. data)   RO Data    RW Data    ZI Data      Debug   

     23948       1168        740       1104      46864     536998   Grand Totals
     23948       1168        740        488      46864     536998   ELF Image Totals (compressed)
     23948       1168        740        488          0          0   ROM Totals

==============================================================================

    Total RO  Size (Code + RO Data)                24688 (  24.11kB)
    Total RW  Size (RW Data + ZI Data)             47968 (  46.84kB)
    Total ROM Size (Code + RO Data + RW Data)      25176 (  24.59kB)

==============================================================================

