Component: ARM Compiler 5.05 (build 41) Tool: armlink [4d0eb9]

==============================================================================

Section Cross References

    ble_nus.o(i.ble_nus_init) refers to ble_nus.o(i.hr_char_add) for hr_char_add
    ble_nus.o(i.ble_nus_init) refers to ble_nus.o(i.prod_char_add) for prod_char_add
    ble_nus.o(i.ble_nus_on_ble_evt) refers to ble_nus.o(i.on_write) for on_write
    ble_nus.o(i.hr_char_add) refers to memseta.o(.text) for __aeabi_memclr4
    ble_nus.o(i.on_write) refers to ble_nus.o(i.ble_srv_is_notification_enabled) for ble_srv_is_notification_enabled
    ble_nus.o(i.prod_char_add) refers to memseta.o(.text) for __aeabi_memclr4
    ble_nus.o(i.updateUartRxSetting) refers to simple_uart.o(i.simple_uart_put) for simple_uart_put
    ble_nus.o(i.updateUartRxSetting) refers to app_fifo.o(i.app_fifo_init) for app_fifo_init
    ble_nus.o(i.updateUartRxSetting) refers to main.o(.data) for flagStartRx
    ble_nus.o(i.updateUartRxSetting) refers to main.o(.data) for flagBleTxBusy
    ble_nus.o(i.updateUartRxSetting) refers to main.o(.data) for flagStartRxUpdated
    ble_nus.o(i.updateUartRxSetting) refers to main.o(.bss) for gUartFifo
    main.o(i.SendHeartRateDataAgainAndAgain) refers to memcpya.o(.text) for __aeabi_memcpy4
    main.o(i.SendHeartRateDataAgainAndAgain) refers to ble_nus.o(i.ble_nus_send_string) for ble_nus_send_string
    main.o(i.SendHeartRateDataAgainAndAgain) refers to main.o(i.app_error_handler) for app_error_handler
    main.o(i.SendHeartRateDataAgainAndAgain) refers to main.o(.bss) for .bss
    main.o(i.SystemTimeInit) refers to app_timer.o(i.app_timer_create) for app_timer_create
    main.o(i.SystemTimeInit) refers to app_timer.o(i.app_timer_start) for app_timer_start
    main.o(i.SystemTimeInit) refers to main.o(i.system_tick_10ms_handler) for system_tick_10ms_handler
    main.o(i.SystemTimeInit) refers to main.o(.data) for .data
    main.o(i.UART0_IRQHandler) refers to simple_uart.o(i.simple_uart_get) for simple_uart_get
    main.o(i.UART0_IRQHandler) refers to app_fifo.o(i.app_fifo_put) for app_fifo_put
    main.o(i.UART0_IRQHandler) refers to queue.o(.bss) for upQueue
    main.o(i.UART0_IRQHandler) refers to main.o(.data) for .data
    main.o(i.advertising_start) refers to memseta.o(.text) for __aeabi_memclr4
    main.o(i.advertising_start) refers to bsp.o(i.bsp_indication_set) for bsp_indication_set
    main.o(i.advertising_start) refers to main.o(i.app_error_handler) for app_error_handler
    main.o(i.app_error_handler) refers to bsp.o(i.bsp_indication_set) for bsp_indication_set
    main.o(i.assert_nrf_callback) refers to main.o(i.app_error_handler) for app_error_handler
    main.o(i.bleTx) refers to memseta.o(.text) for __aeabi_memclr4
    main.o(i.bleTx) refers to app_fifo.o(i.app_fifo_get) for app_fifo_get
    main.o(i.bleTx) refers to ble_nus.o(i.ble_nus_send_string) for ble_nus_send_string
    main.o(i.bleTx) refers to main.o(i.app_error_handler) for app_error_handler
    main.o(i.bleTx) refers to main.o(.bss) for .bss
    main.o(i.bleTx) refers to main.o(.data) for .data
    main.o(i.ble_evt_dispatch) refers to ble_conn_params.o(i.ble_conn_params_on_ble_evt) for ble_conn_params_on_ble_evt
    main.o(i.ble_evt_dispatch) refers to ble_nus.o(i.ble_nus_on_ble_evt) for ble_nus_on_ble_evt
    main.o(i.ble_evt_dispatch) refers to main.o(i.on_ble_evt) for on_ble_evt
    main.o(i.ble_evt_dispatch) refers to main.o(.bss) for .bss
    main.o(i.conn_params_error_handler) refers to main.o(i.app_error_handler) for app_error_handler
    main.o(i.gap_params_init) refers to strlen.o(.text) for strlen
    main.o(i.gap_params_init) refers to main.o(i.app_error_handler) for app_error_handler
    main.o(i.gap_params_init) refers to main.o(.data) for .data
    main.o(i.main) refers to app_timer.o(i.app_timer_init) for app_timer_init
    main.o(i.main) refers to app_gpiote.o(i.app_gpiote_init) for app_gpiote_init
    main.o(i.main) refers to softdevice_handler.o(i.softdevice_handler_init) for softdevice_handler_init
    main.o(i.main) refers to softdevice_handler.o(i.softdevice_ble_evt_handler_set) for softdevice_ble_evt_handler_set
    main.o(i.main) refers to main.o(i.gap_params_init) for gap_params_init
    main.o(i.main) refers to ble_nus.o(i.ble_nus_init) for ble_nus_init
    main.o(i.main) refers to memseta.o(.text) for __aeabi_memclr4
    main.o(i.main) refers to ble_advdata.o(i.ble_advdata_set) for ble_advdata_set
    main.o(i.main) refers to ble_conn_params.o(i.ble_conn_params_init) for ble_conn_params_init
    main.o(i.main) refers to main.o(i.sec_params_init) for sec_params_init
    main.o(i.main) refers to main.o(i.advertising_start) for advertising_start
    main.o(i.main) refers to main.o(i.SystemTimeInit) for SystemTimeInit
    main.o(i.main) refers to queue.o(i.QueueInit) for QueueInit
    main.o(i.main) refers to main.o(i.uart_init) for uart_init
    main.o(i.main) refers to queue.o(i.upQueueRead) for upQueueRead
    main.o(i.main) refers to main.o(i.app_error_handler) for app_error_handler
    main.o(i.main) refers to main.o(.data) for .data
    main.o(i.main) refers to main.o(.bss) for .bss
    main.o(i.main) refers to main.o(i.ble_evt_dispatch) for ble_evt_dispatch
    main.o(i.main) refers to main.o(i.nus_data_handler) for nus_data_handler
    main.o(i.main) refers to main.o(.constdata) for .constdata
    main.o(i.main) refers to main.o(i.on_conn_params_evt) for on_conn_params_evt
    main.o(i.main) refers to main.o(i.conn_params_error_handler) for conn_params_error_handler
    main.o(i.on_ble_evt) refers to bsp.o(i.bsp_indication_set) for bsp_indication_set
    main.o(i.on_ble_evt) refers to main.o(i.advertising_start) for advertising_start
    main.o(i.on_ble_evt) refers to memcpya.o(.text) for __aeabi_memcpy
    main.o(i.on_ble_evt) refers to bsp.o(i.bsp_buttons_enable) for bsp_buttons_enable
    main.o(i.on_ble_evt) refers to main.o(i.app_error_handler) for app_error_handler
    main.o(i.on_ble_evt) refers to main.o(.data) for .data
    main.o(i.on_ble_evt) refers to main.o(.bss) for .bss
    main.o(i.on_conn_params_evt) refers to main.o(i.app_error_handler) for app_error_handler
    main.o(i.on_conn_params_evt) refers to main.o(.data) for .data
    main.o(i.sec_params_init) refers to main.o(.data) for .data
    main.o(i.system_tick_10ms_handler) refers to main.o(.data) for .data
    main.o(i.uart_init) refers to simple_uart.o(i.simple_uart_config) for simple_uart_config
    main.o(i.uart_init) refers to malloc.o(i.malloc) for malloc
    main.o(i.uart_init) refers to app_fifo.o(i.app_fifo_init) for app_fifo_init
    main.o(i.uart_init) refers to main.o(.data) for .data
    main.o(i.uart_init) refers to main.o(.bss) for .bss
    uart_protocol.o(i.framePackage) refers to uart_protocol.o(.data) for .data
    uart_protocol.o(.data) refers to uart_protocol.o(.data) for heartRateDataPackageSample
    queue.o(i.QueueInit) refers to malloc.o(i.malloc) for malloc
    queue.o(i.QueueInit) refers to app_fifo.o(i.app_fifo_init) for app_fifo_init
    queue.o(i.QueueInit) refers to queue.o(.data) for .data
    queue.o(i.QueueInit) refers to queue.o(.bss) for .bss
    queue.o(i.upQueueGetStruct) refers to app_fifo.o(i.app_fifo_get) for app_fifo_get
    queue.o(i.upQueueGetStruct) refers to memcpya.o(.text) for __aeabi_memcpy
    queue.o(i.upQueueRead) refers to app_fifo.o(i.app_fifo_length) for app_fifo_length
    queue.o(i.upQueueRead) refers to app_fifo.o(i.app_fifo_get) for app_fifo_get
    queue.o(i.upQueueRead) refers to ble_nus.o(i.ble_nus_send_string_byhandle) for ble_nus_send_string_byhandle
    queue.o(i.upQueueRead) refers to queue.o(.bss) for .bss
    queue.o(i.upQueueWrite) refers to app_fifo.o(i.app_fifo_length) for app_fifo_length
    queue.o(i.upQueueWrite) refers to app_fifo.o(i.app_fifo_put) for app_fifo_put
    queue.o(i.upQueueWrite) refers to queue.o(.bss) for .bss
    queue.o(i.upQueueWrite) refers to queue.o(.data) for .data
    bsp.o(i.bsp_button_event_handler) refers to bsp.o(.data) for .data
    bsp.o(i.bsp_button_event_handler) refers to bsp.o(.constdata) for .constdata
    bsp.o(i.bsp_buttons_enable) refers to bsp.o(.constdata) for .constdata
    bsp.o(i.bsp_buttons_state_get) refers to bsp.o(.constdata) for .constdata
    bsp.o(i.bsp_event_to_button_assign) refers to bsp.o(.data) for .data
    bsp.o(i.bsp_indication_set) refers to bsp.o(i.bsp_led_indication) for bsp_led_indication
    bsp.o(i.bsp_indication_set) refers to bsp.o(.data) for .data
    bsp.o(i.bsp_indication_text_set) refers to bsp.o(i.bsp_indication_set) for bsp_indication_set
    bsp.o(i.bsp_init) refers to bsp.o(i.bsp_event_to_button_assign) for bsp_event_to_button_assign
    bsp.o(i.bsp_init) refers to app_button.o(i.app_button_init) for app_button_init
    bsp.o(i.bsp_init) refers to main.o(i.app_error_handler) for app_error_handler
    bsp.o(i.bsp_init) refers to app_button.o(i.app_button_enable) for app_button_enable
    bsp.o(i.bsp_init) refers to app_timer.o(i.app_timer_create) for app_timer_create
    bsp.o(i.bsp_init) refers to bsp.o(.data) for .data
    bsp.o(i.bsp_init) refers to bsp.o(.constdata) for .constdata
    bsp.o(i.bsp_init) refers to bsp.o(i.leds_timer_handler) for leds_timer_handler
    bsp.o(i.bsp_init) refers to bsp.o(i.alert_timer_handler) for alert_timer_handler
    bsp.o(i.bsp_led_indication) refers to bsp.o(i.__ARM_common_switch8) for __ARM_common_switch8
    bsp.o(i.bsp_led_indication) refers to uidiv.o(.text) for __aeabi_uidivmod
    bsp.o(i.bsp_led_indication) refers to app_timer.o(i.app_timer_start) for app_timer_start
    bsp.o(i.bsp_led_indication) refers to app_timer.o(i.app_timer_stop) for app_timer_stop
    bsp.o(i.bsp_led_indication) refers to bsp.o(.data) for .data
    bsp.o(i.leds_timer_handler) refers to bsp.o(i.bsp_led_indication) for bsp_led_indication
    bsp.o(i.leds_timer_handler) refers to bsp.o(.data) for .data
    bsp.o(.constdata) refers to bsp.o(i.bsp_button_event_handler) for bsp_button_event_handler
    arm_startup_nrf51.o(RESET) refers to arm_startup_nrf51.o(STACK) for __initial_sp
    arm_startup_nrf51.o(RESET) refers to arm_startup_nrf51.o(.text) for Reset_Handler
    arm_startup_nrf51.o(RESET) refers to main.o(i.UART0_IRQHandler) for UART0_IRQHandler
    arm_startup_nrf51.o(RESET) refers to app_gpiote.o(i.GPIOTE_IRQHandler) for GPIOTE_IRQHandler
    arm_startup_nrf51.o(RESET) refers to app_timer.o(i.RTC1_IRQHandler) for RTC1_IRQHandler
    arm_startup_nrf51.o(RESET) refers to app_timer.o(i.SWI0_IRQHandler) for SWI0_IRQHandler
    arm_startup_nrf51.o(RESET) refers to softdevice_handler.o(i.SWI2_IRQHandler) for SWI2_IRQHandler
    arm_startup_nrf51.o(.text) refers to system_nrf51.o(i.SystemInit) for SystemInit
    arm_startup_nrf51.o(.text) refers to entry.o(.ARM.Collect$$$$00000000) for __main
    system_nrf51.o(i.SystemCoreClockUpdate) refers to system_nrf51.o(.data) for .data
    system_nrf51.o(i.SystemInit) refers to system_nrf51.o(i.is_manual_peripheral_setup_needed) for is_manual_peripheral_setup_needed
    ble_srv_common.o(i.ble_srv_ascii_to_utf8) refers to strlen.o(.text) for strlen
    ble_advdata.o(i.adv_data_encode) refers to ble_advdata.o(i.name_encode) for name_encode
    ble_advdata.o(i.adv_data_encode) refers to ble_advdata.o(i.uint16_encode) for uint16_encode
    ble_advdata.o(i.adv_data_encode) refers to memcpya.o(.text) for __aeabi_memcpy
    ble_advdata.o(i.adv_data_encode) refers to ble_advdata.o(i.uuid_list_encode) for uuid_list_encode
    ble_advdata.o(i.adv_data_encode) refers to ble_advdata.o(i.conn_int_encode) for conn_int_encode
    ble_advdata.o(i.adv_data_encode) refers to ble_advdata.o(i.manuf_specific_data_encode) for manuf_specific_data_encode
    ble_advdata.o(i.adv_data_encode) refers to ble_advdata.o(i.service_data_encode) for service_data_encode
    ble_advdata.o(i.ble_advdata_set) refers to ble_advdata.o(i.adv_data_encode) for adv_data_encode
    ble_advdata.o(i.conn_int_encode) refers to ble_advdata.o(i.uint16_encode) for uint16_encode
    ble_advdata.o(i.manuf_specific_data_encode) refers to ble_advdata.o(i.uint16_encode) for uint16_encode
    ble_advdata.o(i.manuf_specific_data_encode) refers to memcpya.o(.text) for __aeabi_memcpy
    ble_advdata.o(i.service_data_encode) refers to ble_advdata.o(i.uint16_encode) for uint16_encode
    ble_advdata.o(i.service_data_encode) refers to memcpya.o(.text) for __aeabi_memcpy
    ble_advdata.o(i.uuid_list_encode) refers to ble_advdata.o(i.uuid_list_sized_encode) for uuid_list_sized_encode
    ble_conn_params.o(i.ble_conn_params_change_conn_params) refers to memcpya.o(.text) for __aeabi_memcpy
    ble_conn_params.o(i.ble_conn_params_change_conn_params) refers to ble_conn_params.o(i.is_conn_params_ok) for is_conn_params_ok
    ble_conn_params.o(i.ble_conn_params_change_conn_params) refers to ble_conn_params.o(.data) for .data
    ble_conn_params.o(i.ble_conn_params_change_conn_params) refers to ble_conn_params.o(.bss) for .bss
    ble_conn_params.o(i.ble_conn_params_init) refers to memcpya.o(.text) for __aeabi_memcpy4
    ble_conn_params.o(i.ble_conn_params_init) refers to app_timer.o(i.app_timer_create) for app_timer_create
    ble_conn_params.o(i.ble_conn_params_init) refers to ble_conn_params.o(.bss) for .bss
    ble_conn_params.o(i.ble_conn_params_init) refers to ble_conn_params.o(.data) for .data
    ble_conn_params.o(i.ble_conn_params_init) refers to ble_conn_params.o(i.update_timeout_handler) for update_timeout_handler
    ble_conn_params.o(i.ble_conn_params_on_ble_evt) refers to memcpya.o(.text) for __aeabi_memcpy
    ble_conn_params.o(i.ble_conn_params_on_ble_evt) refers to ble_conn_params.o(i.conn_params_negotiation) for conn_params_negotiation
    ble_conn_params.o(i.ble_conn_params_on_ble_evt) refers to app_timer.o(i.app_timer_stop) for app_timer_stop
    ble_conn_params.o(i.ble_conn_params_on_ble_evt) refers to ble_conn_params.o(.data) for .data
    ble_conn_params.o(i.ble_conn_params_on_ble_evt) refers to ble_conn_params.o(.bss) for .bss
    ble_conn_params.o(i.ble_conn_params_stop) refers to app_timer.o(i.app_timer_stop) for app_timer_stop
    ble_conn_params.o(i.ble_conn_params_stop) refers to ble_conn_params.o(.data) for .data
    ble_conn_params.o(i.conn_params_negotiation) refers to ble_conn_params.o(i.is_conn_params_ok) for is_conn_params_ok
    ble_conn_params.o(i.conn_params_negotiation) refers to app_timer.o(i.app_timer_start) for app_timer_start
    ble_conn_params.o(i.conn_params_negotiation) refers to ble_conn_params.o(.data) for .data
    ble_conn_params.o(i.conn_params_negotiation) refers to ble_conn_params.o(.bss) for .bss
    ble_conn_params.o(i.is_conn_params_ok) refers to ble_conn_params.o(.data) for .data
    ble_conn_params.o(i.update_timeout_handler) refers to ble_conn_params.o(.data) for .data
    ble_conn_params.o(i.update_timeout_handler) refers to ble_conn_params.o(.bss) for .bss
    nrf_delay.o(i.nrf_delay_ms) refers to nrf_delay.o(.emb_text) for __asm___11_nrf_delay_c_532987f3__nrf_delay_us
    simple_uart.o(i.simple_uart_get_with_timeout) refers to simple_uart.o(.emb_text) for __asm___13_simple_uart_c_5dda6715__nrf_delay_us
    simple_uart.o(i.simple_uart_putstring) refers to simple_uart.o(i.simple_uart_put) for simple_uart_put
    simple_uart.o(i.simple_uart_putstring_checksum) refers to simple_uart.o(i.simple_uart_put) for simple_uart_put
    app_button.o(i.app_button_disable) refers to app_gpiote.o(i.app_gpiote_user_disable) for app_gpiote_user_disable
    app_button.o(i.app_button_disable) refers to app_timer.o(i.app_timer_stop) for app_timer_stop
    app_button.o(i.app_button_disable) refers to app_button.o(.data) for .data
    app_button.o(i.app_button_enable) refers to app_gpiote.o(i.app_gpiote_user_enable) for app_gpiote_user_enable
    app_button.o(i.app_button_enable) refers to app_button.o(.data) for .data
    app_button.o(i.app_button_init) refers to app_gpiote.o(i.app_gpiote_user_register) for app_gpiote_user_register
    app_button.o(i.app_button_init) refers to app_timer.o(i.app_timer_create) for app_timer_create
    app_button.o(i.app_button_init) refers to app_button.o(.data) for .data
    app_button.o(i.app_button_init) refers to app_button.o(i.gpiote_event_handler) for gpiote_event_handler
    app_button.o(i.app_button_init) refers to app_button.o(i.detection_delay_timeout_handler) for detection_delay_timeout_handler
    app_button.o(i.app_button_is_pushed) refers to app_gpiote.o(i.app_gpiote_pins_state_get) for app_gpiote_pins_state_get
    app_button.o(i.app_button_is_pushed) refers to app_button.o(.data) for .data
    app_button.o(i.button_handler_execute) refers to main.o(i.app_error_handler) for app_error_handler
    app_button.o(i.button_handler_execute) refers to app_button.o(.data) for .data
    app_button.o(i.detection_delay_timeout_handler) refers to app_gpiote.o(i.app_gpiote_pins_state_get) for app_gpiote_pins_state_get
    app_button.o(i.detection_delay_timeout_handler) refers to app_button.o(i.button_handler_execute) for button_handler_execute
    app_button.o(i.detection_delay_timeout_handler) refers to app_button.o(.data) for .data
    app_button.o(i.gpiote_event_handler) refers to app_timer.o(i.app_timer_stop) for app_timer_stop
    app_button.o(i.gpiote_event_handler) refers to app_timer.o(i.app_timer_start) for app_timer_start
    app_button.o(i.gpiote_event_handler) refers to app_button.o(.data) for .data
    app_gpiote.o(i.GPIOTE_IRQHandler) refers to app_gpiote.o(i.sense_level_toggle) for sense_level_toggle
    app_gpiote.o(i.GPIOTE_IRQHandler) refers to app_gpiote.o(.data) for .data
    app_gpiote.o(i.app_gpiote_init) refers to memseta.o(.text) for __aeabi_memclr4
    app_gpiote.o(i.app_gpiote_init) refers to app_gpiote.o(.data) for .data
    app_gpiote.o(i.app_gpiote_pins_state_get) refers to app_gpiote.o(.data) for .data
    app_gpiote.o(i.app_gpiote_user_disable) refers to app_gpiote.o(i.pins_sense_disable) for pins_sense_disable
    app_gpiote.o(i.app_gpiote_user_disable) refers to app_gpiote.o(.data) for .data
    app_gpiote.o(i.app_gpiote_user_enable) refers to app_gpiote.o(.data) for .data
    app_gpiote.o(i.app_gpiote_user_register) refers to app_gpiote.o(i.pins_sense_disable) for pins_sense_disable
    app_gpiote.o(i.app_gpiote_user_register) refers to app_gpiote.o(.data) for .data
    app_gpiote.o(i.pins_sense_disable) refers to app_gpiote.o(.data) for .data
    app_scheduler.o(i.app_sched_event_get) refers to app_scheduler.o(.data) for .data
    app_scheduler.o(i.app_sched_event_put) refers to main.o(i.app_error_handler) for app_error_handler
    app_scheduler.o(i.app_sched_event_put) refers to memcpya.o(.text) for __aeabi_memcpy
    app_scheduler.o(i.app_sched_event_put) refers to app_scheduler.o(.data) for .data
    app_scheduler.o(i.app_sched_execute) refers to app_scheduler.o(i.app_sched_event_get) for app_sched_event_get
    app_scheduler.o(i.app_sched_init) refers to app_scheduler.o(.data) for .data
    app_timer.o(i.RTC1_IRQHandler) refers to app_timer.o(i.timer_timeouts_check) for timer_timeouts_check
    app_timer.o(i.SWI0_IRQHandler) refers to app_timer.o(i.elapsed_ticks_acquire) for elapsed_ticks_acquire
    app_timer.o(i.SWI0_IRQHandler) refers to app_timer.o(i.list_deletions_handler) for list_deletions_handler
    app_timer.o(i.SWI0_IRQHandler) refers to app_timer.o(i.expired_timers_handler) for expired_timers_handler
    app_timer.o(i.SWI0_IRQHandler) refers to app_timer.o(i.list_insertions_handler) for list_insertions_handler
    app_timer.o(i.SWI0_IRQHandler) refers to app_timer.o(i.compare_reg_update) for compare_reg_update
    app_timer.o(i.SWI0_IRQHandler) refers to app_timer.o(.data) for .data
    app_timer.o(i.app_timer_create) refers to app_timer.o(.data) for .data
    app_timer.o(i.app_timer_init) refers to app_timer.o(i.rtc1_stop) for rtc1_stop
    app_timer.o(i.app_timer_init) refers to app_timer.o(i.NVIC_SetPriority) for NVIC_SetPriority
    app_timer.o(i.app_timer_init) refers to app_timer.o(.data) for .data
    app_timer.o(i.app_timer_start) refers to app_timer.o(i.user_id_get) for user_id_get
    app_timer.o(i.app_timer_start) refers to app_timer.o(i.user_op_alloc) for user_op_alloc
    app_timer.o(i.app_timer_start) refers to app_timer.o(i.timer_list_handler_sched) for timer_list_handler_sched
    app_timer.o(i.app_timer_start) refers to app_timer.o(.data) for .data
    app_timer.o(i.app_timer_stop) refers to app_timer.o(i.user_id_get) for user_id_get
    app_timer.o(i.app_timer_stop) refers to app_timer.o(i.user_op_alloc) for user_op_alloc
    app_timer.o(i.app_timer_stop) refers to app_timer.o(i.timer_list_handler_sched) for timer_list_handler_sched
    app_timer.o(i.app_timer_stop) refers to app_timer.o(.data) for .data
    app_timer.o(i.app_timer_stop_all) refers to app_timer.o(i.user_id_get) for user_id_get
    app_timer.o(i.app_timer_stop_all) refers to app_timer.o(i.user_op_alloc) for user_op_alloc
    app_timer.o(i.app_timer_stop_all) refers to app_timer.o(i.timer_list_handler_sched) for timer_list_handler_sched
    app_timer.o(i.app_timer_stop_all) refers to app_timer.o(.data) for .data
    app_timer.o(i.compare_reg_update) refers to app_timer.o(.emb_text) for __asm___11_app_timer_c_cd27f9c3__nrf_delay_us
    app_timer.o(i.compare_reg_update) refers to app_timer.o(i.rtc1_stop) for rtc1_stop
    app_timer.o(i.compare_reg_update) refers to app_timer.o(.data) for .data
    app_timer.o(i.elapsed_ticks_acquire) refers to app_timer.o(.data) for .data
    app_timer.o(i.expired_timers_handler) refers to app_timer.o(.data) for .data
    app_timer.o(i.list_deletions_handler) refers to app_timer.o(i.timer_list_remove) for timer_list_remove
    app_timer.o(i.list_deletions_handler) refers to app_timer.o(.data) for .data
    app_timer.o(i.list_insertions_handler) refers to app_timer.o(i.timer_list_insert) for timer_list_insert
    app_timer.o(i.list_insertions_handler) refers to app_timer.o(.data) for .data
    app_timer.o(i.rtc1_stop) refers to app_timer.o(.emb_text) for __asm___11_app_timer_c_cd27f9c3__nrf_delay_us
    app_timer.o(i.rtc1_stop) refers to app_timer.o(.data) for .data
    app_timer.o(i.timer_list_insert) refers to app_timer.o(.data) for .data
    app_timer.o(i.timer_list_remove) refers to app_timer.o(i.rtc1_stop) for rtc1_stop
    app_timer.o(i.timer_list_remove) refers to app_timer.o(.data) for .data
    app_timer.o(i.timer_timeouts_check) refers to main.o(i.app_error_handler) for app_error_handler
    app_timer.o(i.timer_timeouts_check) refers to app_timer.o(i.timer_list_handler_sched) for timer_list_handler_sched
    app_timer.o(i.timer_timeouts_check) refers to app_timer.o(.data) for .data
    softdevice_handler.o(i.SWI2_IRQHandler) refers to main.o(i.app_error_handler) for app_error_handler
    softdevice_handler.o(i.SWI2_IRQHandler) refers to softdevice_handler.o(i.intern_softdevice_events_execute) for intern_softdevice_events_execute
    softdevice_handler.o(i.SWI2_IRQHandler) refers to softdevice_handler.o(.data) for .data
    softdevice_handler.o(i.intern_softdevice_events_execute) refers to main.o(i.app_error_handler) for app_error_handler
    softdevice_handler.o(i.intern_softdevice_events_execute) refers to softdevice_handler.o(.data) for .data
    softdevice_handler.o(i.softdevice_assertion_handler) refers to main.o(i.assert_nrf_callback) for assert_nrf_callback
    softdevice_handler.o(i.softdevice_ble_evt_handler_set) refers to softdevice_handler.o(.data) for .data
    softdevice_handler.o(i.softdevice_handler_init) refers to softdevice_handler.o(.data) for .data
    softdevice_handler.o(i.softdevice_handler_init) refers to softdevice_handler.o(i.softdevice_assertion_handler) for softdevice_assertion_handler
    softdevice_handler.o(i.softdevice_handler_sd_disable) refers to softdevice_handler.o(.data) for .data
    softdevice_handler.o(i.softdevice_sys_evt_handler_set) refers to softdevice_handler.o(.data) for .data
    entry.o(.ARM.Collect$$$$00000000) refers (Special) to entry10a.o(.ARM.Collect$$$$0000000D) for __rt_final_cpp
    entry.o(.ARM.Collect$$$$00000000) refers (Special) to entry11a.o(.ARM.Collect$$$$0000000F) for __rt_final_exit
    entry.o(.ARM.Collect$$$$00000000) refers (Special) to entry7b.o(.ARM.Collect$$$$00000008) for _main_clock
    entry.o(.ARM.Collect$$$$00000000) refers (Special) to entry8b.o(.ARM.Collect$$$$0000000A) for _main_cpp_init
    entry.o(.ARM.Collect$$$$00000000) refers (Special) to entry9a.o(.ARM.Collect$$$$0000000B) for _main_init
    entry.o(.ARM.Collect$$$$00000000) refers (Special) to entry5.o(.ARM.Collect$$$$00000004) for _main_scatterload
    entry.o(.ARM.Collect$$$$00000000) refers (Special) to entry2.o(.ARM.Collect$$$$00000001) for _main_stk
    malloc.o(i.free) refers to mvars.o(.data) for __microlib_freelist
    malloc.o(i.malloc) refers to mvars.o(.data) for __microlib_freelist_initialised
    malloc.o(i.malloc) refers to mvars.o(.data) for __microlib_freelist
    malloc.o(i.malloc) refers to arm_startup_nrf51.o(HEAP) for __heap_base
    mallocr.o(i.__free$realloc) refers to mvars.o(.data) for __microlib_freelist
    mallocr.o(i.__malloc$realloc) refers to mallocr.o(i.internal_alloc) for internal_alloc
    mallocr.o(i.__malloc$realloc) refers to mvars.o(.data) for __microlib_freelist_initialised
    mallocr.o(i.__malloc$realloc) refers to arm_startup_nrf51.o(HEAP) for __heap_base
    mallocr.o(i.__malloc$realloc) refers to mvars.o(.data) for __microlib_freelist
    mallocr.o(i.internal_alloc) refers to memcpya.o(.text) for __aeabi_memcpy
    mallocr.o(i.internal_alloc) refers to mvars.o(.data) for __microlib_freelist
    mallocr.o(i.realloc) refers to mallocr.o(i.__free$realloc) for __free$realloc
    mallocr.o(i.realloc) refers to mallocr.o(i.internal_alloc) for internal_alloc
    mallocr.o(i.realloc) refers to mallocr.o(i.__malloc$realloc) for __malloc$realloc
    mallocr.o(i.realloc) refers to mvars.o(.data) for __microlib_freelist
    malloca.o(i.__aligned_malloc) refers to mvars.o(.data) for __microlib_freelist
    malloca.o(i.__aligned_malloc) refers to mvars.o(.data) for __microlib_freelist_initialised
    malloca.o(i.__aligned_malloc) refers to arm_startup_nrf51.o(HEAP) for __heap_base
    malloca.o(i.__free$memalign) refers to mvars.o(.data) for __microlib_freelist
    malloca.o(i.__malloc$memalign) refers to malloca.o(i.__aligned_malloc) for __aligned_malloc
    mallocra.o(i.__aligned_malloc$realloc) refers to mallocra.o(i.internal_alloc) for internal_alloc
    mallocra.o(i.__aligned_malloc$realloc) refers to arm_startup_nrf51.o(HEAP) for __heap_base
    mallocra.o(i.__aligned_malloc$realloc) refers to mvars.o(.data) for __microlib_freelist
    mallocra.o(i.__aligned_malloc$realloc) refers to mvars.o(.data) for __microlib_freelist_initialised
    mallocra.o(i.__free$realloc$memalign) refers to mvars.o(.data) for __microlib_freelist
    mallocra.o(i.__malloc$realloc$memalign) refers to mallocra.o(i.__aligned_malloc$realloc) for __aligned_malloc$realloc
    mallocra.o(i.__realloc$memalign) refers to mallocra.o(i.__free$realloc$memalign) for __free$realloc$memalign
    mallocra.o(i.__realloc$memalign) refers to mallocra.o(i.internal_alloc) for internal_alloc
    mallocra.o(i.__realloc$memalign) refers to mallocra.o(i.__malloc$realloc$memalign) for __malloc$realloc$memalign
    mallocra.o(i.__realloc$memalign) refers to mvars.o(.data) for __microlib_freelist
    mallocra.o(i.internal_alloc) refers to memcpya.o(.text) for __aeabi_memcpy
    mallocra.o(i.internal_alloc) refers to mvars.o(.data) for __microlib_freelist
    entry2.o(.ARM.Collect$$$$00000001) refers to entry2.o(.ARM.Collect$$$$00002712) for __lit__00000000
    entry2.o(.ARM.Collect$$$$00002712) refers to arm_startup_nrf51.o(STACK) for __initial_sp
    entry2.o(__vectab_stack_and_reset_area) refers to arm_startup_nrf51.o(STACK) for __initial_sp
    entry2.o(__vectab_stack_and_reset_area) refers to entry.o(.ARM.Collect$$$$00000000) for __main
    entry5.o(.ARM.Collect$$$$00000004) refers to init.o(.text) for __scatterload
    entry9a.o(.ARM.Collect$$$$0000000B) refers to main.o(i.main) for main
    entry9b.o(.ARM.Collect$$$$0000000C) refers to main.o(i.main) for main
    init.o(.text) refers to entry5.o(.ARM.Collect$$$$00000004) for __main_after_scatterload


==============================================================================

Removing Unused input sections from the image.

    Removing ble_nus.o(.rev16_text), (4 bytes).
    Removing ble_nus.o(.revsh_text), (4 bytes).
    Removing ble_nus.o(i.ble_nus_send_string), (84 bytes).
    Removing ble_nus.o(i.updateUartRxSetting), (136 bytes).
    Removing main.o(.rev16_text), (4 bytes).
    Removing main.o(.revsh_text), (4 bytes).
    Removing main.o(.emb_text), (30 bytes).
    Removing main.o(i.SendHeartRateDataAgainAndAgain), (80 bytes).
    Removing main.o(i.bleTx), (176 bytes).
    Removing main.o(i.charTrans), (118 bytes).
    Removing main.o(.data), (10 bytes).
    Removing main.o(.data), (10 bytes).
    Removing main.o(.data), (1 bytes).
    Removing main.o(.data), (1 bytes).
    Removing main.o(.data), (1 bytes).
    Removing main.o(.data), (4 bytes).
    Removing main.o(.data), (1 bytes).
    Removing main.o(.data), (1 bytes).
    Removing uart_protocol.o(i.framePackage), (64 bytes).
    Removing uart_protocol.o(i.frameUnPackage), (62 bytes).
    Removing uart_protocol.o(.data), (20 bytes).
    Removing uart_protocol.o(.data), (152 bytes).
    Removing uart_protocol.o(.data), (129 bytes).
    Removing uart_protocol.o(.data), (4 bytes).
    Removing queue.o(i.depackageHRD), (32 bytes).
    Removing queue.o(i.downQueueRead), (2 bytes).
    Removing queue.o(i.downQueueWrite), (2 bytes).
    Removing queue.o(i.upQueueGetStruct), (48 bytes).
    Removing queue.o(i.upQueueWrite), (36 bytes).
    Removing queue.o(.bss), (16 bytes).
    Removing bsp.o(.rev16_text), (4 bytes).
    Removing bsp.o(.revsh_text), (4 bytes).
    Removing bsp.o(i.alert_timer_handler), (24 bytes).
    Removing bsp.o(i.bsp_buttons_state_get), (52 bytes).
    Removing bsp.o(i.bsp_event_to_button_assign), (24 bytes).
    Removing bsp.o(i.bsp_indication_text_set), (8 bytes).
    Removing bsp.o(i.bsp_init), (164 bytes).
    Removing bsp.o(i.leds_timer_handler), (24 bytes).
    Removing system_nrf51.o(.rev16_text), (4 bytes).
    Removing system_nrf51.o(.revsh_text), (4 bytes).
    Removing system_nrf51.o(i.SystemCoreClockUpdate), (16 bytes).
    Removing ble_srv_common.o(i.ble_srv_ascii_to_utf8), (18 bytes).
    Removing ble_srv_common.o(i.ble_srv_report_ref_encode), (12 bytes).
    Removing ble_conn_params.o(i.ble_conn_params_change_conn_params), (80 bytes).
    Removing ble_conn_params.o(i.ble_conn_params_stop), (16 bytes).
    Removing nrf_delay.o(.rev16_text), (4 bytes).
    Removing nrf_delay.o(.revsh_text), (4 bytes).
    Removing nrf_delay.o(.emb_text), (30 bytes).
    Removing nrf_delay.o(i.nrf_delay_ms), (28 bytes).
    Removing simple_uart.o(.rev16_text), (4 bytes).
    Removing simple_uart.o(.revsh_text), (4 bytes).
    Removing simple_uart.o(.emb_text), (30 bytes).
    Removing simple_uart.o(i.simple_uart_get_with_timeout), (64 bytes).
    Removing simple_uart.o(i.simple_uart_put), (28 bytes).
    Removing simple_uart.o(i.simple_uart_putstring), (24 bytes).
    Removing simple_uart.o(i.simple_uart_putstring_checksum), (36 bytes).
    Removing app_button.o(.rev16_text), (4 bytes).
    Removing app_button.o(.revsh_text), (4 bytes).
    Removing app_button.o(i.app_button_disable), (36 bytes).
    Removing app_button.o(i.app_button_enable), (28 bytes).
    Removing app_button.o(i.app_button_init), (112 bytes).
    Removing app_button.o(i.app_button_is_pushed), (92 bytes).
    Removing app_button.o(i.button_handler_execute), (64 bytes).
    Removing app_button.o(i.detection_delay_timeout_handler), (104 bytes).
    Removing app_button.o(i.gpiote_event_handler), (44 bytes).
    Removing app_button.o(.data), (28 bytes).
    Removing app_error.o(.rev16_text), (4 bytes).
    Removing app_error.o(.revsh_text), (4 bytes).
    Removing app_error.o(i.app_error_handler), (24 bytes).
    Removing app_gpiote.o(.rev16_text), (4 bytes).
    Removing app_gpiote.o(.revsh_text), (4 bytes).
    Removing app_gpiote.o(i.app_gpiote_pins_state_get), (52 bytes).
    Removing app_gpiote.o(i.app_gpiote_user_disable), (64 bytes).
    Removing app_gpiote.o(i.app_gpiote_user_enable), (148 bytes).
    Removing app_gpiote.o(i.app_gpiote_user_register), (76 bytes).
    Removing app_gpiote.o(i.pins_sense_disable), (60 bytes).
    Removing app_scheduler.o(.rev16_text), (4 bytes).
    Removing app_scheduler.o(.revsh_text), (4 bytes).
    Removing app_scheduler.o(i.app_sched_event_get), (68 bytes).
    Removing app_scheduler.o(i.app_sched_event_put), (256 bytes).
    Removing app_scheduler.o(i.app_sched_execute), (30 bytes).
    Removing app_scheduler.o(i.app_sched_init), (44 bytes).
    Removing app_scheduler.o(.data), (16 bytes).
    Removing app_timer.o(.rev16_text), (4 bytes).
    Removing app_timer.o(.revsh_text), (4 bytes).
    Removing app_timer.o(i.app_timer_cnt_diff_compute), (12 bytes).
    Removing app_timer.o(i.app_timer_cnt_get), (16 bytes).
    Removing app_timer.o(i.app_timer_stop_all), (68 bytes).
    Removing app_fifo.o(i.app_fifo_flush), (8 bytes).
    Removing softdevice_handler.o(.rev16_text), (4 bytes).
    Removing softdevice_handler.o(.revsh_text), (4 bytes).
    Removing softdevice_handler.o(i.softdevice_handler_sd_disable), (24 bytes).
    Removing softdevice_handler.o(i.softdevice_sys_evt_handler_set), (20 bytes).

93 unused section(s) (total 3488 bytes) removed from the image.

==============================================================================

Image Symbol Table

    Local Symbols

    Symbol Name                              Value     Ov Type        Size  Object(Section)

    ../clib/microlib/division.c              0x00000000   Number         0  uidiv.o ABSOLUTE
    ../clib/microlib/init/entry.s            0x00000000   Number         0  entry7b.o ABSOLUTE
    ../clib/microlib/init/entry.s            0x00000000   Number         0  entry11a.o ABSOLUTE
    ../clib/microlib/init/entry.s            0x00000000   Number         0  entry8b.o ABSOLUTE
    ../clib/microlib/init/entry.s            0x00000000   Number         0  entry2.o ABSOLUTE
    ../clib/microlib/init/entry.s            0x00000000   Number         0  entry10b.o ABSOLUTE
    ../clib/microlib/init/entry.s            0x00000000   Number         0  entry8a.o ABSOLUTE
    ../clib/microlib/init/entry.s            0x00000000   Number         0  entry9b.o ABSOLUTE
    ../clib/microlib/init/entry.s            0x00000000   Number         0  entry7a.o ABSOLUTE
    ../clib/microlib/init/entry.s            0x00000000   Number         0  entry9a.o ABSOLUTE
    ../clib/microlib/init/entry.s            0x00000000   Number         0  entry10a.o ABSOLUTE
    ../clib/microlib/init/entry.s            0x00000000   Number         0  entry5.o ABSOLUTE
    ../clib/microlib/init/entry.s            0x00000000   Number         0  entry.o ABSOLUTE
    ../clib/microlib/init/entry.s            0x00000000   Number         0  entry11b.o ABSOLUTE
    ../clib/microlib/malloc/malloc.c         0x00000000   Number         0  mallocra.o ABSOLUTE
    ../clib/microlib/malloc/malloc.c         0x00000000   Number         0  mallocr.o ABSOLUTE
    ../clib/microlib/malloc/malloc.c         0x00000000   Number         0  malloc.o ABSOLUTE
    ../clib/microlib/malloc/malloc.c         0x00000000   Number         0  malloca.o ABSOLUTE
    ../clib/microlib/malloc/mvars.c          0x00000000   Number         0  mvars.o ABSOLUTE
    ../clib/microlib/string/memcpy.c         0x00000000   Number         0  memcpya.o ABSOLUTE
    ../clib/microlib/string/memcpy.c         0x00000000   Number         0  memcpyb.o ABSOLUTE
    ../clib/microlib/string/memset.c         0x00000000   Number         0  memseta.o ABSOLUTE
    ../clib/microlib/string/strlen.c         0x00000000   Number         0  strlen.o ABSOLUTE
    ..\..\ble_nus.c                          0x00000000   Number         0  ble_nus.o ABSOLUTE
    ..\..\main.c                             0x00000000   Number         0  main.o ABSOLUTE
    ..\..\queue.c                            0x00000000   Number         0  queue.o ABSOLUTE
    ..\..\uart_protocol.c                    0x00000000   Number         0  uart_protocol.o ABSOLUTE
    ..\\..\\ble_nus.c                        0x00000000   Number         0  ble_nus.o ABSOLUTE
    ..\\..\\main.c                           0x00000000   Number         0  main.o ABSOLUTE
    C:\Keil_v5\ARM\PACK\NordicSemiconductor\nRF_BLE\1.0.1\common\ble_srv_common.c 0x00000000   Number         0  ble_srv_common.o ABSOLUTE
    C:\Keil_v5\ARM\PACK\NordicSemiconductor\nRF_Drivers\1.1.0\hal\nrf_delay.c 0x00000000   Number         0  nrf_delay.o ABSOLUTE
    C:\\Keil_v5\\ARM\\PACK\\NordicSemiconductor\\nRF_Drivers\\1.1.0\\hal\\nrf_delay.c 0x00000000   Number         0  nrf_delay.o ABSOLUTE
    RTE\Board_Support\nRF51422_xxAC\bsp.c    0x00000000   Number         0  bsp.o ABSOLUTE
    RTE\Device\nRF51422_xxAC\arm_startup_nrf51.s 0x00000000   Number         0  arm_startup_nrf51.o ABSOLUTE
    RTE\Device\nRF51422_xxAC\system_nrf51.c  0x00000000   Number         0  system_nrf51.o ABSOLUTE
    RTE\\Board_Support\\nRF51422_xxAC\\bsp.c 0x00000000   Number         0  bsp.o ABSOLUTE
    RTE\\Device\\nRF51422_xxAC\\system_nrf51.c 0x00000000   Number         0  system_nrf51.o ABSOLUTE
    RTE\\nRF_Drivers\\nRF51422_xxAC\\simple_uart.c 0x00000000   Number         0  simple_uart.o ABSOLUTE
    RTE\\nRF_Libraries\\nRF51422_xxAC\\app_button.c 0x00000000   Number         0  app_button.o ABSOLUTE
    RTE\\nRF_Libraries\\nRF51422_xxAC\\app_error.c 0x00000000   Number         0  app_error.o ABSOLUTE
    RTE\\nRF_Libraries\\nRF51422_xxAC\\app_gpiote.c 0x00000000   Number         0  app_gpiote.o ABSOLUTE
    RTE\\nRF_Libraries\\nRF51422_xxAC\\app_scheduler.c 0x00000000   Number         0  app_scheduler.o ABSOLUTE
    RTE\\nRF_Libraries\\nRF51422_xxAC\\app_timer.c 0x00000000   Number         0  app_timer.o ABSOLUTE
    RTE\\nRF_SoftDevice\\nRF51422_xxAC\\softdevice_handler.c 0x00000000   Number         0  softdevice_handler.o ABSOLUTE
    RTE\nRF_BLE\nRF51422_xxAC\ble_advdata.c  0x00000000   Number         0  ble_advdata.o ABSOLUTE
    RTE\nRF_BLE\nRF51422_xxAC\ble_conn_params.c 0x00000000   Number         0  ble_conn_params.o ABSOLUTE
    RTE\nRF_Drivers\nRF51422_xxAC\simple_uart.c 0x00000000   Number         0  simple_uart.o ABSOLUTE
    RTE\nRF_Libraries\nRF51422_xxAC\app_button.c 0x00000000   Number         0  app_button.o ABSOLUTE
    RTE\nRF_Libraries\nRF51422_xxAC\app_error.c 0x00000000   Number         0  app_error.o ABSOLUTE
    RTE\nRF_Libraries\nRF51422_xxAC\app_fifo.c 0x00000000   Number         0  app_fifo.o ABSOLUTE
    RTE\nRF_Libraries\nRF51422_xxAC\app_gpiote.c 0x00000000   Number         0  app_gpiote.o ABSOLUTE
    RTE\nRF_Libraries\nRF51422_xxAC\app_scheduler.c 0x00000000   Number         0  app_scheduler.o ABSOLUTE
    RTE\nRF_Libraries\nRF51422_xxAC\app_timer.c 0x00000000   Number         0  app_timer.o ABSOLUTE
    RTE\nRF_Libraries\nRF51422_xxAC\nrf_assert.c 0x00000000   Number         0  nrf_assert.o ABSOLUTE
    RTE\nRF_SoftDevice\nRF51422_xxAC\softdevice_handler.c 0x00000000   Number         0  softdevice_handler.o ABSOLUTE
    dc.s                                     0x00000000   Number         0  dc.o ABSOLUTE
    handlers.s                               0x00000000   Number         0  handlers.o ABSOLUTE
    init.s                                   0x00000000   Number         0  init.o ABSOLUTE
    RESET                                    0x00016000   Section      192  arm_startup_nrf51.o(RESET)
    .ARM.Collect$$$$00000000                 0x000160c0   Section        0  entry.o(.ARM.Collect$$$$00000000)
    .ARM.Collect$$$$00000001                 0x000160c0   Section        4  entry2.o(.ARM.Collect$$$$00000001)
    .ARM.Collect$$$$00000004                 0x000160c4   Section        4  entry5.o(.ARM.Collect$$$$00000004)
    .ARM.Collect$$$$00000008                 0x000160c8   Section        0  entry7b.o(.ARM.Collect$$$$00000008)
    .ARM.Collect$$$$0000000A                 0x000160c8   Section        0  entry8b.o(.ARM.Collect$$$$0000000A)
    .ARM.Collect$$$$0000000B                 0x000160c8   Section        8  entry9a.o(.ARM.Collect$$$$0000000B)
    .ARM.Collect$$$$0000000D                 0x000160d0   Section        0  entry10a.o(.ARM.Collect$$$$0000000D)
    .ARM.Collect$$$$0000000F                 0x000160d0   Section        0  entry11a.o(.ARM.Collect$$$$0000000F)
    .ARM.Collect$$$$00002712                 0x000160d0   Section        4  entry2.o(.ARM.Collect$$$$00002712)
    __lit__00000000                          0x000160d0   Data           4  entry2.o(.ARM.Collect$$$$00002712)
    .emb_text                                0x000160d4   Section       30  app_timer.o(.emb_text)
    .text                                    0x000160f4   Section       56  arm_startup_nrf51.o(.text)
    .text                                    0x0001612c   Section        0  uidiv.o(.text)
    .text                                    0x00016158   Section        0  memcpya.o(.text)
    .text                                    0x0001617c   Section        0  memseta.o(.text)
    .text                                    0x000161a0   Section        0  strlen.o(.text)
    .text                                    0x000161b0   Section       36  init.o(.text)
    i.GPIOTE_IRQHandler                      0x000161d4   Section        0  app_gpiote.o(i.GPIOTE_IRQHandler)
    i.NVIC_SetPriority                       0x00016260   Section        0  app_timer.o(i.NVIC_SetPriority)
    NVIC_SetPriority                         0x00016261   Thumb Code    60  app_timer.o(i.NVIC_SetPriority)
    i.QueueInit                              0x000162a4   Section        0  queue.o(i.QueueInit)
    i.RTC1_IRQHandler                        0x000162c4   Section        0  app_timer.o(i.RTC1_IRQHandler)
    i.SWI0_IRQHandler                        0x000162e4   Section        0  app_timer.o(i.SWI0_IRQHandler)
    i.SWI2_IRQHandler                        0x00016334   Section        0  softdevice_handler.o(i.SWI2_IRQHandler)
    i.SystemInit                             0x00016358   Section        0  system_nrf51.o(i.SystemInit)
    i.SystemTimeInit                         0x000163ac   Section        0  main.o(i.SystemTimeInit)
    i.UART0_IRQHandler                       0x000163d4   Section        0  main.o(i.UART0_IRQHandler)
    i.__ARM_common_switch8                   0x000163f8   Section        0  bsp.o(i.__ARM_common_switch8)
    i.__scatterload_copy                     0x00016412   Section       14  handlers.o(i.__scatterload_copy)
    i.__scatterload_null                     0x00016420   Section        2  handlers.o(i.__scatterload_null)
    i.__scatterload_zeroinit                 0x00016422   Section       14  handlers.o(i.__scatterload_zeroinit)
    i.adv_data_encode                        0x00016430   Section        0  ble_advdata.o(i.adv_data_encode)
    adv_data_encode                          0x00016431   Thumb Code   360  ble_advdata.o(i.adv_data_encode)
    i.advertising_start                      0x00016598   Section        0  main.o(i.advertising_start)
    advertising_start                        0x00016599   Thumb Code    60  main.o(i.advertising_start)
    i.app_error_handler                      0x000165d4   Section        0  main.o(i.app_error_handler)
    i.app_fifo_get                           0x000165f4   Section        0  app_fifo.o(i.app_fifo_get)
    i.app_fifo_init                          0x00016616   Section        0  app_fifo.o(i.app_fifo_init)
    i.app_fifo_length                        0x0001663a   Section        0  app_fifo.o(i.app_fifo_length)
    i.app_fifo_put                           0x00016644   Section        0  app_fifo.o(i.app_fifo_put)
    i.app_gpiote_init                        0x00016668   Section        0  app_gpiote.o(i.app_gpiote_init)
    i.app_timer_create                       0x000166cc   Section        0  app_timer.o(i.app_timer_create)
    i.app_timer_init                         0x00016718   Section        0  app_timer.o(i.app_timer_init)
    i.app_timer_start                        0x000167cc   Section        0  app_timer.o(i.app_timer_start)
    i.app_timer_stop                         0x00016850   Section        0  app_timer.o(i.app_timer_stop)
    i.assert_nrf_callback                    0x000168a8   Section        0  main.o(i.assert_nrf_callback)
    i.ble_advdata_set                        0x000168b8   Section        0  ble_advdata.o(i.ble_advdata_set)
    i.ble_conn_params_init                   0x00016920   Section        0  ble_conn_params.o(i.ble_conn_params_init)
    i.ble_conn_params_on_ble_evt             0x00016974   Section        0  ble_conn_params.o(i.ble_conn_params_on_ble_evt)
    i.ble_evt_dispatch                       0x00016a04   Section        0  main.o(i.ble_evt_dispatch)
    ble_evt_dispatch                         0x00016a05   Thumb Code    24  main.o(i.ble_evt_dispatch)
    i.ble_nus_init                           0x00016a20   Section        0  ble_nus.o(i.ble_nus_init)
    i.ble_nus_on_ble_evt                     0x00016a70   Section        0  ble_nus.o(i.ble_nus_on_ble_evt)
    i.ble_nus_send_string_byhandle           0x00016aa8   Section        0  ble_nus.o(i.ble_nus_send_string_byhandle)
    i.ble_srv_is_notification_enabled        0x00016b14   Section        0  ble_nus.o(i.ble_srv_is_notification_enabled)
    ble_srv_is_notification_enabled          0x00016b15   Thumb Code    14  ble_nus.o(i.ble_srv_is_notification_enabled)
    i.bsp_button_event_handler               0x00016b24   Section        0  bsp.o(i.bsp_button_event_handler)
    bsp_button_event_handler                 0x00016b25   Thumb Code    54  bsp.o(i.bsp_button_event_handler)
    i.bsp_buttons_enable                     0x00016b64   Section        0  bsp.o(i.bsp_buttons_enable)
    i.bsp_indication_set                     0x00016bb0   Section        0  bsp.o(i.bsp_indication_set)
    i.bsp_led_indication                     0x00016bcc   Section        0  bsp.o(i.bsp_led_indication)
    bsp_led_indication                       0x00016bcd   Thumb Code   436  bsp.o(i.bsp_led_indication)
    i.compare_reg_update                     0x00016d88   Section        0  app_timer.o(i.compare_reg_update)
    compare_reg_update                       0x00016d89   Thumb Code   140  app_timer.o(i.compare_reg_update)
    i.conn_int_encode                        0x00016e2c   Section        0  ble_advdata.o(i.conn_int_encode)
    conn_int_encode                          0x00016e2d   Thumb Code   126  ble_advdata.o(i.conn_int_encode)
    i.conn_params_error_handler              0x00016eb0   Section        0  main.o(i.conn_params_error_handler)
    conn_params_error_handler                0x00016eb1   Thumb Code     8  main.o(i.conn_params_error_handler)
    i.conn_params_negotiation                0x00016eb8   Section        0  ble_conn_params.o(i.conn_params_negotiation)
    conn_params_negotiation                  0x00016eb9   Thumb Code    90  ble_conn_params.o(i.conn_params_negotiation)
    i.elapsed_ticks_acquire                  0x00016f1c   Section        0  app_timer.o(i.elapsed_ticks_acquire)
    elapsed_ticks_acquire                    0x00016f1d   Thumb Code    58  app_timer.o(i.elapsed_ticks_acquire)
    i.expired_timers_handler                 0x00016f5c   Section        0  app_timer.o(i.expired_timers_handler)
    expired_timers_handler                   0x00016f5d   Thumb Code    82  app_timer.o(i.expired_timers_handler)
    i.gap_params_init                        0x00016fb4   Section        0  main.o(i.gap_params_init)
    gap_params_init                          0x00016fb5   Thumb Code    66  main.o(i.gap_params_init)
    i.hr_char_add                            0x00016ffc   Section        0  ble_nus.o(i.hr_char_add)
    hr_char_add                              0x00016ffd   Thumb Code   158  ble_nus.o(i.hr_char_add)
    i.intern_softdevice_events_execute       0x000170a0   Section        0  softdevice_handler.o(i.intern_softdevice_events_execute)
    i.is_conn_params_ok                      0x00017120   Section        0  ble_conn_params.o(i.is_conn_params_ok)
    is_conn_params_ok                        0x00017121   Thumb Code    24  ble_conn_params.o(i.is_conn_params_ok)
    i.is_manual_peripheral_setup_needed      0x0001713c   Section        0  system_nrf51.o(i.is_manual_peripheral_setup_needed)
    is_manual_peripheral_setup_needed        0x0001713d   Thumb Code    66  system_nrf51.o(i.is_manual_peripheral_setup_needed)
    i.list_deletions_handler                 0x00017184   Section        0  app_timer.o(i.list_deletions_handler)
    list_deletions_handler                   0x00017185   Thumb Code   144  app_timer.o(i.list_deletions_handler)
    i.list_insertions_handler                0x00017218   Section        0  app_timer.o(i.list_insertions_handler)
    list_insertions_handler                  0x00017219   Thumb Code   216  app_timer.o(i.list_insertions_handler)
    i.main                                   0x000172f8   Section        0  main.o(i.main)
    i.malloc                                 0x000174b8   Section        0  malloc.o(i.malloc)
    i.manuf_specific_data_encode             0x00017524   Section        0  ble_advdata.o(i.manuf_specific_data_encode)
    manuf_specific_data_encode               0x00017525   Thumb Code   100  ble_advdata.o(i.manuf_specific_data_encode)
    i.name_encode                            0x00017588   Section        0  ble_advdata.o(i.name_encode)
    name_encode                              0x00017589   Thumb Code   106  ble_advdata.o(i.name_encode)
    i.nus_data_handler                       0x000175f2   Section        0  main.o(i.nus_data_handler)
    i.on_ble_evt                             0x000175f4   Section        0  main.o(i.on_ble_evt)
    on_ble_evt                               0x000175f5   Thumb Code   194  main.o(i.on_ble_evt)
    i.on_conn_params_evt                     0x000176c0   Section        0  main.o(i.on_conn_params_evt)
    on_conn_params_evt                       0x000176c1   Thumb Code    30  main.o(i.on_conn_params_evt)
    i.on_write                               0x000176e4   Section        0  ble_nus.o(i.on_write)
    on_write                                 0x000176e5   Thumb Code   144  ble_nus.o(i.on_write)
    i.prod_char_add                          0x00017778   Section        0  ble_nus.o(i.prod_char_add)
    prod_char_add                            0x00017779   Thumb Code   158  ble_nus.o(i.prod_char_add)
    i.rtc1_stop                              0x0001781c   Section        0  app_timer.o(i.rtc1_stop)
    rtc1_stop                                0x0001781d   Thumb Code    50  app_timer.o(i.rtc1_stop)
    i.sec_params_init                        0x00017860   Section        0  main.o(i.sec_params_init)
    sec_params_init                          0x00017861   Thumb Code    34  main.o(i.sec_params_init)
    i.sense_level_toggle                     0x00017888   Section        0  app_gpiote.o(i.sense_level_toggle)
    sense_level_toggle                       0x00017889   Thumb Code    64  app_gpiote.o(i.sense_level_toggle)
    i.service_data_encode                    0x000178cc   Section        0  ble_advdata.o(i.service_data_encode)
    service_data_encode                      0x000178cd   Thumb Code   124  ble_advdata.o(i.service_data_encode)
    i.simple_uart_config                     0x00017948   Section        0  simple_uart.o(i.simple_uart_config)
    i.simple_uart_get                        0x000179a8   Section        0  simple_uart.o(i.simple_uart_get)
    i.softdevice_assertion_handler           0x000179c4   Section        0  softdevice_handler.o(i.softdevice_assertion_handler)
    i.softdevice_ble_evt_handler_set         0x000179d0   Section        0  softdevice_handler.o(i.softdevice_ble_evt_handler_set)
    i.softdevice_handler_init                0x000179e4   Section        0  softdevice_handler.o(i.softdevice_handler_init)
    i.system_tick_10ms_handler               0x00017a14   Section        0  main.o(i.system_tick_10ms_handler)
    system_tick_10ms_handler                 0x00017a15   Thumb Code    20  main.o(i.system_tick_10ms_handler)
    i.timer_list_handler_sched               0x00017a2c   Section        0  app_timer.o(i.timer_list_handler_sched)
    timer_list_handler_sched                 0x00017a2d   Thumb Code    10  app_timer.o(i.timer_list_handler_sched)
    i.timer_list_insert                      0x00017a3c   Section        0  app_timer.o(i.timer_list_insert)
    timer_list_insert                        0x00017a3d   Thumb Code    94  app_timer.o(i.timer_list_insert)
    i.timer_list_remove                      0x00017aa0   Section        0  app_timer.o(i.timer_list_remove)
    timer_list_remove                        0x00017aa1   Thumb Code    98  app_timer.o(i.timer_list_remove)
    i.timer_timeouts_check                   0x00017b08   Section        0  app_timer.o(i.timer_timeouts_check)
    timer_timeouts_check                     0x00017b09   Thumb Code   120  app_timer.o(i.timer_timeouts_check)
    i.uart_init                              0x00017b88   Section        0  main.o(i.uart_init)
    uart_init                                0x00017b89   Thumb Code    70  main.o(i.uart_init)
    i.uint16_encode                          0x00017be0   Section        0  ble_advdata.o(i.uint16_encode)
    uint16_encode                            0x00017be1   Thumb Code    10  ble_advdata.o(i.uint16_encode)
    i.upQueueRead                            0x00017bec   Section        0  queue.o(i.upQueueRead)
    i.update_timeout_handler                 0x00017cdc   Section        0  ble_conn_params.o(i.update_timeout_handler)
    update_timeout_handler                   0x00017cdd   Thumb Code    86  ble_conn_params.o(i.update_timeout_handler)
    i.user_id_get                            0x00017d40   Section        0  app_timer.o(i.user_id_get)
    user_id_get                              0x00017d41   Thumb Code    74  app_timer.o(i.user_id_get)
    i.user_op_alloc                          0x00017d94   Section        0  app_timer.o(i.user_op_alloc)
    user_op_alloc                            0x00017d95   Thumb Code    36  app_timer.o(i.user_op_alloc)
    i.uuid_list_encode                       0x00017db8   Section        0  ble_advdata.o(i.uuid_list_encode)
    uuid_list_encode                         0x00017db9   Thumb Code    38  ble_advdata.o(i.uuid_list_encode)
    i.uuid_list_sized_encode                 0x00017dde   Section        0  ble_advdata.o(i.uuid_list_sized_encode)
    uuid_list_sized_encode                   0x00017ddf   Thumb Code   162  ble_advdata.o(i.uuid_list_sized_encode)
    .constdata                               0x00017e80   Section        4  main.o(.constdata)
    .constdata                               0x00017e84   Section       24  bsp.o(.constdata)
    m_buttons_list                           0x00017e84   Data           8  bsp.o(.constdata)
    app_buttons                              0x00017e8c   Data          16  bsp.o(.constdata)
    .data                                    0x20002000   Section       41  main.o(.data)
    m_conn_handle                            0x20002006   Data           2  main.o(.data)
    uSystemTick10MsCnt                       0x20002008   Data           4  main.o(.data)
    SystemTick10Ms                           0x2000200c   Data           4  main.o(.data)
    m_sec_params                             0x20002014   Data           6  main.o(.data)
    .data                                    0x2000202c   Section        8  queue.o(.data)
    .data                                    0x20002034   Section       24  bsp.o(.data)
    m_stable_state                           0x20002034   Data           1  bsp.o(.data)
    m_events_list                            0x20002035   Data           2  bsp.o(.data)
    m_app_ticks_per_100ms                    0x20002038   Data           4  bsp.o(.data)
    m_indication_type                        0x2000203c   Data           4  bsp.o(.data)
    m_registered_callback                    0x20002040   Data           4  bsp.o(.data)
    m_leds_timer_id                          0x20002044   Data           4  bsp.o(.data)
    m_alert_timer_id                         0x20002048   Data           4  bsp.o(.data)
    .data                                    0x2000204c   Section        4  system_nrf51.o(.data)
    __tagsym$$used                           0x2000204c   Number         0  system_nrf51.o(.data)
    .data                                    0x20002050   Section       24  ble_conn_params.o(.data)
    m_change_param                           0x20002050   Data           1  ble_conn_params.o(.data)
    m_update_count                           0x20002051   Data           1  ble_conn_params.o(.data)
    m_conn_handle                            0x20002052   Data           2  ble_conn_params.o(.data)
    m_conn_params_timer_id                   0x20002054   Data           4  ble_conn_params.o(.data)
    m_preferred_conn_params                  0x20002058   Data           8  ble_conn_params.o(.data)
    m_current_conn_params                    0x20002060   Data           8  ble_conn_params.o(.data)
    .data                                    0x20002068   Section       12  app_gpiote.o(.data)
    m_user_array_size                        0x20002068   Data           1  app_gpiote.o(.data)
    m_user_count                             0x20002069   Data           1  app_gpiote.o(.data)
    mp_users                                 0x2000206c   Data           4  app_gpiote.o(.data)
    m_enabled_users_mask                     0x20002070   Data           4  app_gpiote.o(.data)
    .data                                    0x20002074   Section       36  app_timer.o(.data)
    m_node_array_size                        0x20002074   Data           1  app_timer.o(.data)
    m_user_array_size                        0x20002075   Data           1  app_timer.o(.data)
    m_ticks_elapsed_q_read_ind               0x20002076   Data           1  app_timer.o(.data)
    m_ticks_elapsed_q_write_ind              0x20002077   Data           1  app_timer.o(.data)
    m_rtc1_running                           0x20002078   Data           1  app_timer.o(.data)
    mp_nodes                                 0x2000207c   Data           4  app_timer.o(.data)
    mp_users                                 0x20002080   Data           4  app_timer.o(.data)
    m_timer_id_head                          0x20002084   Data           4  app_timer.o(.data)
    m_ticks_latest                           0x20002088   Data           4  app_timer.o(.data)
    m_evt_schedule_func                      0x2000208c   Data           4  app_timer.o(.data)
    m_ticks_elapsed                          0x20002090   Data           8  app_timer.o(.data)
    .data                                    0x20002098   Section       20  softdevice_handler.o(.data)
    m_softdevice_enabled                     0x20002098   Data           1  softdevice_handler.o(.data)
    m_ble_evt_buffer_size                    0x2000209a   Data           2  softdevice_handler.o(.data)
    m_evt_schedule_func                      0x2000209c   Data           4  softdevice_handler.o(.data)
    m_evt_buffer                             0x200020a0   Data           4  softdevice_handler.o(.data)
    m_ble_evt_handler                        0x200020a4   Data           4  softdevice_handler.o(.data)
    m_sys_evt_handler                        0x200020a8   Data           4  softdevice_handler.o(.data)
    .data                                    0x200020ac   Section        4  mvars.o(.data)
    .data                                    0x200020b0   Section        4  mvars.o(.data)
    .bss                                     0x200020b4   Section      864  main.o(.bss)
    APP_TIMER_BUF                            0x200020b4   Data         616  main.o(.bss)
    m_auth_status                            0x2000231c   Data          50  main.o(.bss)
    EVT_BUFFER                               0x20002350   Data          80  main.o(.bss)
    data_array                               0x200023a0   Data          20  main.o(.bss)
    app_gpiote_buf                           0x200023b4   Data          20  main.o(.bss)
    m_nus                                    0x200023c8   Data          60  main.o(.bss)
    .bss                                     0x20002414   Section       16  queue.o(.bss)
    .bss                                     0x20002424   Section       28  ble_conn_params.o(.bss)
    m_conn_params_config                     0x20002424   Data          28  ble_conn_params.o(.bss)
    HEAP                                     0x20002440   Section     2048  arm_startup_nrf51.o(HEAP)
    STACK                                    0x20002c40   Section     2048  arm_startup_nrf51.o(STACK)

    Global Symbols

    Symbol Name                              Value     Ov Type        Size  Object(Section)

    BuildAttributes$$THM_ISAv3M$S$PE$A:L22$X:L11$S22$IEEE1$IW$USESV6$~STKCKD$USESV7$~SHL$OSPACE$EBA8$MICROLIB$REQ8$PRES8$EABIv2 0x00000000   Number         0  anon$$obj.o ABSOLUTE
    __ARM_use_no_argv                        0x00000000   Number         0  main.o ABSOLUTE
    __cpp_initialize__aeabi_                  - Undefined Weak Reference
    __cxa_finalize                            - Undefined Weak Reference
    __decompress                              - Undefined Weak Reference
    _clock_init                               - Undefined Weak Reference
    _microlib_exit                            - Undefined Weak Reference
    __Vectors_Size                           0x000000c0   Number         0  arm_startup_nrf51.o ABSOLUTE
    __Vectors                                0x00016000   Data           4  arm_startup_nrf51.o(RESET)
    __Vectors_End                            0x000160c0   Data           0  arm_startup_nrf51.o(RESET)
    __main                                   0x000160c1   Thumb Code     0  entry.o(.ARM.Collect$$$$00000000)
    _main_stk                                0x000160c1   Thumb Code     0  entry2.o(.ARM.Collect$$$$00000001)
    _main_scatterload                        0x000160c5   Thumb Code     0  entry5.o(.ARM.Collect$$$$00000004)
    __main_after_scatterload                 0x000160c9   Thumb Code     0  entry5.o(.ARM.Collect$$$$00000004)
    _main_clock                              0x000160c9   Thumb Code     0  entry7b.o(.ARM.Collect$$$$00000008)
    _main_cpp_init                           0x000160c9   Thumb Code     0  entry8b.o(.ARM.Collect$$$$0000000A)
    _main_init                               0x000160c9   Thumb Code     0  entry9a.o(.ARM.Collect$$$$0000000B)
    __rt_final_cpp                           0x000160d1   Thumb Code     0  entry10a.o(.ARM.Collect$$$$0000000D)
    __rt_final_exit                          0x000160d1   Thumb Code     0  entry11a.o(.ARM.Collect$$$$0000000F)
    __asm___11_app_timer_c_cd27f9c3__nrf_delay_us 0x000160d5   Thumb Code    30  app_timer.o(.emb_text)
    Reset_Handler                            0x000160f5   Thumb Code    26  arm_startup_nrf51.o(.text)
    NMI_Handler                              0x0001610f   Thumb Code     2  arm_startup_nrf51.o(.text)
    HardFault_Handler                        0x00016111   Thumb Code     2  arm_startup_nrf51.o(.text)
    SVC_Handler                              0x00016113   Thumb Code     2  arm_startup_nrf51.o(.text)
    PendSV_Handler                           0x00016115   Thumb Code     2  arm_startup_nrf51.o(.text)
    SysTick_Handler                          0x00016117   Thumb Code     2  arm_startup_nrf51.o(.text)
    ADC_IRQHandler                           0x00016119   Thumb Code     0  arm_startup_nrf51.o(.text)
    CCM_AAR_IRQHandler                       0x00016119   Thumb Code     0  arm_startup_nrf51.o(.text)
    ECB_IRQHandler                           0x00016119   Thumb Code     0  arm_startup_nrf51.o(.text)
    LPCOMP_IRQHandler                        0x00016119   Thumb Code     0  arm_startup_nrf51.o(.text)
    POWER_CLOCK_IRQHandler                   0x00016119   Thumb Code     0  arm_startup_nrf51.o(.text)
    QDEC_IRQHandler                          0x00016119   Thumb Code     0  arm_startup_nrf51.o(.text)
    RADIO_IRQHandler                         0x00016119   Thumb Code     0  arm_startup_nrf51.o(.text)
    RNG_IRQHandler                           0x00016119   Thumb Code     0  arm_startup_nrf51.o(.text)
    RTC0_IRQHandler                          0x00016119   Thumb Code     0  arm_startup_nrf51.o(.text)
    SPI0_TWI0_IRQHandler                     0x00016119   Thumb Code     0  arm_startup_nrf51.o(.text)
    SPI1_TWI1_IRQHandler                     0x00016119   Thumb Code     0  arm_startup_nrf51.o(.text)
    SWI1_IRQHandler                          0x00016119   Thumb Code     0  arm_startup_nrf51.o(.text)
    SWI3_IRQHandler                          0x00016119   Thumb Code     0  arm_startup_nrf51.o(.text)
    SWI4_IRQHandler                          0x00016119   Thumb Code     0  arm_startup_nrf51.o(.text)
    SWI5_IRQHandler                          0x00016119   Thumb Code     0  arm_startup_nrf51.o(.text)
    TEMP_IRQHandler                          0x00016119   Thumb Code     0  arm_startup_nrf51.o(.text)
    TIMER0_IRQHandler                        0x00016119   Thumb Code     0  arm_startup_nrf51.o(.text)
    TIMER1_IRQHandler                        0x00016119   Thumb Code     0  arm_startup_nrf51.o(.text)
    TIMER2_IRQHandler                        0x00016119   Thumb Code     0  arm_startup_nrf51.o(.text)
    WDT_IRQHandler                           0x00016119   Thumb Code     0  arm_startup_nrf51.o(.text)
    __aeabi_uidiv                            0x0001612d   Thumb Code     0  uidiv.o(.text)
    __aeabi_uidivmod                         0x0001612d   Thumb Code    44  uidiv.o(.text)
    __aeabi_memcpy                           0x00016159   Thumb Code    36  memcpya.o(.text)
    __aeabi_memcpy4                          0x00016159   Thumb Code     0  memcpya.o(.text)
    __aeabi_memcpy8                          0x00016159   Thumb Code     0  memcpya.o(.text)
    __aeabi_memset                           0x0001617d   Thumb Code    14  memseta.o(.text)
    __aeabi_memset4                          0x0001617d   Thumb Code     0  memseta.o(.text)
    __aeabi_memset8                          0x0001617d   Thumb Code     0  memseta.o(.text)
    __aeabi_memclr                           0x0001618b   Thumb Code     4  memseta.o(.text)
    __aeabi_memclr4                          0x0001618b   Thumb Code     0  memseta.o(.text)
    __aeabi_memclr8                          0x0001618b   Thumb Code     0  memseta.o(.text)
    _memset$wrapper                          0x0001618f   Thumb Code    18  memseta.o(.text)
    strlen                                   0x000161a1   Thumb Code    14  strlen.o(.text)
    __scatterload                            0x000161b1   Thumb Code    28  init.o(.text)
    __scatterload_rt2                        0x000161b1   Thumb Code     0  init.o(.text)
    GPIOTE_IRQHandler                        0x000161d5   Thumb Code   128  app_gpiote.o(i.GPIOTE_IRQHandler)
    QueueInit                                0x000162a5   Thumb Code    24  queue.o(i.QueueInit)
    RTC1_IRQHandler                          0x000162c5   Thumb Code    28  app_timer.o(i.RTC1_IRQHandler)
    SWI0_IRQHandler                          0x000162e5   Thumb Code    76  app_timer.o(i.SWI0_IRQHandler)
    SWI2_IRQHandler                          0x00016335   Thumb Code    32  softdevice_handler.o(i.SWI2_IRQHandler)
    SystemInit                               0x00016359   Thumb Code    64  system_nrf51.o(i.SystemInit)
    SystemTimeInit                           0x000163ad   Thumb Code    30  main.o(i.SystemTimeInit)
    UART0_IRQHandler                         0x000163d5   Thumb Code    28  main.o(i.UART0_IRQHandler)
    __ARM_common_switch8                     0x000163f9   Thumb Code    26  bsp.o(i.__ARM_common_switch8)
    __scatterload_copy                       0x00016413   Thumb Code    14  handlers.o(i.__scatterload_copy)
    __scatterload_null                       0x00016421   Thumb Code     2  handlers.o(i.__scatterload_null)
    __scatterload_zeroinit                   0x00016423   Thumb Code    14  handlers.o(i.__scatterload_zeroinit)
    app_error_handler                        0x000165d5   Thumb Code    22  main.o(i.app_error_handler)
    app_fifo_get                             0x000165f5   Thumb Code    34  app_fifo.o(i.app_fifo_get)
    app_fifo_init                            0x00016617   Thumb Code    36  app_fifo.o(i.app_fifo_init)
    app_fifo_length                          0x0001663b   Thumb Code    10  app_fifo.o(i.app_fifo_length)
    app_fifo_put                             0x00016645   Thumb Code    34  app_fifo.o(i.app_fifo_put)
    app_gpiote_init                          0x00016669   Thumb Code    78  app_gpiote.o(i.app_gpiote_init)
    app_timer_create                         0x000166cd   Thumb Code    72  app_timer.o(i.app_timer_create)
    app_timer_init                           0x00016719   Thumb Code   164  app_timer.o(i.app_timer_init)
    app_timer_start                          0x000167cd   Thumb Code   122  app_timer.o(i.app_timer_start)
    app_timer_stop                           0x00016851   Thumb Code    82  app_timer.o(i.app_timer_stop)
    assert_nrf_callback                      0x000168a9   Thumb Code    10  main.o(i.assert_nrf_callback)
    ble_advdata_set                          0x000168b9   Thumb Code   102  ble_advdata.o(i.ble_advdata_set)
    ble_conn_params_init                     0x00016921   Thumb Code    72  ble_conn_params.o(i.ble_conn_params_init)
    ble_conn_params_on_ble_evt               0x00016975   Thumb Code   134  ble_conn_params.o(i.ble_conn_params_on_ble_evt)
    ble_nus_init                             0x00016a21   Thumb Code    76  ble_nus.o(i.ble_nus_init)
    ble_nus_on_ble_evt                       0x00016a71   Thumb Code    50  ble_nus.o(i.ble_nus_on_ble_evt)
    ble_nus_send_string_byhandle             0x00016aa9   Thumb Code   104  ble_nus.o(i.ble_nus_send_string_byhandle)
    bsp_buttons_enable                       0x00016b65   Thumb Code    66  bsp.o(i.bsp_buttons_enable)
    bsp_indication_set                       0x00016bb1   Thumb Code    22  bsp.o(i.bsp_indication_set)
    intern_softdevice_events_execute         0x000170a1   Thumb Code   124  softdevice_handler.o(i.intern_softdevice_events_execute)
    main                                     0x000172f9   Thumb Code   408  main.o(i.main)
    malloc                                   0x000174b9   Thumb Code    92  malloc.o(i.malloc)
    nus_data_handler                         0x000175f3   Thumb Code     2  main.o(i.nus_data_handler)
    simple_uart_config                       0x00017949   Thumb Code    76  simple_uart.o(i.simple_uart_config)
    simple_uart_get                          0x000179a9   Thumb Code    20  simple_uart.o(i.simple_uart_get)
    softdevice_assertion_handler             0x000179c5   Thumb Code    12  softdevice_handler.o(i.softdevice_assertion_handler)
    softdevice_ble_evt_handler_set           0x000179d1   Thumb Code    16  softdevice_handler.o(i.softdevice_ble_evt_handler_set)
    softdevice_handler_init                  0x000179e5   Thumb Code    40  softdevice_handler.o(i.softdevice_handler_init)
    upQueueRead                              0x00017bed   Thumb Code   232  queue.o(i.upQueueRead)
    Region$$Table$$Base                      0x00017e9c   Number         0  anon$$obj.o(Region$$Table)
    Region$$Table$$Limit                     0x00017ebc   Number         0  anon$$obj.o(Region$$Table)
    gBleTxTimeout                            0x20002000   Data           1  main.o(.data)
    flagBleTxBusy                            0x20002001   Data           1  main.o(.data)
    flagBleTxCplt                            0x20002002   Data           1  main.o(.data)
    flagStartQueueRead                       0x20002003   Data           1  main.o(.data)
    gFifoDeepth                              0x20002004   Data           1  main.o(.data)
    gUartFifoBuf                             0x20002010   Data           4  main.o(.data)
    gDeviceNameStr                           0x2000201a   Data          15  main.o(.data)
    writeByte                                0x2000202c   Data           1  queue.o(.data)
    pQueueMem                                0x20002030   Data           4  queue.o(.data)
    SystemCoreClock                          0x2000204c   Data           4  system_nrf51.o(.data)
    __microlib_freelist                      0x200020ac   Data           4  mvars.o(.data)
    __microlib_freelist_initialised          0x200020b0   Data           4  mvars.o(.data)
    gUartFifo                                0x20002404   Data          16  main.o(.bss)
    upQueue                                  0x20002414   Data          16  queue.o(.bss)
    __heap_base                              0x20002440   Data           0  arm_startup_nrf51.o(HEAP)
    __heap_limit                             0x20002c40   Data           0  arm_startup_nrf51.o(HEAP)
    __initial_sp                             0x20003440   Data           0  arm_startup_nrf51.o(STACK)



==============================================================================

Memory Map of the image

  Image Entry point : 0x000160c1

  Load Region LR_IROM1 (Base: 0x00016000, Size: 0x00001f70, Max: 0x00029000, ABSOLUTE)

    Execution Region ER_IROM1 (Base: 0x00016000, Size: 0x00001ebc, Max: 0x00029000, ABSOLUTE)

    Base Addr    Size         Type   Attr      Idx    E Section Name        Object

    0x00016000   0x000000c0   Data   RO          583    RESET               arm_startup_nrf51.o
    0x000160c0   0x00000000   Code   RO         1325  * .ARM.Collect$$$$00000000  mc_p.l(entry.o)
    0x000160c0   0x00000004   Code   RO         1366    .ARM.Collect$$$$00000001  mc_p.l(entry2.o)
    0x000160c4   0x00000004   Code   RO         1369    .ARM.Collect$$$$00000004  mc_p.l(entry5.o)
    0x000160c8   0x00000000   Code   RO         1371    .ARM.Collect$$$$00000008  mc_p.l(entry7b.o)
    0x000160c8   0x00000000   Code   RO         1373    .ARM.Collect$$$$0000000A  mc_p.l(entry8b.o)
    0x000160c8   0x00000008   Code   RO         1374    .ARM.Collect$$$$0000000B  mc_p.l(entry9a.o)
    0x000160d0   0x00000000   Code   RO         1376    .ARM.Collect$$$$0000000D  mc_p.l(entry10a.o)
    0x000160d0   0x00000000   Code   RO         1378    .ARM.Collect$$$$0000000F  mc_p.l(entry11a.o)
    0x000160d0   0x00000004   Code   RO         1367    .ARM.Collect$$$$00002712  mc_p.l(entry2.o)
    0x000160d4   0x0000001e   Code   RO         1073    .emb_text           app_timer.o
    0x000160f2   0x00000002   PAD
    0x000160f4   0x00000038   Code   RO          584    .text               arm_startup_nrf51.o
    0x0001612c   0x0000002c   Code   RO         1328    .text               mc_p.l(uidiv.o)
    0x00016158   0x00000024   Code   RO         1330    .text               mc_p.l(memcpya.o)
    0x0001617c   0x00000024   Code   RO         1332    .text               mc_p.l(memseta.o)
    0x000161a0   0x0000000e   Code   RO         1334    .text               mc_p.l(strlen.o)
    0x000161ae   0x00000002   PAD
    0x000161b0   0x00000024   Code   RO         1382    .text               mc_p.l(init.o)
    0x000161d4   0x0000008c   Code   RO          957    i.GPIOTE_IRQHandler  app_gpiote.o
    0x00016260   0x00000044   Code   RO         1074    i.NVIC_SetPriority  app_timer.o
    0x000162a4   0x00000020   Code   RO          431    i.QueueInit         queue.o
    0x000162c4   0x00000020   Code   RO         1075    i.RTC1_IRQHandler   app_timer.o
    0x000162e4   0x00000050   Code   RO         1076    i.SWI0_IRQHandler   app_timer.o
    0x00016334   0x00000024   Code   RO         1263    i.SWI2_IRQHandler   softdevice_handler.o
    0x00016358   0x00000054   Code   RO          591    i.SystemInit        system_nrf51.o
    0x000163ac   0x00000028   Code   RO          159    i.SystemTimeInit    main.o
    0x000163d4   0x00000024   Code   RO          160    i.UART0_IRQHandler  main.o
    0x000163f8   0x0000001a   Code   RO          559    i.__ARM_common_switch8  bsp.o
    0x00016412   0x0000000e   Code   RO         1386    i.__scatterload_copy  mc_p.l(handlers.o)
    0x00016420   0x00000002   Code   RO         1387    i.__scatterload_null  mc_p.l(handlers.o)
    0x00016422   0x0000000e   Code   RO         1388    i.__scatterload_zeroinit  mc_p.l(handlers.o)
    0x00016430   0x00000168   Code   RO          649    i.adv_data_encode   ble_advdata.o
    0x00016598   0x0000003c   Code   RO          161    i.advertising_start  main.o
    0x000165d4   0x00000020   Code   RO          162    i.app_error_handler  main.o
    0x000165f4   0x00000022   Code   RO         1223    i.app_fifo_get      app_fifo.o
    0x00016616   0x00000024   Code   RO         1224    i.app_fifo_init     app_fifo.o
    0x0001663a   0x0000000a   Code   RO         1225    i.app_fifo_length   app_fifo.o
    0x00016644   0x00000022   Code   RO         1226    i.app_fifo_put      app_fifo.o
    0x00016666   0x00000002   PAD
    0x00016668   0x00000064   Code   RO          958    i.app_gpiote_init   app_gpiote.o
    0x000166cc   0x0000004c   Code   RO         1079    i.app_timer_create  app_timer.o
    0x00016718   0x000000b4   Code   RO         1080    i.app_timer_init    app_timer.o
    0x000167cc   0x00000084   Code   RO         1081    i.app_timer_start   app_timer.o
    0x00016850   0x00000058   Code   RO         1082    i.app_timer_stop    app_timer.o
    0x000168a8   0x00000010   Code   RO          163    i.assert_nrf_callback  main.o
    0x000168b8   0x00000066   Code   RO          650    i.ble_advdata_set   ble_advdata.o
    0x0001691e   0x00000002   PAD
    0x00016920   0x00000054   Code   RO          708    i.ble_conn_params_init  ble_conn_params.o
    0x00016974   0x00000090   Code   RO          709    i.ble_conn_params_on_ble_evt  ble_conn_params.o
    0x00016a04   0x0000001c   Code   RO          165    i.ble_evt_dispatch  main.o
    0x00016a20   0x00000050   Code   RO            3    i.ble_nus_init      ble_nus.o
    0x00016a70   0x00000038   Code   RO            4    i.ble_nus_on_ble_evt  ble_nus.o
    0x00016aa8   0x0000006c   Code   RO            6    i.ble_nus_send_string_byhandle  ble_nus.o
    0x00016b14   0x0000000e   Code   RO            7    i.ble_srv_is_notification_enabled  ble_nus.o
    0x00016b22   0x00000002   PAD
    0x00016b24   0x00000040   Code   RO          494    i.bsp_button_event_handler  bsp.o
    0x00016b64   0x0000004c   Code   RO          495    i.bsp_buttons_enable  bsp.o
    0x00016bb0   0x0000001c   Code   RO          498    i.bsp_indication_set  bsp.o
    0x00016bcc   0x000001bc   Code   RO          501    i.bsp_led_indication  bsp.o
    0x00016d88   0x000000a4   Code   RO         1084    i.compare_reg_update  app_timer.o
    0x00016e2c   0x00000084   Code   RO          651    i.conn_int_encode   ble_advdata.o
    0x00016eb0   0x00000008   Code   RO          167    i.conn_params_error_handler  main.o
    0x00016eb8   0x00000064   Code   RO          711    i.conn_params_negotiation  ble_conn_params.o
    0x00016f1c   0x00000040   Code   RO         1085    i.elapsed_ticks_acquire  app_timer.o
    0x00016f5c   0x00000058   Code   RO         1086    i.expired_timers_handler  app_timer.o
    0x00016fb4   0x00000048   Code   RO          168    i.gap_params_init   main.o
    0x00016ffc   0x000000a4   Code   RO            8    i.hr_char_add       ble_nus.o
    0x000170a0   0x00000080   Code   RO         1264    i.intern_softdevice_events_execute  softdevice_handler.o
    0x00017120   0x0000001c   Code   RO          712    i.is_conn_params_ok  ble_conn_params.o
    0x0001713c   0x00000048   Code   RO          592    i.is_manual_peripheral_setup_needed  system_nrf51.o
    0x00017184   0x00000094   Code   RO         1087    i.list_deletions_handler  app_timer.o
    0x00017218   0x000000e0   Code   RO         1088    i.list_insertions_handler  app_timer.o
    0x000172f8   0x000001c0   Code   RO          169    i.main              main.o
    0x000174b8   0x0000006c   Code   RO         1339    i.malloc            mc_p.l(malloc.o)
    0x00017524   0x00000064   Code   RO          652    i.manuf_specific_data_encode  ble_advdata.o
    0x00017588   0x0000006a   Code   RO          653    i.name_encode       ble_advdata.o
    0x000175f2   0x00000002   Code   RO          170    i.nus_data_handler  main.o
    0x000175f4   0x000000cc   Code   RO          171    i.on_ble_evt        main.o
    0x000176c0   0x00000024   Code   RO          172    i.on_conn_params_evt  main.o
    0x000176e4   0x00000094   Code   RO            9    i.on_write          ble_nus.o
    0x00017778   0x000000a4   Code   RO           10    i.prod_char_add     ble_nus.o
    0x0001781c   0x00000044   Code   RO         1089    i.rtc1_stop         app_timer.o
    0x00017860   0x00000028   Code   RO          173    i.sec_params_init   main.o
    0x00017888   0x00000044   Code   RO          964    i.sense_level_toggle  app_gpiote.o
    0x000178cc   0x0000007c   Code   RO          654    i.service_data_encode  ble_advdata.o
    0x00017948   0x00000060   Code   RO          798    i.simple_uart_config  simple_uart.o
    0x000179a8   0x0000001c   Code   RO          799    i.simple_uart_get   simple_uart.o
    0x000179c4   0x0000000c   Code   RO         1265    i.softdevice_assertion_handler  softdevice_handler.o
    0x000179d0   0x00000014   Code   RO         1266    i.softdevice_ble_evt_handler_set  softdevice_handler.o
    0x000179e4   0x00000030   Code   RO         1267    i.softdevice_handler_init  softdevice_handler.o
    0x00017a14   0x00000018   Code   RO          174    i.system_tick_10ms_handler  main.o
    0x00017a2c   0x00000010   Code   RO         1090    i.timer_list_handler_sched  app_timer.o
    0x00017a3c   0x00000064   Code   RO         1091    i.timer_list_insert  app_timer.o
    0x00017aa0   0x00000068   Code   RO         1092    i.timer_list_remove  app_timer.o
    0x00017b08   0x00000080   Code   RO         1093    i.timer_timeouts_check  app_timer.o
    0x00017b88   0x00000058   Code   RO          175    i.uart_init         main.o
    0x00017be0   0x0000000a   Code   RO          655    i.uint16_encode     ble_advdata.o
    0x00017bea   0x00000002   PAD
    0x00017bec   0x000000f0   Code   RO          436    i.upQueueRead       queue.o
    0x00017cdc   0x00000064   Code   RO          713    i.update_timeout_handler  ble_conn_params.o
    0x00017d40   0x00000054   Code   RO         1094    i.user_id_get       app_timer.o
    0x00017d94   0x00000024   Code   RO         1095    i.user_op_alloc     app_timer.o
    0x00017db8   0x00000026   Code   RO          656    i.uuid_list_encode  ble_advdata.o
    0x00017dde   0x000000a2   Code   RO          657    i.uuid_list_sized_encode  ble_advdata.o
    0x00017e80   0x00000004   Data   RO          177    .constdata          main.o
    0x00017e84   0x00000018   Data   RO          503    .constdata          bsp.o
    0x00017e9c   0x00000020   Data   RO         1384    Region$$Table       anon$$obj.o


    Execution Region RW_IRAM1 (Base: 0x20002000, Size: 0x00001440, Max: 0x00006000, ABSOLUTE)

    Base Addr    Size         Type   Attr      Idx    E Section Name        Object

    0x20002000   0x00000029   Data   RW          178    .data               main.o
    0x20002029   0x00000003   PAD
    0x2000202c   0x00000008   Data   RW          440    .data               queue.o
    0x20002034   0x00000018   Data   RW          504    .data               bsp.o
    0x2000204c   0x00000004   Data   RW          593    .data               system_nrf51.o
    0x20002050   0x00000018   Data   RW          715    .data               ble_conn_params.o
    0x20002068   0x0000000c   Data   RW          965    .data               app_gpiote.o
    0x20002074   0x00000024   Data   RW         1096    .data               app_timer.o
    0x20002098   0x00000014   Data   RW         1270    .data               softdevice_handler.o
    0x200020ac   0x00000004   Data   RW         1380    .data               mc_p.l(mvars.o)
    0x200020b0   0x00000004   Data   RW         1381    .data               mc_p.l(mvars.o)
    0x200020b4   0x00000360   Zero   RW          176    .bss                main.o
    0x20002414   0x00000010   Zero   RW          438    .bss                queue.o
    0x20002424   0x0000001c   Zero   RW          714    .bss                ble_conn_params.o
    0x20002440   0x00000800   Zero   RW          582    HEAP                arm_startup_nrf51.o
    0x20002c40   0x00000800   Zero   RW          581    STACK               arm_startup_nrf51.o


==============================================================================

Image component sizes


      Code (inc. data)   RO Data    RW Data    ZI Data      Debug   Object Name

         0          0          0          0          0       3128   app_button.o
       114          0          0          0          0       3380   app_fifo.o
       308         38          0         12          0      10774   app_gpiote.o
         0          0          0          0          0       1504   app_scheduler.o
      1910        154          0         36          0      24415   app_timer.o
        56         18        192          0       4096        668   arm_startup_nrf51.o
      1134          6          0          0          0      11362   ble_advdata.o
       456         50          0         24         28       6088   ble_conn_params.o
       734         30          0          0          0      69481   ble_nus.o
       638         60         24         24          0       4981   bsp.o
      1134        128          4         41        864      53364   main.o
       272         16          0          8         16       2690   queue.o
       124         28          0          0          0       3419   simple_uart.o
       244         20          0         20          0       5831   softdevice_handler.o
       156         26          0          4          0       1983   system_nrf51.o

    ----------------------------------------------------------------------
      7290        574        252        172       5004     203068   Object Totals
         0          0         32          0          0          0   (incl. Generated)
        10          0          0          3          0          0   (incl. Padding)

    ----------------------------------------------------------------------

      Code (inc. data)   RO Data    RW Data    ZI Data      Debug   Library Member Name

         0          0          0          0          0          0   entry.o
         0          0          0          0          0          0   entry10a.o
         0          0          0          0          0          0   entry11a.o
         8          4          0          0          0          0   entry2.o
         4          0          0          0          0          0   entry5.o
         0          0          0          0          0          0   entry7b.o
         0          0          0          0          0          0   entry8b.o
         8          4          0          0          0          0   entry9a.o
        30          0          0          0          0          0   handlers.o
        36          8          0          0          0         68   init.o
       108         16          0          0          0         76   malloc.o
        36          0          0          0          0         60   memcpya.o
        36          0          0          0          0        100   memseta.o
         0          0          0          8          0          0   mvars.o
        14          0          0          0          0         60   strlen.o
        44          0          0          0          0         72   uidiv.o

    ----------------------------------------------------------------------
       326         32          0          8          0        436   Library Totals
         2          0          0          0          0          0   (incl. Padding)

    ----------------------------------------------------------------------

      Code (inc. data)   RO Data    RW Data    ZI Data      Debug   Library Name

       324         32          0          8          0        436   mc_p.l

    ----------------------------------------------------------------------
       326         32          0          8          0        436   Library Totals

    ----------------------------------------------------------------------

==============================================================================


      Code (inc. data)   RO Data    RW Data    ZI Data      Debug   

      7616        606        252        180       5004     200128   Grand Totals
      7616        606        252        180       5004     200128   ELF Image Totals
      7616        606        252        180          0          0   ROM Totals

==============================================================================

    Total RO  Size (Code + RO Data)                 7868 (   7.68kB)
    Total RW  Size (RW Data + ZI Data)              5184 (   5.06kB)
    Total ROM Size (Code + RO Data + RW Data)       8048 (   7.86kB)

==============================================================================

