Component: ARM Compiler 5.05 (build 41) Tool: armlink [4d0eb9]

==============================================================================

Section Cross References

    ble_nus.o(i.ble_nus_init) refers to ble_nus.o(i.rx_char_add) for rx_char_add
    ble_nus.o(i.ble_nus_init) refers to ble_nus.o(i.hr_char_add) for hr_char_add
    ble_nus.o(i.ble_nus_init) refers to ble_nus.o(i.rawd_char_add) for rawd_char_add
    ble_nus.o(i.ble_nus_init) refers to ble_nus.o(i.prod_char_add) for prod_char_add
    ble_nus.o(i.ble_nus_on_ble_evt) refers to ble_nus.o(i.on_write) for on_write
    ble_nus.o(i.ble_nus_on_ble_evt) refers to main.o(.data) for flagStartRx
    ble_nus.o(i.hr_char_add) refers to memseta.o(.text) for __aeabi_memclr4
    ble_nus.o(i.on_write) refers to ble_nus.o(i.ble_srv_is_notification_enabled) for ble_srv_is_notification_enabled
    ble_nus.o(i.on_write) refers to simple_uart.o(i.simple_uart_put) for simple_uart_put
    ble_nus.o(i.on_write) refers to app_fifo.o(i.app_fifo_init) for app_fifo_init
    ble_nus.o(i.on_write) refers to main.o(.data) for flagBleTxBusy
    ble_nus.o(i.on_write) refers to main.o(.bss) for gUartFifo
    ble_nus.o(i.prod_char_add) refers to memseta.o(.text) for __aeabi_memclr4
    ble_nus.o(i.rawd_char_add) refers to memseta.o(.text) for __aeabi_memclr4
    ble_nus.o(i.rx_char_add) refers to memseta.o(.text) for __aeabi_memclr4
    ble_nus.o(i.updateUartRxSetting) refers to simple_uart.o(i.simple_uart_put) for simple_uart_put
    ble_nus.o(i.updateUartRxSetting) refers to app_fifo.o(i.app_fifo_init) for app_fifo_init
    ble_nus.o(i.updateUartRxSetting) refers to main.o(.data) for flagStartRx
    ble_nus.o(i.updateUartRxSetting) refers to main.o(.data) for flagBleTxBusy
    ble_nus.o(i.updateUartRxSetting) refers to main.o(.data) for flagStartRxUpdated
    ble_nus.o(i.updateUartRxSetting) refers to main.o(.bss) for gUartFifo
    main.o(i.SendHeartRateDataAgainAndAgain) refers to memcpya.o(.text) for __aeabi_memcpy4
    main.o(i.SendHeartRateDataAgainAndAgain) refers to ble_nus.o(i.ble_nus_send_string) for ble_nus_send_string
    main.o(i.SendHeartRateDataAgainAndAgain) refers to main.o(i.app_error_handler) for app_error_handler
    main.o(i.SendHeartRateDataAgainAndAgain) refers to main.o(.bss) for .bss
    main.o(i.SystemTimeInit) refers to app_timer.o(i.app_timer_create) for app_timer_create
    main.o(i.SystemTimeInit) refers to app_timer.o(i.app_timer_start) for app_timer_start
    main.o(i.SystemTimeInit) refers to main.o(i.system_tick_10ms_handler) for system_tick_10ms_handler
    main.o(i.SystemTimeInit) refers to main.o(.data) for .data
    main.o(i.UART0_IRQHandler) refers to simple_uart.o(i.simple_uart_get) for simple_uart_get
    main.o(i.UART0_IRQHandler) refers to app_fifo.o(i.app_fifo_put) for app_fifo_put
    main.o(i.UART0_IRQHandler) refers to queue.o(.bss) for upQueue
    main.o(i.advertising_start) refers to memseta.o(.text) for __aeabi_memclr4
    main.o(i.advertising_start) refers to bsp.o(i.bsp_indication_set) for bsp_indication_set
    main.o(i.advertising_start) refers to main.o(i.app_error_handler) for app_error_handler
    main.o(i.app_error_handler) refers to bsp.o(i.bsp_indication_set) for bsp_indication_set
    main.o(i.assert_nrf_callback) refers to main.o(i.app_error_handler) for app_error_handler
    main.o(i.bleTx) refers to memseta.o(.text) for __aeabi_memclr4
    main.o(i.bleTx) refers to app_fifo.o(i.app_fifo_get) for app_fifo_get
    main.o(i.bleTx) refers to ble_nus.o(i.ble_nus_send_string) for ble_nus_send_string
    main.o(i.bleTx) refers to main.o(i.app_error_handler) for app_error_handler
    main.o(i.bleTx) refers to main.o(.bss) for .bss
    main.o(i.bleTx) refers to main.o(.data) for .data
    main.o(i.ble_evt_dispatch) refers to ble_conn_params.o(i.ble_conn_params_on_ble_evt) for ble_conn_params_on_ble_evt
    main.o(i.ble_evt_dispatch) refers to ble_nus.o(i.ble_nus_on_ble_evt) for ble_nus_on_ble_evt
    main.o(i.ble_evt_dispatch) refers to main.o(i.on_ble_evt) for on_ble_evt
    main.o(i.ble_evt_dispatch) refers to main.o(.bss) for .bss
    main.o(i.conn_params_error_handler) refers to main.o(i.app_error_handler) for app_error_handler
    main.o(i.main) refers to app_timer.o(i.app_timer_init) for app_timer_init
    main.o(i.main) refers to app_gpiote.o(i.app_gpiote_init) for app_gpiote_init
    main.o(i.main) refers to softdevice_handler.o(i.softdevice_handler_init) for softdevice_handler_init
    main.o(i.main) refers to softdevice_handler.o(i.softdevice_ble_evt_handler_set) for softdevice_ble_evt_handler_set
    main.o(i.main) refers to main.o(i.uart_init) for uart_init
    main.o(i.main) refers to ble_nus.o(i.ble_nus_init) for ble_nus_init
    main.o(i.main) refers to memseta.o(.text) for __aeabi_memclr4
    main.o(i.main) refers to ble_advdata.o(i.ble_advdata_set) for ble_advdata_set
    main.o(i.main) refers to ble_conn_params.o(i.ble_conn_params_init) for ble_conn_params_init
    main.o(i.main) refers to main.o(i.sec_params_init) for sec_params_init
    main.o(i.main) refers to main.o(i.advertising_start) for advertising_start
    main.o(i.main) refers to main.o(i.SystemTimeInit) for SystemTimeInit
    main.o(i.main) refers to queue.o(i.QueueInit) for QueueInit
    main.o(i.main) refers to queue.o(i.upQueueWrite) for upQueueWrite
    main.o(i.main) refers to queue.o(i.upQueueRead) for upQueueRead
    main.o(i.main) refers to main.o(i.app_error_handler) for app_error_handler
    main.o(i.main) refers to main.o(.bss) for .bss
    main.o(i.main) refers to main.o(i.ble_evt_dispatch) for ble_evt_dispatch
    main.o(i.main) refers to main.o(i.nus_data_handler) for nus_data_handler
    main.o(i.main) refers to main.o(.constdata) for .constdata
    main.o(i.main) refers to main.o(i.on_conn_params_evt) for on_conn_params_evt
    main.o(i.main) refers to main.o(i.conn_params_error_handler) for conn_params_error_handler
    main.o(i.main) refers to main.o(.data) for .data
    main.o(i.nus_data_handler) refers to simple_uart.o(i.simple_uart_putstring_checksum) for simple_uart_putstring_checksum
    main.o(i.nus_data_handler) refers to simple_uart.o(i.simple_uart_put) for simple_uart_put
    main.o(i.nus_data_handler) refers to main.o(.data) for .data
    main.o(i.on_ble_evt) refers to bsp.o(i.bsp_indication_set) for bsp_indication_set
    main.o(i.on_ble_evt) refers to main.o(i.advertising_start) for advertising_start
    main.o(i.on_ble_evt) refers to memcpya.o(.text) for __aeabi_memcpy
    main.o(i.on_ble_evt) refers to bsp.o(i.bsp_buttons_enable) for bsp_buttons_enable
    main.o(i.on_ble_evt) refers to main.o(i.app_error_handler) for app_error_handler
    main.o(i.on_ble_evt) refers to main.o(.data) for .data
    main.o(i.on_ble_evt) refers to main.o(.bss) for .bss
    main.o(i.on_conn_params_evt) refers to main.o(i.app_error_handler) for app_error_handler
    main.o(i.on_conn_params_evt) refers to main.o(.data) for .data
    main.o(i.sec_params_init) refers to main.o(.data) for .data
    main.o(i.system_tick_10ms_handler) refers to main.o(.data) for .data
    main.o(i.uart_init) refers to simple_uart.o(i.simple_uart_config) for simple_uart_config
    main.o(i.uart_init) refers to malloc.o(i.malloc) for malloc
    main.o(i.uart_init) refers to app_fifo.o(i.app_fifo_init) for app_fifo_init
    main.o(i.uart_init) refers to main.o(.data) for .data
    main.o(i.uart_init) refers to main.o(.bss) for .bss
    uart_protocol.o(i.framePackage) refers to uart_protocol.o(.data) for .data
    uart_protocol.o(.data) refers to uart_protocol.o(.data) for heartRateDataPackageSample
    queue.o(i.QueueInit) refers to malloc.o(i.malloc) for malloc
    queue.o(i.QueueInit) refers to app_fifo.o(i.app_fifo_init) for app_fifo_init
    queue.o(i.QueueInit) refers to queue.o(.data) for .data
    queue.o(i.QueueInit) refers to queue.o(.bss) for .bss
    queue.o(i.upQueueGetStruct) refers to app_fifo.o(i.app_fifo_get) for app_fifo_get
    queue.o(i.upQueueGetStruct) refers to memcpya.o(.text) for __aeabi_memcpy
    queue.o(i.upQueueRead) refers to app_fifo.o(i.app_fifo_length) for app_fifo_length
    queue.o(i.upQueueRead) refers to queue.o(i.upQueueGetStruct) for upQueueGetStruct
    queue.o(i.upQueueRead) refers to ble_nus.o(i.ble_nus_send_string_byhandle) for ble_nus_send_string_byhandle
    queue.o(i.upQueueRead) refers to queue.o(.bss) for .bss
    queue.o(i.upQueueWrite) refers to app_fifo.o(i.app_fifo_length) for app_fifo_length
    queue.o(i.upQueueWrite) refers to app_fifo.o(i.app_fifo_put) for app_fifo_put
    queue.o(i.upQueueWrite) refers to queue.o(.bss) for .bss
    queue.o(i.upQueueWrite) refers to queue.o(.data) for .data
    bsp.o(i.bsp_button_event_handler) refers to bsp.o(.data) for .data
    bsp.o(i.bsp_button_event_handler) refers to bsp.o(.constdata) for .constdata
    bsp.o(i.bsp_buttons_enable) refers to bsp.o(.constdata) for .constdata
    bsp.o(i.bsp_buttons_state_get) refers to bsp.o(.constdata) for .constdata
    bsp.o(i.bsp_event_to_button_assign) refers to bsp.o(.data) for .data
    bsp.o(i.bsp_indication_set) refers to bsp.o(i.bsp_led_indication) for bsp_led_indication
    bsp.o(i.bsp_indication_set) refers to bsp.o(.data) for .data
    bsp.o(i.bsp_indication_text_set) refers to bsp.o(i.bsp_indication_set) for bsp_indication_set
    bsp.o(i.bsp_init) refers to bsp.o(i.bsp_event_to_button_assign) for bsp_event_to_button_assign
    bsp.o(i.bsp_init) refers to app_button.o(i.app_button_init) for app_button_init
    bsp.o(i.bsp_init) refers to main.o(i.app_error_handler) for app_error_handler
    bsp.o(i.bsp_init) refers to app_button.o(i.app_button_enable) for app_button_enable
    bsp.o(i.bsp_init) refers to app_timer.o(i.app_timer_create) for app_timer_create
    bsp.o(i.bsp_init) refers to bsp.o(.data) for .data
    bsp.o(i.bsp_init) refers to bsp.o(.constdata) for .constdata
    bsp.o(i.bsp_init) refers to bsp.o(i.leds_timer_handler) for leds_timer_handler
    bsp.o(i.bsp_init) refers to bsp.o(i.alert_timer_handler) for alert_timer_handler
    bsp.o(i.bsp_led_indication) refers to bsp.o(i.__ARM_common_switch8) for __ARM_common_switch8
    bsp.o(i.bsp_led_indication) refers to uidiv.o(.text) for __aeabi_uidivmod
    bsp.o(i.bsp_led_indication) refers to app_timer.o(i.app_timer_start) for app_timer_start
    bsp.o(i.bsp_led_indication) refers to app_timer.o(i.app_timer_stop) for app_timer_stop
    bsp.o(i.bsp_led_indication) refers to bsp.o(.data) for .data
    bsp.o(i.leds_timer_handler) refers to bsp.o(i.bsp_led_indication) for bsp_led_indication
    bsp.o(i.leds_timer_handler) refers to bsp.o(.data) for .data
    bsp.o(.constdata) refers to bsp.o(i.bsp_button_event_handler) for bsp_button_event_handler
    arm_startup_nrf51.o(RESET) refers to arm_startup_nrf51.o(STACK) for __initial_sp
    arm_startup_nrf51.o(RESET) refers to arm_startup_nrf51.o(.text) for Reset_Handler
    arm_startup_nrf51.o(RESET) refers to main.o(i.UART0_IRQHandler) for UART0_IRQHandler
    arm_startup_nrf51.o(RESET) refers to app_gpiote.o(i.GPIOTE_IRQHandler) for GPIOTE_IRQHandler
    arm_startup_nrf51.o(RESET) refers to app_timer.o(i.RTC1_IRQHandler) for RTC1_IRQHandler
    arm_startup_nrf51.o(RESET) refers to app_timer.o(i.SWI0_IRQHandler) for SWI0_IRQHandler
    arm_startup_nrf51.o(RESET) refers to softdevice_handler.o(i.SWI2_IRQHandler) for SWI2_IRQHandler
    arm_startup_nrf51.o(.text) refers to system_nrf51.o(i.SystemInit) for SystemInit
    arm_startup_nrf51.o(.text) refers to entry.o(.ARM.Collect$$$$00000000) for __main
    system_nrf51.o(i.SystemCoreClockUpdate) refers to system_nrf51.o(.data) for .data
    system_nrf51.o(i.SystemInit) refers to system_nrf51.o(i.is_manual_peripheral_setup_needed) for is_manual_peripheral_setup_needed
    ble_srv_common.o(i.ble_srv_ascii_to_utf8) refers to strlen.o(.text) for strlen
    ble_advdata.o(i.adv_data_encode) refers to ble_advdata.o(i.name_encode) for name_encode
    ble_advdata.o(i.adv_data_encode) refers to ble_advdata.o(i.uint16_encode) for uint16_encode
    ble_advdata.o(i.adv_data_encode) refers to memcpya.o(.text) for __aeabi_memcpy
    ble_advdata.o(i.adv_data_encode) refers to ble_advdata.o(i.uuid_list_encode) for uuid_list_encode
    ble_advdata.o(i.adv_data_encode) refers to ble_advdata.o(i.conn_int_encode) for conn_int_encode
    ble_advdata.o(i.adv_data_encode) refers to ble_advdata.o(i.manuf_specific_data_encode) for manuf_specific_data_encode
    ble_advdata.o(i.adv_data_encode) refers to ble_advdata.o(i.service_data_encode) for service_data_encode
    ble_advdata.o(i.ble_advdata_set) refers to ble_advdata.o(i.adv_data_encode) for adv_data_encode
    ble_advdata.o(i.conn_int_encode) refers to ble_advdata.o(i.uint16_encode) for uint16_encode
    ble_advdata.o(i.manuf_specific_data_encode) refers to ble_advdata.o(i.uint16_encode) for uint16_encode
    ble_advdata.o(i.manuf_specific_data_encode) refers to memcpya.o(.text) for __aeabi_memcpy
    ble_advdata.o(i.service_data_encode) refers to ble_advdata.o(i.uint16_encode) for uint16_encode
    ble_advdata.o(i.service_data_encode) refers to memcpya.o(.text) for __aeabi_memcpy
    ble_advdata.o(i.uuid_list_encode) refers to ble_advdata.o(i.uuid_list_sized_encode) for uuid_list_sized_encode
    ble_conn_params.o(i.ble_conn_params_change_conn_params) refers to memcpya.o(.text) for __aeabi_memcpy
    ble_conn_params.o(i.ble_conn_params_change_conn_params) refers to ble_conn_params.o(i.is_conn_params_ok) for is_conn_params_ok
    ble_conn_params.o(i.ble_conn_params_change_conn_params) refers to ble_conn_params.o(.data) for .data
    ble_conn_params.o(i.ble_conn_params_change_conn_params) refers to ble_conn_params.o(.bss) for .bss
    ble_conn_params.o(i.ble_conn_params_init) refers to memcpya.o(.text) for __aeabi_memcpy4
    ble_conn_params.o(i.ble_conn_params_init) refers to app_timer.o(i.app_timer_create) for app_timer_create
    ble_conn_params.o(i.ble_conn_params_init) refers to ble_conn_params.o(.bss) for .bss
    ble_conn_params.o(i.ble_conn_params_init) refers to ble_conn_params.o(.data) for .data
    ble_conn_params.o(i.ble_conn_params_init) refers to ble_conn_params.o(i.update_timeout_handler) for update_timeout_handler
    ble_conn_params.o(i.ble_conn_params_on_ble_evt) refers to memcpya.o(.text) for __aeabi_memcpy
    ble_conn_params.o(i.ble_conn_params_on_ble_evt) refers to ble_conn_params.o(i.conn_params_negotiation) for conn_params_negotiation
    ble_conn_params.o(i.ble_conn_params_on_ble_evt) refers to app_timer.o(i.app_timer_stop) for app_timer_stop
    ble_conn_params.o(i.ble_conn_params_on_ble_evt) refers to ble_conn_params.o(.data) for .data
    ble_conn_params.o(i.ble_conn_params_on_ble_evt) refers to ble_conn_params.o(.bss) for .bss
    ble_conn_params.o(i.ble_conn_params_stop) refers to app_timer.o(i.app_timer_stop) for app_timer_stop
    ble_conn_params.o(i.ble_conn_params_stop) refers to ble_conn_params.o(.data) for .data
    ble_conn_params.o(i.conn_params_negotiation) refers to ble_conn_params.o(i.is_conn_params_ok) for is_conn_params_ok
    ble_conn_params.o(i.conn_params_negotiation) refers to app_timer.o(i.app_timer_start) for app_timer_start
    ble_conn_params.o(i.conn_params_negotiation) refers to ble_conn_params.o(.data) for .data
    ble_conn_params.o(i.conn_params_negotiation) refers to ble_conn_params.o(.bss) for .bss
    ble_conn_params.o(i.is_conn_params_ok) refers to ble_conn_params.o(.data) for .data
    ble_conn_params.o(i.update_timeout_handler) refers to ble_conn_params.o(.data) for .data
    ble_conn_params.o(i.update_timeout_handler) refers to ble_conn_params.o(.bss) for .bss
    nrf_delay.o(i.nrf_delay_ms) refers to nrf_delay.o(.emb_text) for __asm___11_nrf_delay_c_532987f3__nrf_delay_us
    simple_uart.o(i.simple_uart_get_with_timeout) refers to simple_uart.o(.emb_text) for __asm___13_simple_uart_c_5dda6715__nrf_delay_us
    simple_uart.o(i.simple_uart_putstring) refers to simple_uart.o(i.simple_uart_put) for simple_uart_put
    simple_uart.o(i.simple_uart_putstring_checksum) refers to simple_uart.o(i.simple_uart_put) for simple_uart_put
    app_button.o(i.app_button_disable) refers to app_gpiote.o(i.app_gpiote_user_disable) for app_gpiote_user_disable
    app_button.o(i.app_button_disable) refers to app_timer.o(i.app_timer_stop) for app_timer_stop
    app_button.o(i.app_button_disable) refers to app_button.o(.data) for .data
    app_button.o(i.app_button_enable) refers to app_gpiote.o(i.app_gpiote_user_enable) for app_gpiote_user_enable
    app_button.o(i.app_button_enable) refers to app_button.o(.data) for .data
    app_button.o(i.app_button_init) refers to app_gpiote.o(i.app_gpiote_user_register) for app_gpiote_user_register
    app_button.o(i.app_button_init) refers to app_timer.o(i.app_timer_create) for app_timer_create
    app_button.o(i.app_button_init) refers to app_button.o(.data) for .data
    app_button.o(i.app_button_init) refers to app_button.o(i.gpiote_event_handler) for gpiote_event_handler
    app_button.o(i.app_button_init) refers to app_button.o(i.detection_delay_timeout_handler) for detection_delay_timeout_handler
    app_button.o(i.app_button_is_pushed) refers to app_gpiote.o(i.app_gpiote_pins_state_get) for app_gpiote_pins_state_get
    app_button.o(i.app_button_is_pushed) refers to app_button.o(.data) for .data
    app_button.o(i.button_handler_execute) refers to main.o(i.app_error_handler) for app_error_handler
    app_button.o(i.button_handler_execute) refers to app_button.o(.data) for .data
    app_button.o(i.detection_delay_timeout_handler) refers to app_gpiote.o(i.app_gpiote_pins_state_get) for app_gpiote_pins_state_get
    app_button.o(i.detection_delay_timeout_handler) refers to app_button.o(i.button_handler_execute) for button_handler_execute
    app_button.o(i.detection_delay_timeout_handler) refers to app_button.o(.data) for .data
    app_button.o(i.gpiote_event_handler) refers to app_timer.o(i.app_timer_stop) for app_timer_stop
    app_button.o(i.gpiote_event_handler) refers to app_timer.o(i.app_timer_start) for app_timer_start
    app_button.o(i.gpiote_event_handler) refers to app_button.o(.data) for .data
    app_gpiote.o(i.GPIOTE_IRQHandler) refers to app_gpiote.o(i.sense_level_toggle) for sense_level_toggle
    app_gpiote.o(i.GPIOTE_IRQHandler) refers to app_gpiote.o(.data) for .data
    app_gpiote.o(i.app_gpiote_init) refers to memseta.o(.text) for __aeabi_memclr4
    app_gpiote.o(i.app_gpiote_init) refers to app_gpiote.o(.data) for .data
    app_gpiote.o(i.app_gpiote_pins_state_get) refers to app_gpiote.o(.data) for .data
    app_gpiote.o(i.app_gpiote_user_disable) refers to app_gpiote.o(i.pins_sense_disable) for pins_sense_disable
    app_gpiote.o(i.app_gpiote_user_disable) refers to app_gpiote.o(.data) for .data
    app_gpiote.o(i.app_gpiote_user_enable) refers to app_gpiote.o(.data) for .data
    app_gpiote.o(i.app_gpiote_user_register) refers to app_gpiote.o(i.pins_sense_disable) for pins_sense_disable
    app_gpiote.o(i.app_gpiote_user_register) refers to app_gpiote.o(.data) for .data
    app_gpiote.o(i.pins_sense_disable) refers to app_gpiote.o(.data) for .data
    app_scheduler.o(i.app_sched_event_get) refers to app_scheduler.o(.data) for .data
    app_scheduler.o(i.app_sched_event_put) refers to main.o(i.app_error_handler) for app_error_handler
    app_scheduler.o(i.app_sched_event_put) refers to memcpya.o(.text) for __aeabi_memcpy
    app_scheduler.o(i.app_sched_event_put) refers to app_scheduler.o(.data) for .data
    app_scheduler.o(i.app_sched_execute) refers to app_scheduler.o(i.app_sched_event_get) for app_sched_event_get
    app_scheduler.o(i.app_sched_init) refers to app_scheduler.o(.data) for .data
    app_timer.o(i.RTC1_IRQHandler) refers to app_timer.o(i.timer_timeouts_check) for timer_timeouts_check
    app_timer.o(i.SWI0_IRQHandler) refers to app_timer.o(i.elapsed_ticks_acquire) for elapsed_ticks_acquire
    app_timer.o(i.SWI0_IRQHandler) refers to app_timer.o(i.list_deletions_handler) for list_deletions_handler
    app_timer.o(i.SWI0_IRQHandler) refers to app_timer.o(i.expired_timers_handler) for expired_timers_handler
    app_timer.o(i.SWI0_IRQHandler) refers to app_timer.o(i.list_insertions_handler) for list_insertions_handler
    app_timer.o(i.SWI0_IRQHandler) refers to app_timer.o(i.compare_reg_update) for compare_reg_update
    app_timer.o(i.SWI0_IRQHandler) refers to app_timer.o(.data) for .data
    app_timer.o(i.app_timer_create) refers to app_timer.o(.data) for .data
    app_timer.o(i.app_timer_init) refers to app_timer.o(i.rtc1_stop) for rtc1_stop
    app_timer.o(i.app_timer_init) refers to app_timer.o(i.NVIC_SetPriority) for NVIC_SetPriority
    app_timer.o(i.app_timer_init) refers to app_timer.o(.data) for .data
    app_timer.o(i.app_timer_start) refers to app_timer.o(i.user_id_get) for user_id_get
    app_timer.o(i.app_timer_start) refers to app_timer.o(i.user_op_alloc) for user_op_alloc
    app_timer.o(i.app_timer_start) refers to app_timer.o(i.timer_list_handler_sched) for timer_list_handler_sched
    app_timer.o(i.app_timer_start) refers to app_timer.o(.data) for .data
    app_timer.o(i.app_timer_stop) refers to app_timer.o(i.user_id_get) for user_id_get
    app_timer.o(i.app_timer_stop) refers to app_timer.o(i.user_op_alloc) for user_op_alloc
    app_timer.o(i.app_timer_stop) refers to app_timer.o(i.timer_list_handler_sched) for timer_list_handler_sched
    app_timer.o(i.app_timer_stop) refers to app_timer.o(.data) for .data
    app_timer.o(i.app_timer_stop_all) refers to app_timer.o(i.user_id_get) for user_id_get
    app_timer.o(i.app_timer_stop_all) refers to app_timer.o(i.user_op_alloc) for user_op_alloc
    app_timer.o(i.app_timer_stop_all) refers to app_timer.o(i.timer_list_handler_sched) for timer_list_handler_sched
    app_timer.o(i.app_timer_stop_all) refers to app_timer.o(.data) for .data
    app_timer.o(i.compare_reg_update) refers to app_timer.o(.emb_text) for __asm___11_app_timer_c_cd27f9c3__nrf_delay_us
    app_timer.o(i.compare_reg_update) refers to app_timer.o(i.rtc1_stop) for rtc1_stop
    app_timer.o(i.compare_reg_update) refers to app_timer.o(.data) for .data
    app_timer.o(i.elapsed_ticks_acquire) refers to app_timer.o(.data) for .data
    app_timer.o(i.expired_timers_handler) refers to app_timer.o(.data) for .data
    app_timer.o(i.list_deletions_handler) refers to app_timer.o(i.timer_list_remove) for timer_list_remove
    app_timer.o(i.list_deletions_handler) refers to app_timer.o(.data) for .data
    app_timer.o(i.list_insertions_handler) refers to app_timer.o(i.timer_list_insert) for timer_list_insert
    app_timer.o(i.list_insertions_handler) refers to app_timer.o(.data) for .data
    app_timer.o(i.rtc1_stop) refers to app_timer.o(.emb_text) for __asm___11_app_timer_c_cd27f9c3__nrf_delay_us
    app_timer.o(i.rtc1_stop) refers to app_timer.o(.data) for .data
    app_timer.o(i.timer_list_insert) refers to app_timer.o(.data) for .data
    app_timer.o(i.timer_list_remove) refers to app_timer.o(i.rtc1_stop) for rtc1_stop
    app_timer.o(i.timer_list_remove) refers to app_timer.o(.data) for .data
    app_timer.o(i.timer_timeouts_check) refers to main.o(i.app_error_handler) for app_error_handler
    app_timer.o(i.timer_timeouts_check) refers to app_timer.o(i.timer_list_handler_sched) for timer_list_handler_sched
    app_timer.o(i.timer_timeouts_check) refers to app_timer.o(.data) for .data
    softdevice_handler.o(i.SWI2_IRQHandler) refers to main.o(i.app_error_handler) for app_error_handler
    softdevice_handler.o(i.SWI2_IRQHandler) refers to softdevice_handler.o(i.intern_softdevice_events_execute) for intern_softdevice_events_execute
    softdevice_handler.o(i.SWI2_IRQHandler) refers to softdevice_handler.o(.data) for .data
    softdevice_handler.o(i.intern_softdevice_events_execute) refers to main.o(i.app_error_handler) for app_error_handler
    softdevice_handler.o(i.intern_softdevice_events_execute) refers to softdevice_handler.o(.data) for .data
    softdevice_handler.o(i.softdevice_assertion_handler) refers to main.o(i.assert_nrf_callback) for assert_nrf_callback
    softdevice_handler.o(i.softdevice_ble_evt_handler_set) refers to softdevice_handler.o(.data) for .data
    softdevice_handler.o(i.softdevice_handler_init) refers to softdevice_handler.o(.data) for .data
    softdevice_handler.o(i.softdevice_handler_init) refers to softdevice_handler.o(i.softdevice_assertion_handler) for softdevice_assertion_handler
    softdevice_handler.o(i.softdevice_handler_sd_disable) refers to softdevice_handler.o(.data) for .data
    softdevice_handler.o(i.softdevice_sys_evt_handler_set) refers to softdevice_handler.o(.data) for .data
    entry.o(.ARM.Collect$$$$00000000) refers (Special) to entry10a.o(.ARM.Collect$$$$0000000D) for __rt_final_cpp
    entry.o(.ARM.Collect$$$$00000000) refers (Special) to entry11a.o(.ARM.Collect$$$$0000000F) for __rt_final_exit
    entry.o(.ARM.Collect$$$$00000000) refers (Special) to entry7b.o(.ARM.Collect$$$$00000008) for _main_clock
    entry.o(.ARM.Collect$$$$00000000) refers (Special) to entry8b.o(.ARM.Collect$$$$0000000A) for _main_cpp_init
    entry.o(.ARM.Collect$$$$00000000) refers (Special) to entry9a.o(.ARM.Collect$$$$0000000B) for _main_init
    entry.o(.ARM.Collect$$$$00000000) refers (Special) to entry5.o(.ARM.Collect$$$$00000004) for _main_scatterload
    entry.o(.ARM.Collect$$$$00000000) refers (Special) to entry2.o(.ARM.Collect$$$$00000001) for _main_stk
    malloc.o(i.free) refers to mvars.o(.data) for __microlib_freelist
    malloc.o(i.malloc) refers to mvars.o(.data) for __microlib_freelist_initialised
    malloc.o(i.malloc) refers to mvars.o(.data) for __microlib_freelist
    malloc.o(i.malloc) refers to arm_startup_nrf51.o(HEAP) for __heap_base
    mallocr.o(i.__free$realloc) refers to mvars.o(.data) for __microlib_freelist
    mallocr.o(i.__malloc$realloc) refers to mallocr.o(i.internal_alloc) for internal_alloc
    mallocr.o(i.__malloc$realloc) refers to mvars.o(.data) for __microlib_freelist_initialised
    mallocr.o(i.__malloc$realloc) refers to arm_startup_nrf51.o(HEAP) for __heap_base
    mallocr.o(i.__malloc$realloc) refers to mvars.o(.data) for __microlib_freelist
    mallocr.o(i.internal_alloc) refers to memcpya.o(.text) for __aeabi_memcpy
    mallocr.o(i.internal_alloc) refers to mvars.o(.data) for __microlib_freelist
    mallocr.o(i.realloc) refers to mallocr.o(i.__free$realloc) for __free$realloc
    mallocr.o(i.realloc) refers to mallocr.o(i.internal_alloc) for internal_alloc
    mallocr.o(i.realloc) refers to mallocr.o(i.__malloc$realloc) for __malloc$realloc
    mallocr.o(i.realloc) refers to mvars.o(.data) for __microlib_freelist
    malloca.o(i.__aligned_malloc) refers to mvars.o(.data) for __microlib_freelist
    malloca.o(i.__aligned_malloc) refers to mvars.o(.data) for __microlib_freelist_initialised
    malloca.o(i.__aligned_malloc) refers to arm_startup_nrf51.o(HEAP) for __heap_base
    malloca.o(i.__free$memalign) refers to mvars.o(.data) for __microlib_freelist
    malloca.o(i.__malloc$memalign) refers to malloca.o(i.__aligned_malloc) for __aligned_malloc
    mallocra.o(i.__aligned_malloc$realloc) refers to mallocra.o(i.internal_alloc) for internal_alloc
    mallocra.o(i.__aligned_malloc$realloc) refers to arm_startup_nrf51.o(HEAP) for __heap_base
    mallocra.o(i.__aligned_malloc$realloc) refers to mvars.o(.data) for __microlib_freelist
    mallocra.o(i.__aligned_malloc$realloc) refers to mvars.o(.data) for __microlib_freelist_initialised
    mallocra.o(i.__free$realloc$memalign) refers to mvars.o(.data) for __microlib_freelist
    mallocra.o(i.__malloc$realloc$memalign) refers to mallocra.o(i.__aligned_malloc$realloc) for __aligned_malloc$realloc
    mallocra.o(i.__realloc$memalign) refers to mallocra.o(i.__free$realloc$memalign) for __free$realloc$memalign
    mallocra.o(i.__realloc$memalign) refers to mallocra.o(i.internal_alloc) for internal_alloc
    mallocra.o(i.__realloc$memalign) refers to mallocra.o(i.__malloc$realloc$memalign) for __malloc$realloc$memalign
    mallocra.o(i.__realloc$memalign) refers to mvars.o(.data) for __microlib_freelist
    mallocra.o(i.internal_alloc) refers to memcpya.o(.text) for __aeabi_memcpy
    mallocra.o(i.internal_alloc) refers to mvars.o(.data) for __microlib_freelist
    entry2.o(.ARM.Collect$$$$00000001) refers to entry2.o(.ARM.Collect$$$$00002712) for __lit__00000000
    entry2.o(.ARM.Collect$$$$00002712) refers to arm_startup_nrf51.o(STACK) for __initial_sp
    entry2.o(__vectab_stack_and_reset_area) refers to arm_startup_nrf51.o(STACK) for __initial_sp
    entry2.o(__vectab_stack_and_reset_area) refers to entry.o(.ARM.Collect$$$$00000000) for __main
    entry5.o(.ARM.Collect$$$$00000004) refers to init.o(.text) for __scatterload
    entry9a.o(.ARM.Collect$$$$0000000B) refers to main.o(i.main) for main
    entry9b.o(.ARM.Collect$$$$0000000C) refers to main.o(i.main) for main
    init.o(.text) refers to entry5.o(.ARM.Collect$$$$00000004) for __main_after_scatterload


==============================================================================

Removing Unused input sections from the image.

    Removing ble_nus.o(.rev16_text), (4 bytes).
    Removing ble_nus.o(.revsh_text), (4 bytes).
    Removing ble_nus.o(i.ble_nus_send_string), (84 bytes).
    Removing ble_nus.o(i.updateUartRxSetting), (136 bytes).
    Removing main.o(.rev16_text), (4 bytes).
    Removing main.o(.revsh_text), (4 bytes).
    Removing main.o(.emb_text), (30 bytes).
    Removing main.o(i.SendHeartRateDataAgainAndAgain), (80 bytes).
    Removing main.o(i.bleTx), (176 bytes).
    Removing main.o(.data), (1 bytes).
    Removing main.o(.data), (1 bytes).
    Removing main.o(.data), (4 bytes).
    Removing main.o(.data), (1 bytes).
    Removing main.o(.data), (1 bytes).
    Removing uart_protocol.o(i.framePackage), (64 bytes).
    Removing uart_protocol.o(i.frameUnPackage), (62 bytes).
    Removing uart_protocol.o(.data), (20 bytes).
    Removing uart_protocol.o(.data), (152 bytes).
    Removing uart_protocol.o(.data), (129 bytes).
    Removing uart_protocol.o(.data), (4 bytes).
    Removing queue.o(i.downQueueRead), (2 bytes).
    Removing queue.o(i.downQueueWrite), (2 bytes).
    Removing queue.o(.bss), (16 bytes).
    Removing bsp.o(.rev16_text), (4 bytes).
    Removing bsp.o(.revsh_text), (4 bytes).
    Removing bsp.o(i.alert_timer_handler), (24 bytes).
    Removing bsp.o(i.bsp_buttons_state_get), (52 bytes).
    Removing bsp.o(i.bsp_event_to_button_assign), (24 bytes).
    Removing bsp.o(i.bsp_indication_text_set), (8 bytes).
    Removing bsp.o(i.bsp_init), (164 bytes).
    Removing bsp.o(i.leds_timer_handler), (24 bytes).
    Removing system_nrf51.o(.rev16_text), (4 bytes).
    Removing system_nrf51.o(.revsh_text), (4 bytes).
    Removing system_nrf51.o(i.SystemCoreClockUpdate), (16 bytes).
    Removing ble_srv_common.o(i.ble_srv_ascii_to_utf8), (18 bytes).
    Removing ble_srv_common.o(i.ble_srv_report_ref_encode), (12 bytes).
    Removing ble_conn_params.o(i.ble_conn_params_change_conn_params), (80 bytes).
    Removing ble_conn_params.o(i.ble_conn_params_stop), (16 bytes).
    Removing nrf_delay.o(.rev16_text), (4 bytes).
    Removing nrf_delay.o(.revsh_text), (4 bytes).
    Removing nrf_delay.o(.emb_text), (30 bytes).
    Removing nrf_delay.o(i.nrf_delay_ms), (28 bytes).
    Removing simple_uart.o(.rev16_text), (4 bytes).
    Removing simple_uart.o(.revsh_text), (4 bytes).
    Removing simple_uart.o(.emb_text), (30 bytes).
    Removing simple_uart.o(i.simple_uart_get_with_timeout), (64 bytes).
    Removing simple_uart.o(i.simple_uart_putstring), (24 bytes).
    Removing app_button.o(.rev16_text), (4 bytes).
    Removing app_button.o(.revsh_text), (4 bytes).
    Removing app_button.o(i.app_button_disable), (36 bytes).
    Removing app_button.o(i.app_button_enable), (28 bytes).
    Removing app_button.o(i.app_button_init), (112 bytes).
    Removing app_button.o(i.app_button_is_pushed), (92 bytes).
    Removing app_button.o(i.button_handler_execute), (64 bytes).
    Removing app_button.o(i.detection_delay_timeout_handler), (104 bytes).
    Removing app_button.o(i.gpiote_event_handler), (44 bytes).
    Removing app_button.o(.data), (28 bytes).
    Removing app_error.o(.rev16_text), (4 bytes).
    Removing app_error.o(.revsh_text), (4 bytes).
    Removing app_error.o(i.app_error_handler), (24 bytes).
    Removing app_gpiote.o(.rev16_text), (4 bytes).
    Removing app_gpiote.o(.revsh_text), (4 bytes).
    Removing app_gpiote.o(i.app_gpiote_pins_state_get), (52 bytes).
    Removing app_gpiote.o(i.app_gpiote_user_disable), (64 bytes).
    Removing app_gpiote.o(i.app_gpiote_user_enable), (148 bytes).
    Removing app_gpiote.o(i.app_gpiote_user_register), (76 bytes).
    Removing app_gpiote.o(i.pins_sense_disable), (60 bytes).
    Removing app_scheduler.o(.rev16_text), (4 bytes).
    Removing app_scheduler.o(.revsh_text), (4 bytes).
    Removing app_scheduler.o(i.app_sched_event_get), (68 bytes).
    Removing app_scheduler.o(i.app_sched_event_put), (256 bytes).
    Removing app_scheduler.o(i.app_sched_execute), (30 bytes).
    Removing app_scheduler.o(i.app_sched_init), (44 bytes).
    Removing app_scheduler.o(.data), (16 bytes).
    Removing app_timer.o(.rev16_text), (4 bytes).
    Removing app_timer.o(.revsh_text), (4 bytes).
    Removing app_timer.o(i.app_timer_cnt_diff_compute), (12 bytes).
    Removing app_timer.o(i.app_timer_cnt_get), (16 bytes).
    Removing app_timer.o(i.app_timer_stop_all), (68 bytes).
    Removing app_fifo.o(i.app_fifo_flush), (8 bytes).
    Removing softdevice_handler.o(.rev16_text), (4 bytes).
    Removing softdevice_handler.o(.revsh_text), (4 bytes).
    Removing softdevice_handler.o(i.softdevice_handler_sd_disable), (24 bytes).
    Removing softdevice_handler.o(i.softdevice_sys_evt_handler_set), (20 bytes).

84 unused section(s) (total 3169 bytes) removed from the image.

==============================================================================

Image Symbol Table

    Local Symbols

    Symbol Name                              Value     Ov Type        Size  Object(Section)

    ../clib/microlib/division.c              0x00000000   Number         0  uidiv.o ABSOLUTE
    ../clib/microlib/init/entry.s            0x00000000   Number         0  entry5.o ABSOLUTE
    ../clib/microlib/init/entry.s            0x00000000   Number         0  entry2.o ABSOLUTE
    ../clib/microlib/init/entry.s            0x00000000   Number         0  entry.o ABSOLUTE
    ../clib/microlib/init/entry.s            0x00000000   Number         0  entry11b.o ABSOLUTE
    ../clib/microlib/init/entry.s            0x00000000   Number         0  entry11a.o ABSOLUTE
    ../clib/microlib/init/entry.s            0x00000000   Number         0  entry10b.o ABSOLUTE
    ../clib/microlib/init/entry.s            0x00000000   Number         0  entry10a.o ABSOLUTE
    ../clib/microlib/init/entry.s            0x00000000   Number         0  entry9b.o ABSOLUTE
    ../clib/microlib/init/entry.s            0x00000000   Number         0  entry9a.o ABSOLUTE
    ../clib/microlib/init/entry.s            0x00000000   Number         0  entry8b.o ABSOLUTE
    ../clib/microlib/init/entry.s            0x00000000   Number         0  entry8a.o ABSOLUTE
    ../clib/microlib/init/entry.s            0x00000000   Number         0  entry7b.o ABSOLUTE
    ../clib/microlib/init/entry.s            0x00000000   Number         0  entry7a.o ABSOLUTE
    ../clib/microlib/malloc/malloc.c         0x00000000   Number         0  mallocra.o ABSOLUTE
    ../clib/microlib/malloc/malloc.c         0x00000000   Number         0  malloc.o ABSOLUTE
    ../clib/microlib/malloc/malloc.c         0x00000000   Number         0  mallocr.o ABSOLUTE
    ../clib/microlib/malloc/malloc.c         0x00000000   Number         0  malloca.o ABSOLUTE
    ../clib/microlib/malloc/mvars.c          0x00000000   Number         0  mvars.o ABSOLUTE
    ../clib/microlib/string/memcpy.c         0x00000000   Number         0  memcpya.o ABSOLUTE
    ../clib/microlib/string/memcpy.c         0x00000000   Number         0  memcpyb.o ABSOLUTE
    ../clib/microlib/string/memset.c         0x00000000   Number         0  memseta.o ABSOLUTE
    ../clib/microlib/string/strlen.c         0x00000000   Number         0  strlen.o ABSOLUTE
    ..\..\ble_nus.c                          0x00000000   Number         0  ble_nus.o ABSOLUTE
    ..\..\main.c                             0x00000000   Number         0  main.o ABSOLUTE
    ..\..\queue.c                            0x00000000   Number         0  queue.o ABSOLUTE
    ..\..\uart_protocol.c                    0x00000000   Number         0  uart_protocol.o ABSOLUTE
    ..\\..\\ble_nus.c                        0x00000000   Number         0  ble_nus.o ABSOLUTE
    ..\\..\\main.c                           0x00000000   Number         0  main.o ABSOLUTE
    C:\Keil_v5\ARM\PACK\NordicSemiconductor\nRF_BLE\1.0.1\common\ble_srv_common.c 0x00000000   Number         0  ble_srv_common.o ABSOLUTE
    C:\Keil_v5\ARM\PACK\NordicSemiconductor\nRF_Drivers\1.1.0\hal\nrf_delay.c 0x00000000   Number         0  nrf_delay.o ABSOLUTE
    C:\\Keil_v5\\ARM\\PACK\\NordicSemiconductor\\nRF_Drivers\\1.1.0\\hal\\nrf_delay.c 0x00000000   Number         0  nrf_delay.o ABSOLUTE
    RTE\Board_Support\nRF51422_xxAC\bsp.c    0x00000000   Number         0  bsp.o ABSOLUTE
    RTE\Device\nRF51422_xxAC\arm_startup_nrf51.s 0x00000000   Number         0  arm_startup_nrf51.o ABSOLUTE
    RTE\Device\nRF51422_xxAC\system_nrf51.c  0x00000000   Number         0  system_nrf51.o ABSOLUTE
    RTE\\Board_Support\\nRF51422_xxAC\\bsp.c 0x00000000   Number         0  bsp.o ABSOLUTE
    RTE\\Device\\nRF51422_xxAC\\system_nrf51.c 0x00000000   Number         0  system_nrf51.o ABSOLUTE
    RTE\\nRF_Drivers\\nRF51422_xxAC\\simple_uart.c 0x00000000   Number         0  simple_uart.o ABSOLUTE
    RTE\\nRF_Libraries\\nRF51422_xxAC\\app_button.c 0x00000000   Number         0  app_button.o ABSOLUTE
    RTE\\nRF_Libraries\\nRF51422_xxAC\\app_error.c 0x00000000   Number         0  app_error.o ABSOLUTE
    RTE\\nRF_Libraries\\nRF51422_xxAC\\app_gpiote.c 0x00000000   Number         0  app_gpiote.o ABSOLUTE
    RTE\\nRF_Libraries\\nRF51422_xxAC\\app_scheduler.c 0x00000000   Number         0  app_scheduler.o ABSOLUTE
    RTE\\nRF_Libraries\\nRF51422_xxAC\\app_timer.c 0x00000000   Number         0  app_timer.o ABSOLUTE
    RTE\\nRF_SoftDevice\\nRF51422_xxAC\\softdevice_handler.c 0x00000000   Number         0  softdevice_handler.o ABSOLUTE
    RTE\nRF_BLE\nRF51422_xxAC\ble_advdata.c  0x00000000   Number         0  ble_advdata.o ABSOLUTE
    RTE\nRF_BLE\nRF51422_xxAC\ble_conn_params.c 0x00000000   Number         0  ble_conn_params.o ABSOLUTE
    RTE\nRF_Drivers\nRF51422_xxAC\simple_uart.c 0x00000000   Number         0  simple_uart.o ABSOLUTE
    RTE\nRF_Libraries\nRF51422_xxAC\app_button.c 0x00000000   Number         0  app_button.o ABSOLUTE
    RTE\nRF_Libraries\nRF51422_xxAC\app_error.c 0x00000000   Number         0  app_error.o ABSOLUTE
    RTE\nRF_Libraries\nRF51422_xxAC\app_fifo.c 0x00000000   Number         0  app_fifo.o ABSOLUTE
    RTE\nRF_Libraries\nRF51422_xxAC\app_gpiote.c 0x00000000   Number         0  app_gpiote.o ABSOLUTE
    RTE\nRF_Libraries\nRF51422_xxAC\app_scheduler.c 0x00000000   Number         0  app_scheduler.o ABSOLUTE
    RTE\nRF_Libraries\nRF51422_xxAC\app_timer.c 0x00000000   Number         0  app_timer.o ABSOLUTE
    RTE\nRF_Libraries\nRF51422_xxAC\nrf_assert.c 0x00000000   Number         0  nrf_assert.o ABSOLUTE
    RTE\nRF_SoftDevice\nRF51422_xxAC\softdevice_handler.c 0x00000000   Number         0  softdevice_handler.o ABSOLUTE
    dc.s                                     0x00000000   Number         0  dc.o ABSOLUTE
    handlers.s                               0x00000000   Number         0  handlers.o ABSOLUTE
    init.s                                   0x00000000   Number         0  init.o ABSOLUTE
    RESET                                    0x00016000   Section      192  arm_startup_nrf51.o(RESET)
    .ARM.Collect$$$$00000000                 0x000160c0   Section        0  entry.o(.ARM.Collect$$$$00000000)
    .ARM.Collect$$$$00000001                 0x000160c0   Section        4  entry2.o(.ARM.Collect$$$$00000001)
    .ARM.Collect$$$$00000004                 0x000160c4   Section        4  entry5.o(.ARM.Collect$$$$00000004)
    .ARM.Collect$$$$00000008                 0x000160c8   Section        0  entry7b.o(.ARM.Collect$$$$00000008)
    .ARM.Collect$$$$0000000A                 0x000160c8   Section        0  entry8b.o(.ARM.Collect$$$$0000000A)
    .ARM.Collect$$$$0000000B                 0x000160c8   Section        8  entry9a.o(.ARM.Collect$$$$0000000B)
    .ARM.Collect$$$$0000000D                 0x000160d0   Section        0  entry10a.o(.ARM.Collect$$$$0000000D)
    .ARM.Collect$$$$0000000F                 0x000160d0   Section        0  entry11a.o(.ARM.Collect$$$$0000000F)
    .ARM.Collect$$$$00002712                 0x000160d0   Section        4  entry2.o(.ARM.Collect$$$$00002712)
    __lit__00000000                          0x000160d0   Data           4  entry2.o(.ARM.Collect$$$$00002712)
    .emb_text                                0x000160d4   Section       30  app_timer.o(.emb_text)
    .text                                    0x000160f4   Section       56  arm_startup_nrf51.o(.text)
    .text                                    0x0001612c   Section        0  uidiv.o(.text)
    .text                                    0x00016158   Section        0  memcpya.o(.text)
    .text                                    0x0001617c   Section        0  memseta.o(.text)
    .text                                    0x000161a0   Section       36  init.o(.text)
    i.GPIOTE_IRQHandler                      0x000161c4   Section        0  app_gpiote.o(i.GPIOTE_IRQHandler)
    i.NVIC_SetPriority                       0x00016250   Section        0  app_timer.o(i.NVIC_SetPriority)
    NVIC_SetPriority                         0x00016251   Thumb Code    60  app_timer.o(i.NVIC_SetPriority)
    i.QueueInit                              0x00016294   Section        0  queue.o(i.QueueInit)
    i.RTC1_IRQHandler                        0x000162b4   Section        0  app_timer.o(i.RTC1_IRQHandler)
    i.SWI0_IRQHandler                        0x000162d4   Section        0  app_timer.o(i.SWI0_IRQHandler)
    i.SWI2_IRQHandler                        0x00016324   Section        0  softdevice_handler.o(i.SWI2_IRQHandler)
    i.SystemInit                             0x00016348   Section        0  system_nrf51.o(i.SystemInit)
    i.SystemTimeInit                         0x0001639c   Section        0  main.o(i.SystemTimeInit)
    i.UART0_IRQHandler                       0x000163c4   Section        0  main.o(i.UART0_IRQHandler)
    i.__ARM_common_switch8                   0x000163d8   Section        0  bsp.o(i.__ARM_common_switch8)
    i.__scatterload_copy                     0x000163f2   Section       14  handlers.o(i.__scatterload_copy)
    i.__scatterload_null                     0x00016400   Section        2  handlers.o(i.__scatterload_null)
    i.__scatterload_zeroinit                 0x00016402   Section       14  handlers.o(i.__scatterload_zeroinit)
    i.adv_data_encode                        0x00016410   Section        0  ble_advdata.o(i.adv_data_encode)
    adv_data_encode                          0x00016411   Thumb Code   360  ble_advdata.o(i.adv_data_encode)
    i.advertising_start                      0x00016578   Section        0  main.o(i.advertising_start)
    advertising_start                        0x00016579   Thumb Code    60  main.o(i.advertising_start)
    i.app_error_handler                      0x000165b4   Section        0  main.o(i.app_error_handler)
    i.app_fifo_get                           0x000165d4   Section        0  app_fifo.o(i.app_fifo_get)
    i.app_fifo_init                          0x000165f6   Section        0  app_fifo.o(i.app_fifo_init)
    i.app_fifo_length                        0x0001661a   Section        0  app_fifo.o(i.app_fifo_length)
    i.app_fifo_put                           0x00016624   Section        0  app_fifo.o(i.app_fifo_put)
    i.app_gpiote_init                        0x00016648   Section        0  app_gpiote.o(i.app_gpiote_init)
    i.app_timer_create                       0x000166ac   Section        0  app_timer.o(i.app_timer_create)
    i.app_timer_init                         0x000166f8   Section        0  app_timer.o(i.app_timer_init)
    i.app_timer_start                        0x000167ac   Section        0  app_timer.o(i.app_timer_start)
    i.app_timer_stop                         0x00016830   Section        0  app_timer.o(i.app_timer_stop)
    i.assert_nrf_callback                    0x00016888   Section        0  main.o(i.assert_nrf_callback)
    i.ble_advdata_set                        0x00016898   Section        0  ble_advdata.o(i.ble_advdata_set)
    i.ble_conn_params_init                   0x00016900   Section        0  ble_conn_params.o(i.ble_conn_params_init)
    i.ble_conn_params_on_ble_evt             0x00016954   Section        0  ble_conn_params.o(i.ble_conn_params_on_ble_evt)
    i.ble_evt_dispatch                       0x000169e4   Section        0  main.o(i.ble_evt_dispatch)
    ble_evt_dispatch                         0x000169e5   Thumb Code    24  main.o(i.ble_evt_dispatch)
    i.ble_nus_init                           0x00016a00   Section        0  ble_nus.o(i.ble_nus_init)
    i.ble_nus_on_ble_evt                     0x00016a68   Section        0  ble_nus.o(i.ble_nus_on_ble_evt)
    i.ble_nus_send_string_byhandle           0x00016aa0   Section        0  ble_nus.o(i.ble_nus_send_string_byhandle)
    i.ble_srv_is_notification_enabled        0x00016b0c   Section        0  ble_nus.o(i.ble_srv_is_notification_enabled)
    ble_srv_is_notification_enabled          0x00016b0d   Thumb Code    14  ble_nus.o(i.ble_srv_is_notification_enabled)
    i.bsp_button_event_handler               0x00016b1c   Section        0  bsp.o(i.bsp_button_event_handler)
    bsp_button_event_handler                 0x00016b1d   Thumb Code    54  bsp.o(i.bsp_button_event_handler)
    i.bsp_buttons_enable                     0x00016b5c   Section        0  bsp.o(i.bsp_buttons_enable)
    i.bsp_indication_set                     0x00016ba8   Section        0  bsp.o(i.bsp_indication_set)
    i.bsp_led_indication                     0x00016bc4   Section        0  bsp.o(i.bsp_led_indication)
    bsp_led_indication                       0x00016bc5   Thumb Code   436  bsp.o(i.bsp_led_indication)
    i.compare_reg_update                     0x00016d80   Section        0  app_timer.o(i.compare_reg_update)
    compare_reg_update                       0x00016d81   Thumb Code   140  app_timer.o(i.compare_reg_update)
    i.conn_int_encode                        0x00016e24   Section        0  ble_advdata.o(i.conn_int_encode)
    conn_int_encode                          0x00016e25   Thumb Code   126  ble_advdata.o(i.conn_int_encode)
    i.conn_params_error_handler              0x00016ea8   Section        0  main.o(i.conn_params_error_handler)
    conn_params_error_handler                0x00016ea9   Thumb Code     8  main.o(i.conn_params_error_handler)
    i.conn_params_negotiation                0x00016eb0   Section        0  ble_conn_params.o(i.conn_params_negotiation)
    conn_params_negotiation                  0x00016eb1   Thumb Code    90  ble_conn_params.o(i.conn_params_negotiation)
    i.elapsed_ticks_acquire                  0x00016f14   Section        0  app_timer.o(i.elapsed_ticks_acquire)
    elapsed_ticks_acquire                    0x00016f15   Thumb Code    58  app_timer.o(i.elapsed_ticks_acquire)
    i.expired_timers_handler                 0x00016f54   Section        0  app_timer.o(i.expired_timers_handler)
    expired_timers_handler                   0x00016f55   Thumb Code    82  app_timer.o(i.expired_timers_handler)
    i.hr_char_add                            0x00016fac   Section        0  ble_nus.o(i.hr_char_add)
    hr_char_add                              0x00016fad   Thumb Code   158  ble_nus.o(i.hr_char_add)
    i.intern_softdevice_events_execute       0x00017050   Section        0  softdevice_handler.o(i.intern_softdevice_events_execute)
    i.is_conn_params_ok                      0x000170d0   Section        0  ble_conn_params.o(i.is_conn_params_ok)
    is_conn_params_ok                        0x000170d1   Thumb Code    24  ble_conn_params.o(i.is_conn_params_ok)
    i.is_manual_peripheral_setup_needed      0x000170ec   Section        0  system_nrf51.o(i.is_manual_peripheral_setup_needed)
    is_manual_peripheral_setup_needed        0x000170ed   Thumb Code    66  system_nrf51.o(i.is_manual_peripheral_setup_needed)
    i.list_deletions_handler                 0x00017134   Section        0  app_timer.o(i.list_deletions_handler)
    list_deletions_handler                   0x00017135   Thumb Code   144  app_timer.o(i.list_deletions_handler)
    i.list_insertions_handler                0x000171c8   Section        0  app_timer.o(i.list_insertions_handler)
    list_insertions_handler                  0x000171c9   Thumb Code   216  app_timer.o(i.list_insertions_handler)
    i.main                                   0x000172a8   Section        0  main.o(i.main)
    i.malloc                                 0x00017430   Section        0  malloc.o(i.malloc)
    i.manuf_specific_data_encode             0x0001749c   Section        0  ble_advdata.o(i.manuf_specific_data_encode)
    manuf_specific_data_encode               0x0001749d   Thumb Code   100  ble_advdata.o(i.manuf_specific_data_encode)
    i.name_encode                            0x00017500   Section        0  ble_advdata.o(i.name_encode)
    name_encode                              0x00017501   Thumb Code   106  ble_advdata.o(i.name_encode)
    i.nus_data_handler                       0x0001756c   Section        0  main.o(i.nus_data_handler)
    i.on_ble_evt                             0x000175bc   Section        0  main.o(i.on_ble_evt)
    on_ble_evt                               0x000175bd   Thumb Code   194  main.o(i.on_ble_evt)
    i.on_conn_params_evt                     0x00017688   Section        0  main.o(i.on_conn_params_evt)
    on_conn_params_evt                       0x00017689   Thumb Code    30  main.o(i.on_conn_params_evt)
    i.on_write                               0x000176ac   Section        0  ble_nus.o(i.on_write)
    on_write                                 0x000176ad   Thumb Code   190  ble_nus.o(i.on_write)
    i.prod_char_add                          0x00017780   Section        0  ble_nus.o(i.prod_char_add)
    prod_char_add                            0x00017781   Thumb Code   158  ble_nus.o(i.prod_char_add)
    i.rawd_char_add                          0x00017824   Section        0  ble_nus.o(i.rawd_char_add)
    rawd_char_add                            0x00017825   Thumb Code   158  ble_nus.o(i.rawd_char_add)
    i.rtc1_stop                              0x000178c8   Section        0  app_timer.o(i.rtc1_stop)
    rtc1_stop                                0x000178c9   Thumb Code    50  app_timer.o(i.rtc1_stop)
    i.rx_char_add                            0x0001790c   Section        0  ble_nus.o(i.rx_char_add)
    rx_char_add                              0x0001790d   Thumb Code   158  ble_nus.o(i.rx_char_add)
    i.sec_params_init                        0x000179b0   Section        0  main.o(i.sec_params_init)
    sec_params_init                          0x000179b1   Thumb Code    34  main.o(i.sec_params_init)
    i.sense_level_toggle                     0x000179d8   Section        0  app_gpiote.o(i.sense_level_toggle)
    sense_level_toggle                       0x000179d9   Thumb Code    64  app_gpiote.o(i.sense_level_toggle)
    i.service_data_encode                    0x00017a1c   Section        0  ble_advdata.o(i.service_data_encode)
    service_data_encode                      0x00017a1d   Thumb Code   124  ble_advdata.o(i.service_data_encode)
    i.simple_uart_config                     0x00017a98   Section        0  simple_uart.o(i.simple_uart_config)
    i.simple_uart_get                        0x00017af8   Section        0  simple_uart.o(i.simple_uart_get)
    i.simple_uart_put                        0x00017b14   Section        0  simple_uart.o(i.simple_uart_put)
    i.simple_uart_putstring_checksum         0x00017b30   Section        0  simple_uart.o(i.simple_uart_putstring_checksum)
    i.softdevice_assertion_handler           0x00017b54   Section        0  softdevice_handler.o(i.softdevice_assertion_handler)
    i.softdevice_ble_evt_handler_set         0x00017b60   Section        0  softdevice_handler.o(i.softdevice_ble_evt_handler_set)
    i.softdevice_handler_init                0x00017b74   Section        0  softdevice_handler.o(i.softdevice_handler_init)
    i.system_tick_10ms_handler               0x00017ba4   Section        0  main.o(i.system_tick_10ms_handler)
    system_tick_10ms_handler                 0x00017ba5   Thumb Code    20  main.o(i.system_tick_10ms_handler)
    i.timer_list_handler_sched               0x00017bbc   Section        0  app_timer.o(i.timer_list_handler_sched)
    timer_list_handler_sched                 0x00017bbd   Thumb Code    10  app_timer.o(i.timer_list_handler_sched)
    i.timer_list_insert                      0x00017bcc   Section        0  app_timer.o(i.timer_list_insert)
    timer_list_insert                        0x00017bcd   Thumb Code    94  app_timer.o(i.timer_list_insert)
    i.timer_list_remove                      0x00017c30   Section        0  app_timer.o(i.timer_list_remove)
    timer_list_remove                        0x00017c31   Thumb Code    98  app_timer.o(i.timer_list_remove)
    i.timer_timeouts_check                   0x00017c98   Section        0  app_timer.o(i.timer_timeouts_check)
    timer_timeouts_check                     0x00017c99   Thumb Code   120  app_timer.o(i.timer_timeouts_check)
    i.uart_init                              0x00017d18   Section        0  main.o(i.uart_init)
    uart_init                                0x00017d19   Thumb Code    70  main.o(i.uart_init)
    i.uint16_encode                          0x00017d70   Section        0  ble_advdata.o(i.uint16_encode)
    uint16_encode                            0x00017d71   Thumb Code    10  ble_advdata.o(i.uint16_encode)
    i.upQueueGetStruct                       0x00017d7a   Section        0  queue.o(i.upQueueGetStruct)
    i.upQueueRead                            0x00017db8   Section        0  queue.o(i.upQueueRead)
    i.upQueueWrite                           0x00017e54   Section        0  queue.o(i.upQueueWrite)
    i.update_timeout_handler                 0x00017e78   Section        0  ble_conn_params.o(i.update_timeout_handler)
    update_timeout_handler                   0x00017e79   Thumb Code    86  ble_conn_params.o(i.update_timeout_handler)
    i.user_id_get                            0x00017edc   Section        0  app_timer.o(i.user_id_get)
    user_id_get                              0x00017edd   Thumb Code    74  app_timer.o(i.user_id_get)
    i.user_op_alloc                          0x00017f30   Section        0  app_timer.o(i.user_op_alloc)
    user_op_alloc                            0x00017f31   Thumb Code    36  app_timer.o(i.user_op_alloc)
    i.uuid_list_encode                       0x00017f54   Section        0  ble_advdata.o(i.uuid_list_encode)
    uuid_list_encode                         0x00017f55   Thumb Code    38  ble_advdata.o(i.uuid_list_encode)
    i.uuid_list_sized_encode                 0x00017f7a   Section        0  ble_advdata.o(i.uuid_list_sized_encode)
    uuid_list_sized_encode                   0x00017f7b   Thumb Code   162  ble_advdata.o(i.uuid_list_sized_encode)
    .constdata                               0x0001801c   Section        4  main.o(.constdata)
    .constdata                               0x00018020   Section       24  bsp.o(.constdata)
    m_buttons_list                           0x00018020   Data           8  bsp.o(.constdata)
    app_buttons                              0x00018028   Data          16  bsp.o(.constdata)
    .data                                    0x20002000   Section       46  main.o(.data)
    m_conn_handle                            0x20002004   Data           2  main.o(.data)
    uSystemTick10MsCnt                       0x20002008   Data           4  main.o(.data)
    SystemTick10Ms                           0x2000200c   Data           4  main.o(.data)
    m_sec_params                             0x20002014   Data           6  main.o(.data)
    .data                                    0x2000202e   Section        1  main.o(.data)
    .data                                    0x20002030   Section        8  queue.o(.data)
    .data                                    0x20002038   Section       24  bsp.o(.data)
    m_stable_state                           0x20002038   Data           1  bsp.o(.data)
    m_events_list                            0x20002039   Data           2  bsp.o(.data)
    m_app_ticks_per_100ms                    0x2000203c   Data           4  bsp.o(.data)
    m_indication_type                        0x20002040   Data           4  bsp.o(.data)
    m_registered_callback                    0x20002044   Data           4  bsp.o(.data)
    m_leds_timer_id                          0x20002048   Data           4  bsp.o(.data)
    m_alert_timer_id                         0x2000204c   Data           4  bsp.o(.data)
    .data                                    0x20002050   Section        4  system_nrf51.o(.data)
    __tagsym$$used                           0x20002050   Number         0  system_nrf51.o(.data)
    .data                                    0x20002054   Section       24  ble_conn_params.o(.data)
    m_change_param                           0x20002054   Data           1  ble_conn_params.o(.data)
    m_update_count                           0x20002055   Data           1  ble_conn_params.o(.data)
    m_conn_handle                            0x20002056   Data           2  ble_conn_params.o(.data)
    m_conn_params_timer_id                   0x20002058   Data           4  ble_conn_params.o(.data)
    m_preferred_conn_params                  0x2000205c   Data           8  ble_conn_params.o(.data)
    m_current_conn_params                    0x20002064   Data           8  ble_conn_params.o(.data)
    .data                                    0x2000206c   Section       12  app_gpiote.o(.data)
    m_user_array_size                        0x2000206c   Data           1  app_gpiote.o(.data)
    m_user_count                             0x2000206d   Data           1  app_gpiote.o(.data)
    mp_users                                 0x20002070   Data           4  app_gpiote.o(.data)
    m_enabled_users_mask                     0x20002074   Data           4  app_gpiote.o(.data)
    .data                                    0x20002078   Section       36  app_timer.o(.data)
    m_node_array_size                        0x20002078   Data           1  app_timer.o(.data)
    m_user_array_size                        0x20002079   Data           1  app_timer.o(.data)
    m_ticks_elapsed_q_read_ind               0x2000207a   Data           1  app_timer.o(.data)
    m_ticks_elapsed_q_write_ind              0x2000207b   Data           1  app_timer.o(.data)
    m_rtc1_running                           0x2000207c   Data           1  app_timer.o(.data)
    mp_nodes                                 0x20002080   Data           4  app_timer.o(.data)
    mp_users                                 0x20002084   Data           4  app_timer.o(.data)
    m_timer_id_head                          0x20002088   Data           4  app_timer.o(.data)
    m_ticks_latest                           0x2000208c   Data           4  app_timer.o(.data)
    m_evt_schedule_func                      0x20002090   Data           4  app_timer.o(.data)
    m_ticks_elapsed                          0x20002094   Data           8  app_timer.o(.data)
    .data                                    0x2000209c   Section       20  softdevice_handler.o(.data)
    m_softdevice_enabled                     0x2000209c   Data           1  softdevice_handler.o(.data)
    m_ble_evt_buffer_size                    0x2000209e   Data           2  softdevice_handler.o(.data)
    m_evt_schedule_func                      0x200020a0   Data           4  softdevice_handler.o(.data)
    m_evt_buffer                             0x200020a4   Data           4  softdevice_handler.o(.data)
    m_ble_evt_handler                        0x200020a8   Data           4  softdevice_handler.o(.data)
    m_sys_evt_handler                        0x200020ac   Data           4  softdevice_handler.o(.data)
    .data                                    0x200020b0   Section        4  mvars.o(.data)
    .data                                    0x200020b4   Section        4  mvars.o(.data)
    .bss                                     0x200020b8   Section      864  main.o(.bss)
    APP_TIMER_BUF                            0x200020b8   Data         616  main.o(.bss)
    m_auth_status                            0x20002320   Data          50  main.o(.bss)
    EVT_BUFFER                               0x20002354   Data          80  main.o(.bss)
    data_array                               0x200023a4   Data          20  main.o(.bss)
    app_gpiote_buf                           0x200023b8   Data          20  main.o(.bss)
    m_nus                                    0x200023cc   Data          60  main.o(.bss)
    .bss                                     0x20002418   Section       16  queue.o(.bss)
    .bss                                     0x20002428   Section       28  ble_conn_params.o(.bss)
    m_conn_params_config                     0x20002428   Data          28  ble_conn_params.o(.bss)
    HEAP                                     0x20002448   Section     2048  arm_startup_nrf51.o(HEAP)
    STACK                                    0x20002c48   Section     2048  arm_startup_nrf51.o(STACK)

    Global Symbols

    Symbol Name                              Value     Ov Type        Size  Object(Section)

    BuildAttributes$$THM_ISAv3M$S$PE$A:L22$X:L11$S22$IEEE1$IW$USESV6$~STKCKD$USESV7$~SHL$OSPACE$EBA8$MICROLIB$REQ8$PRES8$EABIv2 0x00000000   Number         0  anon$$obj.o ABSOLUTE
    __ARM_use_no_argv                        0x00000000   Number         0  main.o ABSOLUTE
    __cpp_initialize__aeabi_                  - Undefined Weak Reference
    __cxa_finalize                            - Undefined Weak Reference
    __decompress                              - Undefined Weak Reference
    _clock_init                               - Undefined Weak Reference
    _microlib_exit                            - Undefined Weak Reference
    __Vectors_Size                           0x000000c0   Number         0  arm_startup_nrf51.o ABSOLUTE
    __Vectors                                0x00016000   Data           4  arm_startup_nrf51.o(RESET)
    __Vectors_End                            0x000160c0   Data           0  arm_startup_nrf51.o(RESET)
    __main                                   0x000160c1   Thumb Code     0  entry.o(.ARM.Collect$$$$00000000)
    _main_stk                                0x000160c1   Thumb Code     0  entry2.o(.ARM.Collect$$$$00000001)
    _main_scatterload                        0x000160c5   Thumb Code     0  entry5.o(.ARM.Collect$$$$00000004)
    __main_after_scatterload                 0x000160c9   Thumb Code     0  entry5.o(.ARM.Collect$$$$00000004)
    _main_clock                              0x000160c9   Thumb Code     0  entry7b.o(.ARM.Collect$$$$00000008)
    _main_cpp_init                           0x000160c9   Thumb Code     0  entry8b.o(.ARM.Collect$$$$0000000A)
    _main_init                               0x000160c9   Thumb Code     0  entry9a.o(.ARM.Collect$$$$0000000B)
    __rt_final_cpp                           0x000160d1   Thumb Code     0  entry10a.o(.ARM.Collect$$$$0000000D)
    __rt_final_exit                          0x000160d1   Thumb Code     0  entry11a.o(.ARM.Collect$$$$0000000F)
    __asm___11_app_timer_c_cd27f9c3__nrf_delay_us 0x000160d5   Thumb Code    30  app_timer.o(.emb_text)
    Reset_Handler                            0x000160f5   Thumb Code    26  arm_startup_nrf51.o(.text)
    NMI_Handler                              0x0001610f   Thumb Code     2  arm_startup_nrf51.o(.text)
    HardFault_Handler                        0x00016111   Thumb Code     2  arm_startup_nrf51.o(.text)
    SVC_Handler                              0x00016113   Thumb Code     2  arm_startup_nrf51.o(.text)
    PendSV_Handler                           0x00016115   Thumb Code     2  arm_startup_nrf51.o(.text)
    SysTick_Handler                          0x00016117   Thumb Code     2  arm_startup_nrf51.o(.text)
    ADC_IRQHandler                           0x00016119   Thumb Code     0  arm_startup_nrf51.o(.text)
    CCM_AAR_IRQHandler                       0x00016119   Thumb Code     0  arm_startup_nrf51.o(.text)
    ECB_IRQHandler                           0x00016119   Thumb Code     0  arm_startup_nrf51.o(.text)
    LPCOMP_IRQHandler                        0x00016119   Thumb Code     0  arm_startup_nrf51.o(.text)
    POWER_CLOCK_IRQHandler                   0x00016119   Thumb Code     0  arm_startup_nrf51.o(.text)
    QDEC_IRQHandler                          0x00016119   Thumb Code     0  arm_startup_nrf51.o(.text)
    RADIO_IRQHandler                         0x00016119   Thumb Code     0  arm_startup_nrf51.o(.text)
    RNG_IRQHandler                           0x00016119   Thumb Code     0  arm_startup_nrf51.o(.text)
    RTC0_IRQHandler                          0x00016119   Thumb Code     0  arm_startup_nrf51.o(.text)
    SPI0_TWI0_IRQHandler                     0x00016119   Thumb Code     0  arm_startup_nrf51.o(.text)
    SPI1_TWI1_IRQHandler                     0x00016119   Thumb Code     0  arm_startup_nrf51.o(.text)
    SWI1_IRQHandler                          0x00016119   Thumb Code     0  arm_startup_nrf51.o(.text)
    SWI3_IRQHandler                          0x00016119   Thumb Code     0  arm_startup_nrf51.o(.text)
    SWI4_IRQHandler                          0x00016119   Thumb Code     0  arm_startup_nrf51.o(.text)
    SWI5_IRQHandler                          0x00016119   Thumb Code     0  arm_startup_nrf51.o(.text)
    TEMP_IRQHandler                          0x00016119   Thumb Code     0  arm_startup_nrf51.o(.text)
    TIMER0_IRQHandler                        0x00016119   Thumb Code     0  arm_startup_nrf51.o(.text)
    TIMER1_IRQHandler                        0x00016119   Thumb Code     0  arm_startup_nrf51.o(.text)
    TIMER2_IRQHandler                        0x00016119   Thumb Code     0  arm_startup_nrf51.o(.text)
    WDT_IRQHandler                           0x00016119   Thumb Code     0  arm_startup_nrf51.o(.text)
    __aeabi_uidiv                            0x0001612d   Thumb Code     0  uidiv.o(.text)
    __aeabi_uidivmod                         0x0001612d   Thumb Code    44  uidiv.o(.text)
    __aeabi_memcpy                           0x00016159   Thumb Code    36  memcpya.o(.text)
    __aeabi_memcpy4                          0x00016159   Thumb Code     0  memcpya.o(.text)
    __aeabi_memcpy8                          0x00016159   Thumb Code     0  memcpya.o(.text)
    __aeabi_memset                           0x0001617d   Thumb Code    14  memseta.o(.text)
    __aeabi_memset4                          0x0001617d   Thumb Code     0  memseta.o(.text)
    __aeabi_memset8                          0x0001617d   Thumb Code     0  memseta.o(.text)
    __aeabi_memclr                           0x0001618b   Thumb Code     4  memseta.o(.text)
    __aeabi_memclr4                          0x0001618b   Thumb Code     0  memseta.o(.text)
    __aeabi_memclr8                          0x0001618b   Thumb Code     0  memseta.o(.text)
    _memset$wrapper                          0x0001618f   Thumb Code    18  memseta.o(.text)
    __scatterload                            0x000161a1   Thumb Code    28  init.o(.text)
    __scatterload_rt2                        0x000161a1   Thumb Code     0  init.o(.text)
    GPIOTE_IRQHandler                        0x000161c5   Thumb Code   128  app_gpiote.o(i.GPIOTE_IRQHandler)
    QueueInit                                0x00016295   Thumb Code    24  queue.o(i.QueueInit)
    RTC1_IRQHandler                          0x000162b5   Thumb Code    28  app_timer.o(i.RTC1_IRQHandler)
    SWI0_IRQHandler                          0x000162d5   Thumb Code    76  app_timer.o(i.SWI0_IRQHandler)
    SWI2_IRQHandler                          0x00016325   Thumb Code    32  softdevice_handler.o(i.SWI2_IRQHandler)
    SystemInit                               0x00016349   Thumb Code    64  system_nrf51.o(i.SystemInit)
    SystemTimeInit                           0x0001639d   Thumb Code    30  main.o(i.SystemTimeInit)
    UART0_IRQHandler                         0x000163c5   Thumb Code    16  main.o(i.UART0_IRQHandler)
    __ARM_common_switch8                     0x000163d9   Thumb Code    26  bsp.o(i.__ARM_common_switch8)
    __scatterload_copy                       0x000163f3   Thumb Code    14  handlers.o(i.__scatterload_copy)
    __scatterload_null                       0x00016401   Thumb Code     2  handlers.o(i.__scatterload_null)
    __scatterload_zeroinit                   0x00016403   Thumb Code    14  handlers.o(i.__scatterload_zeroinit)
    app_error_handler                        0x000165b5   Thumb Code    22  main.o(i.app_error_handler)
    app_fifo_get                             0x000165d5   Thumb Code    34  app_fifo.o(i.app_fifo_get)
    app_fifo_init                            0x000165f7   Thumb Code    36  app_fifo.o(i.app_fifo_init)
    app_fifo_length                          0x0001661b   Thumb Code    10  app_fifo.o(i.app_fifo_length)
    app_fifo_put                             0x00016625   Thumb Code    34  app_fifo.o(i.app_fifo_put)
    app_gpiote_init                          0x00016649   Thumb Code    78  app_gpiote.o(i.app_gpiote_init)
    app_timer_create                         0x000166ad   Thumb Code    72  app_timer.o(i.app_timer_create)
    app_timer_init                           0x000166f9   Thumb Code   164  app_timer.o(i.app_timer_init)
    app_timer_start                          0x000167ad   Thumb Code   122  app_timer.o(i.app_timer_start)
    app_timer_stop                           0x00016831   Thumb Code    82  app_timer.o(i.app_timer_stop)
    assert_nrf_callback                      0x00016889   Thumb Code    10  main.o(i.assert_nrf_callback)
    ble_advdata_set                          0x00016899   Thumb Code   102  ble_advdata.o(i.ble_advdata_set)
    ble_conn_params_init                     0x00016901   Thumb Code    72  ble_conn_params.o(i.ble_conn_params_init)
    ble_conn_params_on_ble_evt               0x00016955   Thumb Code   134  ble_conn_params.o(i.ble_conn_params_on_ble_evt)
    ble_nus_init                             0x00016a01   Thumb Code   100  ble_nus.o(i.ble_nus_init)
    ble_nus_on_ble_evt                       0x00016a69   Thumb Code    50  ble_nus.o(i.ble_nus_on_ble_evt)
    ble_nus_send_string_byhandle             0x00016aa1   Thumb Code   104  ble_nus.o(i.ble_nus_send_string_byhandle)
    bsp_buttons_enable                       0x00016b5d   Thumb Code    66  bsp.o(i.bsp_buttons_enable)
    bsp_indication_set                       0x00016ba9   Thumb Code    22  bsp.o(i.bsp_indication_set)
    intern_softdevice_events_execute         0x00017051   Thumb Code   124  softdevice_handler.o(i.intern_softdevice_events_execute)
    main                                     0x000172a9   Thumb Code   340  main.o(i.main)
    malloc                                   0x00017431   Thumb Code    92  malloc.o(i.malloc)
    nus_data_handler                         0x0001756d   Thumb Code    74  main.o(i.nus_data_handler)
    simple_uart_config                       0x00017a99   Thumb Code    76  simple_uart.o(i.simple_uart_config)
    simple_uart_get                          0x00017af9   Thumb Code    20  simple_uart.o(i.simple_uart_get)
    simple_uart_put                          0x00017b15   Thumb Code    18  simple_uart.o(i.simple_uart_put)
    simple_uart_putstring_checksum           0x00017b31   Thumb Code    36  simple_uart.o(i.simple_uart_putstring_checksum)
    softdevice_assertion_handler             0x00017b55   Thumb Code    12  softdevice_handler.o(i.softdevice_assertion_handler)
    softdevice_ble_evt_handler_set           0x00017b61   Thumb Code    16  softdevice_handler.o(i.softdevice_ble_evt_handler_set)
    softdevice_handler_init                  0x00017b75   Thumb Code    40  softdevice_handler.o(i.softdevice_handler_init)
    upQueueGetStruct                         0x00017d7b   Thumb Code    60  queue.o(i.upQueueGetStruct)
    upQueueRead                              0x00017db9   Thumb Code   146  queue.o(i.upQueueRead)
    upQueueWrite                             0x00017e55   Thumb Code    28  queue.o(i.upQueueWrite)
    Region$$Table$$Base                      0x00018038   Number         0  anon$$obj.o(Region$$Table)
    Region$$Table$$Limit                     0x00018058   Number         0  anon$$obj.o(Region$$Table)
    gBleTxTimeout                            0x20002000   Data           1  main.o(.data)
    flagBleTxBusy                            0x20002001   Data           1  main.o(.data)
    flagBleTxCplt                            0x20002002   Data           1  main.o(.data)
    gFifoDeepth                              0x20002003   Data           1  main.o(.data)
    gUartFifoBuf                             0x20002010   Data           4  main.o(.data)
    strHeader                                0x2000201a   Data          10  main.o(.data)
    strHip                                   0x20002024   Data          10  main.o(.data)
    flagStartRx                              0x2000202e   Data           1  main.o(.data)
    writeByte                                0x20002030   Data           1  queue.o(.data)
    pQueueMem                                0x20002034   Data           4  queue.o(.data)
    SystemCoreClock                          0x20002050   Data           4  system_nrf51.o(.data)
    __microlib_freelist                      0x200020b0   Data           4  mvars.o(.data)
    __microlib_freelist_initialised          0x200020b4   Data           4  mvars.o(.data)
    gUartFifo                                0x20002408   Data          16  main.o(.bss)
    upQueue                                  0x20002418   Data          16  queue.o(.bss)
    __heap_base                              0x20002448   Data           0  arm_startup_nrf51.o(HEAP)
    __heap_limit                             0x20002c48   Data           0  arm_startup_nrf51.o(HEAP)
    __initial_sp                             0x20003448   Data           0  arm_startup_nrf51.o(STACK)



==============================================================================

Memory Map of the image

  Image Entry point : 0x000160c1

  Load Region LR_IROM1 (Base: 0x00016000, Size: 0x00002110, Max: 0x00029000, ABSOLUTE)

    Execution Region ER_IROM1 (Base: 0x00016000, Size: 0x00002058, Max: 0x00029000, ABSOLUTE)

    Base Addr    Size         Type   Attr      Idx    E Section Name        Object

    0x00016000   0x000000c0   Data   RO          574    RESET               arm_startup_nrf51.o
    0x000160c0   0x00000000   Code   RO         1316  * .ARM.Collect$$$$00000000  mc_p.l(entry.o)
    0x000160c0   0x00000004   Code   RO         1357    .ARM.Collect$$$$00000001  mc_p.l(entry2.o)
    0x000160c4   0x00000004   Code   RO         1360    .ARM.Collect$$$$00000004  mc_p.l(entry5.o)
    0x000160c8   0x00000000   Code   RO         1362    .ARM.Collect$$$$00000008  mc_p.l(entry7b.o)
    0x000160c8   0x00000000   Code   RO         1364    .ARM.Collect$$$$0000000A  mc_p.l(entry8b.o)
    0x000160c8   0x00000008   Code   RO         1365    .ARM.Collect$$$$0000000B  mc_p.l(entry9a.o)
    0x000160d0   0x00000000   Code   RO         1367    .ARM.Collect$$$$0000000D  mc_p.l(entry10a.o)
    0x000160d0   0x00000000   Code   RO         1369    .ARM.Collect$$$$0000000F  mc_p.l(entry11a.o)
    0x000160d0   0x00000004   Code   RO         1358    .ARM.Collect$$$$00002712  mc_p.l(entry2.o)
    0x000160d4   0x0000001e   Code   RO         1064    .emb_text           app_timer.o
    0x000160f2   0x00000002   PAD
    0x000160f4   0x00000038   Code   RO          575    .text               arm_startup_nrf51.o
    0x0001612c   0x0000002c   Code   RO         1319    .text               mc_p.l(uidiv.o)
    0x00016158   0x00000024   Code   RO         1321    .text               mc_p.l(memcpya.o)
    0x0001617c   0x00000024   Code   RO         1323    .text               mc_p.l(memseta.o)
    0x000161a0   0x00000024   Code   RO         1373    .text               mc_p.l(init.o)
    0x000161c4   0x0000008c   Code   RO          948    i.GPIOTE_IRQHandler  app_gpiote.o
    0x00016250   0x00000044   Code   RO         1065    i.NVIC_SetPriority  app_timer.o
    0x00016294   0x00000020   Code   RO          428    i.QueueInit         queue.o
    0x000162b4   0x00000020   Code   RO         1066    i.RTC1_IRQHandler   app_timer.o
    0x000162d4   0x00000050   Code   RO         1067    i.SWI0_IRQHandler   app_timer.o
    0x00016324   0x00000024   Code   RO         1254    i.SWI2_IRQHandler   softdevice_handler.o
    0x00016348   0x00000054   Code   RO          582    i.SystemInit        system_nrf51.o
    0x0001639c   0x00000028   Code   RO          169    i.SystemTimeInit    main.o
    0x000163c4   0x00000014   Code   RO          170    i.UART0_IRQHandler  main.o
    0x000163d8   0x0000001a   Code   RO          550    i.__ARM_common_switch8  bsp.o
    0x000163f2   0x0000000e   Code   RO         1377    i.__scatterload_copy  mc_p.l(handlers.o)
    0x00016400   0x00000002   Code   RO         1378    i.__scatterload_null  mc_p.l(handlers.o)
    0x00016402   0x0000000e   Code   RO         1379    i.__scatterload_zeroinit  mc_p.l(handlers.o)
    0x00016410   0x00000168   Code   RO          640    i.adv_data_encode   ble_advdata.o
    0x00016578   0x0000003c   Code   RO          171    i.advertising_start  main.o
    0x000165b4   0x00000020   Code   RO          172    i.app_error_handler  main.o
    0x000165d4   0x00000022   Code   RO         1214    i.app_fifo_get      app_fifo.o
    0x000165f6   0x00000024   Code   RO         1215    i.app_fifo_init     app_fifo.o
    0x0001661a   0x0000000a   Code   RO         1216    i.app_fifo_length   app_fifo.o
    0x00016624   0x00000022   Code   RO         1217    i.app_fifo_put      app_fifo.o
    0x00016646   0x00000002   PAD
    0x00016648   0x00000064   Code   RO          949    i.app_gpiote_init   app_gpiote.o
    0x000166ac   0x0000004c   Code   RO         1070    i.app_timer_create  app_timer.o
    0x000166f8   0x000000b4   Code   RO         1071    i.app_timer_init    app_timer.o
    0x000167ac   0x00000084   Code   RO         1072    i.app_timer_start   app_timer.o
    0x00016830   0x00000058   Code   RO         1073    i.app_timer_stop    app_timer.o
    0x00016888   0x00000010   Code   RO          173    i.assert_nrf_callback  main.o
    0x00016898   0x00000066   Code   RO          641    i.ble_advdata_set   ble_advdata.o
    0x000168fe   0x00000002   PAD
    0x00016900   0x00000054   Code   RO          699    i.ble_conn_params_init  ble_conn_params.o
    0x00016954   0x00000090   Code   RO          700    i.ble_conn_params_on_ble_evt  ble_conn_params.o
    0x000169e4   0x0000001c   Code   RO          175    i.ble_evt_dispatch  main.o
    0x00016a00   0x00000068   Code   RO            3    i.ble_nus_init      ble_nus.o
    0x00016a68   0x00000038   Code   RO            4    i.ble_nus_on_ble_evt  ble_nus.o
    0x00016aa0   0x0000006c   Code   RO            6    i.ble_nus_send_string_byhandle  ble_nus.o
    0x00016b0c   0x0000000e   Code   RO            7    i.ble_srv_is_notification_enabled  ble_nus.o
    0x00016b1a   0x00000002   PAD
    0x00016b1c   0x00000040   Code   RO          485    i.bsp_button_event_handler  bsp.o
    0x00016b5c   0x0000004c   Code   RO          486    i.bsp_buttons_enable  bsp.o
    0x00016ba8   0x0000001c   Code   RO          489    i.bsp_indication_set  bsp.o
    0x00016bc4   0x000001bc   Code   RO          492    i.bsp_led_indication  bsp.o
    0x00016d80   0x000000a4   Code   RO         1075    i.compare_reg_update  app_timer.o
    0x00016e24   0x00000084   Code   RO          642    i.conn_int_encode   ble_advdata.o
    0x00016ea8   0x00000008   Code   RO          176    i.conn_params_error_handler  main.o
    0x00016eb0   0x00000064   Code   RO          702    i.conn_params_negotiation  ble_conn_params.o
    0x00016f14   0x00000040   Code   RO         1076    i.elapsed_ticks_acquire  app_timer.o
    0x00016f54   0x00000058   Code   RO         1077    i.expired_timers_handler  app_timer.o
    0x00016fac   0x000000a4   Code   RO            8    i.hr_char_add       ble_nus.o
    0x00017050   0x00000080   Code   RO         1255    i.intern_softdevice_events_execute  softdevice_handler.o
    0x000170d0   0x0000001c   Code   RO          703    i.is_conn_params_ok  ble_conn_params.o
    0x000170ec   0x00000048   Code   RO          583    i.is_manual_peripheral_setup_needed  system_nrf51.o
    0x00017134   0x00000094   Code   RO         1078    i.list_deletions_handler  app_timer.o
    0x000171c8   0x000000e0   Code   RO         1079    i.list_insertions_handler  app_timer.o
    0x000172a8   0x00000188   Code   RO          177    i.main              main.o
    0x00017430   0x0000006c   Code   RO         1330    i.malloc            mc_p.l(malloc.o)
    0x0001749c   0x00000064   Code   RO          643    i.manuf_specific_data_encode  ble_advdata.o
    0x00017500   0x0000006a   Code   RO          644    i.name_encode       ble_advdata.o
    0x0001756a   0x00000002   PAD
    0x0001756c   0x00000050   Code   RO          178    i.nus_data_handler  main.o
    0x000175bc   0x000000cc   Code   RO          179    i.on_ble_evt        main.o
    0x00017688   0x00000024   Code   RO          180    i.on_conn_params_evt  main.o
    0x000176ac   0x000000d4   Code   RO            9    i.on_write          ble_nus.o
    0x00017780   0x000000a4   Code   RO           10    i.prod_char_add     ble_nus.o
    0x00017824   0x000000a4   Code   RO           11    i.rawd_char_add     ble_nus.o
    0x000178c8   0x00000044   Code   RO         1080    i.rtc1_stop         app_timer.o
    0x0001790c   0x000000a4   Code   RO           12    i.rx_char_add       ble_nus.o
    0x000179b0   0x00000028   Code   RO          181    i.sec_params_init   main.o
    0x000179d8   0x00000044   Code   RO          955    i.sense_level_toggle  app_gpiote.o
    0x00017a1c   0x0000007c   Code   RO          645    i.service_data_encode  ble_advdata.o
    0x00017a98   0x00000060   Code   RO          789    i.simple_uart_config  simple_uart.o
    0x00017af8   0x0000001c   Code   RO          790    i.simple_uart_get   simple_uart.o
    0x00017b14   0x0000001c   Code   RO          792    i.simple_uart_put   simple_uart.o
    0x00017b30   0x00000024   Code   RO          794    i.simple_uart_putstring_checksum  simple_uart.o
    0x00017b54   0x0000000c   Code   RO         1256    i.softdevice_assertion_handler  softdevice_handler.o
    0x00017b60   0x00000014   Code   RO         1257    i.softdevice_ble_evt_handler_set  softdevice_handler.o
    0x00017b74   0x00000030   Code   RO         1258    i.softdevice_handler_init  softdevice_handler.o
    0x00017ba4   0x00000018   Code   RO          182    i.system_tick_10ms_handler  main.o
    0x00017bbc   0x00000010   Code   RO         1081    i.timer_list_handler_sched  app_timer.o
    0x00017bcc   0x00000064   Code   RO         1082    i.timer_list_insert  app_timer.o
    0x00017c30   0x00000068   Code   RO         1083    i.timer_list_remove  app_timer.o
    0x00017c98   0x00000080   Code   RO         1084    i.timer_timeouts_check  app_timer.o
    0x00017d18   0x00000058   Code   RO          183    i.uart_init         main.o
    0x00017d70   0x0000000a   Code   RO          646    i.uint16_encode     ble_advdata.o
    0x00017d7a   0x0000003c   Code   RO          431    i.upQueueGetStruct  queue.o
    0x00017db6   0x00000002   PAD
    0x00017db8   0x0000009c   Code   RO          432    i.upQueueRead       queue.o
    0x00017e54   0x00000024   Code   RO          433    i.upQueueWrite      queue.o
    0x00017e78   0x00000064   Code   RO          704    i.update_timeout_handler  ble_conn_params.o
    0x00017edc   0x00000054   Code   RO         1085    i.user_id_get       app_timer.o
    0x00017f30   0x00000024   Code   RO         1086    i.user_op_alloc     app_timer.o
    0x00017f54   0x00000026   Code   RO          647    i.uuid_list_encode  ble_advdata.o
    0x00017f7a   0x000000a2   Code   RO          648    i.uuid_list_sized_encode  ble_advdata.o
    0x0001801c   0x00000004   Data   RO          185    .constdata          main.o
    0x00018020   0x00000018   Data   RO          494    .constdata          bsp.o
    0x00018038   0x00000020   Data   RO         1375    Region$$Table       anon$$obj.o


    Execution Region RW_IRAM1 (Base: 0x20002000, Size: 0x00001448, Max: 0x00006000, ABSOLUTE)

    Base Addr    Size         Type   Attr      Idx    E Section Name        Object

    0x20002000   0x0000002e   Data   RW          186    .data               main.o
    0x2000202e   0x00000001   Data   RW          187    .data               main.o
    0x2000202f   0x00000001   PAD
    0x20002030   0x00000008   Data   RW          436    .data               queue.o
    0x20002038   0x00000018   Data   RW          495    .data               bsp.o
    0x20002050   0x00000004   Data   RW          584    .data               system_nrf51.o
    0x20002054   0x00000018   Data   RW          706    .data               ble_conn_params.o
    0x2000206c   0x0000000c   Data   RW          956    .data               app_gpiote.o
    0x20002078   0x00000024   Data   RW         1087    .data               app_timer.o
    0x2000209c   0x00000014   Data   RW         1261    .data               softdevice_handler.o
    0x200020b0   0x00000004   Data   RW         1371    .data               mc_p.l(mvars.o)
    0x200020b4   0x00000004   Data   RW         1372    .data               mc_p.l(mvars.o)
    0x200020b8   0x00000360   Zero   RW          184    .bss                main.o
    0x20002418   0x00000010   Zero   RW          434    .bss                queue.o
    0x20002428   0x0000001c   Zero   RW          705    .bss                ble_conn_params.o
    0x20002444   0x00000004   PAD
    0x20002448   0x00000800   Zero   RW          573    HEAP                arm_startup_nrf51.o
    0x20002c48   0x00000800   Zero   RW          572    STACK               arm_startup_nrf51.o


==============================================================================

Image component sizes


      Code (inc. data)   RO Data    RW Data    ZI Data      Debug   Object Name

         0          0          0          0          0       3120   app_button.o
       114          0          0          0          0       3344   app_fifo.o
       308         38          0         12          0      10742   app_gpiote.o
         0          0          0          0          0       1504   app_scheduler.o
      1910        154          0         36          0      24275   app_timer.o
        56         18        192          0       4096        660   arm_startup_nrf51.o
      1134          6          0          0          0      11286   ble_advdata.o
       456         50          0         24         28       6028   ble_conn_params.o
      1150         60          0          0          0      70441   ble_nus.o
       638         60         24         24          0       4933   bsp.o
      1068        136          4         47        864      52494   main.o
       284         26          0          8         16       3536   queue.o
       188         38          0          0          0       5214   simple_uart.o
       244         20          0         20          0       5775   softdevice_handler.o
       156         26          0          4          0       1959   system_nrf51.o

    ----------------------------------------------------------------------
      7718        632        252        176       5008     205311   Object Totals
         0          0         32          0          0          0   (incl. Generated)
        12          0          0          1          4          0   (incl. Padding)

    ----------------------------------------------------------------------

      Code (inc. data)   RO Data    RW Data    ZI Data      Debug   Library Member Name

         0          0          0          0          0          0   entry.o
         0          0          0          0          0          0   entry10a.o
         0          0          0          0          0          0   entry11a.o
         8          4          0          0          0          0   entry2.o
         4          0          0          0          0          0   entry5.o
         0          0          0          0          0          0   entry7b.o
         0          0          0          0          0          0   entry8b.o
         8          4          0          0          0          0   entry9a.o
        30          0          0          0          0          0   handlers.o
        36          8          0          0          0         68   init.o
       108         16          0          0          0         76   malloc.o
        36          0          0          0          0         60   memcpya.o
        36          0          0          0          0        100   memseta.o
         0          0          0          8          0          0   mvars.o
        44          0          0          0          0         72   uidiv.o

    ----------------------------------------------------------------------
       310         32          0          8          0        376   Library Totals
         0          0          0          0          0          0   (incl. Padding)

    ----------------------------------------------------------------------

      Code (inc. data)   RO Data    RW Data    ZI Data      Debug   Library Name

       310         32          0          8          0        376   mc_p.l

    ----------------------------------------------------------------------
       310         32          0          8          0        376   Library Totals

    ----------------------------------------------------------------------

==============================================================================


      Code (inc. data)   RO Data    RW Data    ZI Data      Debug   

      8028        664        252        184       5008     202091   Grand Totals
      8028        664        252        184       5008     202091   ELF Image Totals
      8028        664        252        184          0          0   ROM Totals

==============================================================================

    Total RO  Size (Code + RO Data)                 8280 (   8.09kB)
    Total RW  Size (RW Data + ZI Data)              5192 (   5.07kB)
    Total ROM Size (Code + RO Data + RW Data)       8464 (   8.27kB)

==============================================================================

