Component: ARM Compiler 5.05 (build 41) Tool: armlink [4d0eb9]

==============================================================================

Section Cross References

    ble_nus.o(i.ble_nus_init) refers to ble_nus.o(i.rx_char_add) for rx_char_add
    ble_nus.o(i.ble_nus_init) refers to ble_nus.o(i.tx_char_add) for tx_char_add
    ble_nus.o(i.ble_nus_init) refers to ble_nus.o(.constdata) for .constdata
    ble_nus.o(i.rx_char_add) refers to memseta.o(.text) for __aeabi_memclr4
    ble_nus.o(i.tx_char_add) refers to memseta.o(.text) for __aeabi_memclr4
    main.o(i.SendHeartRateDataAgainAndAgain) refers to memcpya.o(.text) for __aeabi_memcpy4
    main.o(i.SendHeartRateDataAgainAndAgain) refers to ble_nus.o(i.ble_nus_send_string) for ble_nus_send_string
    main.o(i.SendHeartRateDataAgainAndAgain) refers to main.o(i.app_error_handler) for app_error_handler
    main.o(i.SendHeartRateDataAgainAndAgain) refers to main.o(.bss) for .bss
    main.o(i.UART0_IRQHandler) refers to simple_uart.o(i.simple_uart_get) for simple_uart_get
    main.o(i.UART0_IRQHandler) refers to ble_nus.o(i.ble_nus_send_string) for ble_nus_send_string
    main.o(i.UART0_IRQHandler) refers to main.o(i.app_error_handler) for app_error_handler
    main.o(i.UART0_IRQHandler) refers to main.o(.bss) for .bss
    main.o(i.UART0_IRQHandler) refers to main.o(.data) for .data
    main.o(i.advertising_start) refers to memseta.o(.text) for __aeabi_memclr4
    main.o(i.advertising_start) refers to bsp.o(i.bsp_indication_set) for bsp_indication_set
    main.o(i.advertising_start) refers to main.o(i.app_error_handler) for app_error_handler
    main.o(i.app_error_handler) refers to bsp.o(i.bsp_indication_set) for bsp_indication_set
    main.o(i.assert_nrf_callback) refers to main.o(i.app_error_handler) for app_error_handler
    main.o(i.ble_evt_dispatch) refers to ble_conn_params.o(i.ble_conn_params_on_ble_evt) for ble_conn_params_on_ble_evt
    main.o(i.ble_evt_dispatch) refers to ble_nus.o(i.ble_nus_on_ble_evt) for ble_nus_on_ble_evt
    main.o(i.ble_evt_dispatch) refers to main.o(i.on_ble_evt) for on_ble_evt
    main.o(i.ble_evt_dispatch) refers to main.o(.bss) for .bss
    main.o(i.conn_params_error_handler) refers to main.o(i.app_error_handler) for app_error_handler
    main.o(i.main) refers to app_timer.o(i.app_timer_init) for app_timer_init
    main.o(i.main) refers to app_gpiote.o(i.app_gpiote_init) for app_gpiote_init
    main.o(i.main) refers to softdevice_handler.o(i.softdevice_handler_init) for softdevice_handler_init
    main.o(i.main) refers to softdevice_handler.o(i.softdevice_ble_evt_handler_set) for softdevice_ble_evt_handler_set
    main.o(i.main) refers to main.o(i.uart_init) for uart_init
    main.o(i.main) refers to ble_nus.o(i.ble_nus_init) for ble_nus_init
    main.o(i.main) refers to memseta.o(.text) for __aeabi_memclr4
    main.o(i.main) refers to ble_advdata.o(i.ble_advdata_set) for ble_advdata_set
    main.o(i.main) refers to ble_conn_params.o(i.ble_conn_params_init) for ble_conn_params_init
    main.o(i.main) refers to main.o(i.sec_params_init) for sec_params_init
    main.o(i.main) refers to main.o(i.advertising_start) for advertising_start
    main.o(i.main) refers to main.o(i.app_error_handler) for app_error_handler
    main.o(i.main) refers to main.o(.bss) for .bss
    main.o(i.main) refers to main.o(i.ble_evt_dispatch) for ble_evt_dispatch
    main.o(i.main) refers to main.o(i.nus_data_handler) for nus_data_handler
    main.o(i.main) refers to main.o(.constdata) for .constdata
    main.o(i.main) refers to main.o(i.on_conn_params_evt) for on_conn_params_evt
    main.o(i.main) refers to main.o(i.conn_params_error_handler) for conn_params_error_handler
    main.o(i.nus_data_handler) refers to simple_uart.o(i.simple_uart_put) for simple_uart_put
    main.o(i.on_ble_evt) refers to bsp.o(i.bsp_indication_set) for bsp_indication_set
    main.o(i.on_ble_evt) refers to main.o(i.advertising_start) for advertising_start
    main.o(i.on_ble_evt) refers to memcpya.o(.text) for __aeabi_memcpy
    main.o(i.on_ble_evt) refers to bsp.o(i.bsp_buttons_enable) for bsp_buttons_enable
    main.o(i.on_ble_evt) refers to main.o(i.app_error_handler) for app_error_handler
    main.o(i.on_ble_evt) refers to main.o(.data) for .data
    main.o(i.on_ble_evt) refers to main.o(.bss) for .bss
    main.o(i.on_conn_params_evt) refers to main.o(i.app_error_handler) for app_error_handler
    main.o(i.on_conn_params_evt) refers to main.o(.data) for .data
    main.o(i.sec_params_init) refers to main.o(.data) for .data
    main.o(i.uart_init) refers to simple_uart.o(i.simple_uart_config) for simple_uart_config
    bsp.o(i.bsp_button_event_handler) refers to bsp.o(.data) for .data
    bsp.o(i.bsp_button_event_handler) refers to bsp.o(.constdata) for .constdata
    bsp.o(i.bsp_buttons_enable) refers to bsp.o(.constdata) for .constdata
    bsp.o(i.bsp_buttons_state_get) refers to bsp.o(.constdata) for .constdata
    bsp.o(i.bsp_event_to_button_assign) refers to bsp.o(.data) for .data
    bsp.o(i.bsp_indication_set) refers to bsp.o(i.bsp_led_indication) for bsp_led_indication
    bsp.o(i.bsp_indication_set) refers to bsp.o(.data) for .data
    bsp.o(i.bsp_indication_text_set) refers to bsp.o(i.bsp_indication_set) for bsp_indication_set
    bsp.o(i.bsp_init) refers to bsp.o(i.bsp_event_to_button_assign) for bsp_event_to_button_assign
    bsp.o(i.bsp_init) refers to app_button.o(i.app_button_init) for app_button_init
    bsp.o(i.bsp_init) refers to main.o(i.app_error_handler) for app_error_handler
    bsp.o(i.bsp_init) refers to app_button.o(i.app_button_enable) for app_button_enable
    bsp.o(i.bsp_init) refers to app_timer.o(i.app_timer_create) for app_timer_create
    bsp.o(i.bsp_init) refers to bsp.o(.data) for .data
    bsp.o(i.bsp_init) refers to bsp.o(.constdata) for .constdata
    bsp.o(i.bsp_init) refers to bsp.o(i.leds_timer_handler) for leds_timer_handler
    bsp.o(i.bsp_init) refers to bsp.o(i.alert_timer_handler) for alert_timer_handler
    bsp.o(i.bsp_led_indication) refers to bsp.o(i.__ARM_common_switch8) for __ARM_common_switch8
    bsp.o(i.bsp_led_indication) refers to uidiv.o(.text) for __aeabi_uidivmod
    bsp.o(i.bsp_led_indication) refers to app_timer.o(i.app_timer_start) for app_timer_start
    bsp.o(i.bsp_led_indication) refers to app_timer.o(i.app_timer_stop) for app_timer_stop
    bsp.o(i.bsp_led_indication) refers to bsp.o(.data) for .data
    bsp.o(i.leds_timer_handler) refers to bsp.o(i.bsp_led_indication) for bsp_led_indication
    bsp.o(i.leds_timer_handler) refers to bsp.o(.data) for .data
    bsp.o(.constdata) refers to bsp.o(i.bsp_button_event_handler) for bsp_button_event_handler
    arm_startup_nrf51.o(RESET) refers to arm_startup_nrf51.o(STACK) for __initial_sp
    arm_startup_nrf51.o(RESET) refers to arm_startup_nrf51.o(.text) for Reset_Handler
    arm_startup_nrf51.o(RESET) refers to main.o(i.UART0_IRQHandler) for UART0_IRQHandler
    arm_startup_nrf51.o(RESET) refers to app_gpiote.o(i.GPIOTE_IRQHandler) for GPIOTE_IRQHandler
    arm_startup_nrf51.o(RESET) refers to app_timer.o(i.RTC1_IRQHandler) for RTC1_IRQHandler
    arm_startup_nrf51.o(RESET) refers to app_timer.o(i.SWI0_IRQHandler) for SWI0_IRQHandler
    arm_startup_nrf51.o(RESET) refers to softdevice_handler.o(i.SWI2_IRQHandler) for SWI2_IRQHandler
    arm_startup_nrf51.o(.text) refers to system_nrf51.o(i.SystemInit) for SystemInit
    arm_startup_nrf51.o(.text) refers to entry.o(.ARM.Collect$$$$00000000) for __main
    system_nrf51.o(i.SystemCoreClockUpdate) refers to system_nrf51.o(.data) for .data
    system_nrf51.o(i.SystemInit) refers to system_nrf51.o(i.is_manual_peripheral_setup_needed) for is_manual_peripheral_setup_needed
    ble_srv_common.o(i.ble_srv_ascii_to_utf8) refers to strlen.o(.text) for strlen
    ble_advdata.o(i.adv_data_encode) refers to ble_advdata.o(i.name_encode) for name_encode
    ble_advdata.o(i.adv_data_encode) refers to ble_advdata.o(i.uint16_encode) for uint16_encode
    ble_advdata.o(i.adv_data_encode) refers to memcpya.o(.text) for __aeabi_memcpy
    ble_advdata.o(i.adv_data_encode) refers to ble_advdata.o(i.uuid_list_encode) for uuid_list_encode
    ble_advdata.o(i.adv_data_encode) refers to ble_advdata.o(i.conn_int_encode) for conn_int_encode
    ble_advdata.o(i.adv_data_encode) refers to ble_advdata.o(i.manuf_specific_data_encode) for manuf_specific_data_encode
    ble_advdata.o(i.adv_data_encode) refers to ble_advdata.o(i.service_data_encode) for service_data_encode
    ble_advdata.o(i.ble_advdata_set) refers to ble_advdata.o(i.adv_data_encode) for adv_data_encode
    ble_advdata.o(i.conn_int_encode) refers to ble_advdata.o(i.uint16_encode) for uint16_encode
    ble_advdata.o(i.manuf_specific_data_encode) refers to ble_advdata.o(i.uint16_encode) for uint16_encode
    ble_advdata.o(i.manuf_specific_data_encode) refers to memcpya.o(.text) for __aeabi_memcpy
    ble_advdata.o(i.service_data_encode) refers to ble_advdata.o(i.uint16_encode) for uint16_encode
    ble_advdata.o(i.service_data_encode) refers to memcpya.o(.text) for __aeabi_memcpy
    ble_advdata.o(i.uuid_list_encode) refers to ble_advdata.o(i.uuid_list_sized_encode) for uuid_list_sized_encode
    ble_conn_params.o(i.ble_conn_params_change_conn_params) refers to memcpya.o(.text) for __aeabi_memcpy
    ble_conn_params.o(i.ble_conn_params_change_conn_params) refers to ble_conn_params.o(i.is_conn_params_ok) for is_conn_params_ok
    ble_conn_params.o(i.ble_conn_params_change_conn_params) refers to ble_conn_params.o(.data) for .data
    ble_conn_params.o(i.ble_conn_params_change_conn_params) refers to ble_conn_params.o(.bss) for .bss
    ble_conn_params.o(i.ble_conn_params_init) refers to memcpya.o(.text) for __aeabi_memcpy4
    ble_conn_params.o(i.ble_conn_params_init) refers to app_timer.o(i.app_timer_create) for app_timer_create
    ble_conn_params.o(i.ble_conn_params_init) refers to ble_conn_params.o(.bss) for .bss
    ble_conn_params.o(i.ble_conn_params_init) refers to ble_conn_params.o(.data) for .data
    ble_conn_params.o(i.ble_conn_params_init) refers to ble_conn_params.o(i.update_timeout_handler) for update_timeout_handler
    ble_conn_params.o(i.ble_conn_params_on_ble_evt) refers to memcpya.o(.text) for __aeabi_memcpy
    ble_conn_params.o(i.ble_conn_params_on_ble_evt) refers to ble_conn_params.o(i.conn_params_negotiation) for conn_params_negotiation
    ble_conn_params.o(i.ble_conn_params_on_ble_evt) refers to app_timer.o(i.app_timer_stop) for app_timer_stop
    ble_conn_params.o(i.ble_conn_params_on_ble_evt) refers to ble_conn_params.o(.data) for .data
    ble_conn_params.o(i.ble_conn_params_on_ble_evt) refers to ble_conn_params.o(.bss) for .bss
    ble_conn_params.o(i.ble_conn_params_stop) refers to app_timer.o(i.app_timer_stop) for app_timer_stop
    ble_conn_params.o(i.ble_conn_params_stop) refers to ble_conn_params.o(.data) for .data
    ble_conn_params.o(i.conn_params_negotiation) refers to ble_conn_params.o(i.is_conn_params_ok) for is_conn_params_ok
    ble_conn_params.o(i.conn_params_negotiation) refers to app_timer.o(i.app_timer_start) for app_timer_start
    ble_conn_params.o(i.conn_params_negotiation) refers to ble_conn_params.o(.data) for .data
    ble_conn_params.o(i.conn_params_negotiation) refers to ble_conn_params.o(.bss) for .bss
    ble_conn_params.o(i.is_conn_params_ok) refers to ble_conn_params.o(.data) for .data
    ble_conn_params.o(i.update_timeout_handler) refers to ble_conn_params.o(.data) for .data
    ble_conn_params.o(i.update_timeout_handler) refers to ble_conn_params.o(.bss) for .bss
    nrf_delay.o(i.nrf_delay_ms) refers to nrf_delay.o(.emb_text) for __asm___11_nrf_delay_c_532987f3__nrf_delay_us
    simple_uart.o(i.simple_uart_get_with_timeout) refers to simple_uart.o(.emb_text) for __asm___13_simple_uart_c_5dda6715__nrf_delay_us
    simple_uart.o(i.simple_uart_putstring) refers to simple_uart.o(i.simple_uart_put) for simple_uart_put
    app_button.o(i.app_button_disable) refers to app_gpiote.o(i.app_gpiote_user_disable) for app_gpiote_user_disable
    app_button.o(i.app_button_disable) refers to app_timer.o(i.app_timer_stop) for app_timer_stop
    app_button.o(i.app_button_disable) refers to app_button.o(.data) for .data
    app_button.o(i.app_button_enable) refers to app_gpiote.o(i.app_gpiote_user_enable) for app_gpiote_user_enable
    app_button.o(i.app_button_enable) refers to app_button.o(.data) for .data
    app_button.o(i.app_button_init) refers to app_gpiote.o(i.app_gpiote_user_register) for app_gpiote_user_register
    app_button.o(i.app_button_init) refers to app_timer.o(i.app_timer_create) for app_timer_create
    app_button.o(i.app_button_init) refers to app_button.o(.data) for .data
    app_button.o(i.app_button_init) refers to app_button.o(i.gpiote_event_handler) for gpiote_event_handler
    app_button.o(i.app_button_init) refers to app_button.o(i.detection_delay_timeout_handler) for detection_delay_timeout_handler
    app_button.o(i.app_button_is_pushed) refers to app_gpiote.o(i.app_gpiote_pins_state_get) for app_gpiote_pins_state_get
    app_button.o(i.app_button_is_pushed) refers to app_button.o(.data) for .data
    app_button.o(i.button_handler_execute) refers to main.o(i.app_error_handler) for app_error_handler
    app_button.o(i.button_handler_execute) refers to app_button.o(.data) for .data
    app_button.o(i.detection_delay_timeout_handler) refers to app_gpiote.o(i.app_gpiote_pins_state_get) for app_gpiote_pins_state_get
    app_button.o(i.detection_delay_timeout_handler) refers to app_button.o(i.button_handler_execute) for button_handler_execute
    app_button.o(i.detection_delay_timeout_handler) refers to app_button.o(.data) for .data
    app_button.o(i.gpiote_event_handler) refers to app_timer.o(i.app_timer_stop) for app_timer_stop
    app_button.o(i.gpiote_event_handler) refers to app_timer.o(i.app_timer_start) for app_timer_start
    app_button.o(i.gpiote_event_handler) refers to app_button.o(.data) for .data
    app_gpiote.o(i.GPIOTE_IRQHandler) refers to app_gpiote.o(i.sense_level_toggle) for sense_level_toggle
    app_gpiote.o(i.GPIOTE_IRQHandler) refers to app_gpiote.o(.data) for .data
    app_gpiote.o(i.app_gpiote_init) refers to memseta.o(.text) for __aeabi_memclr4
    app_gpiote.o(i.app_gpiote_init) refers to app_gpiote.o(.data) for .data
    app_gpiote.o(i.app_gpiote_pins_state_get) refers to app_gpiote.o(.data) for .data
    app_gpiote.o(i.app_gpiote_user_disable) refers to app_gpiote.o(i.pins_sense_disable) for pins_sense_disable
    app_gpiote.o(i.app_gpiote_user_disable) refers to app_gpiote.o(.data) for .data
    app_gpiote.o(i.app_gpiote_user_enable) refers to app_gpiote.o(.data) for .data
    app_gpiote.o(i.app_gpiote_user_register) refers to app_gpiote.o(i.pins_sense_disable) for pins_sense_disable
    app_gpiote.o(i.app_gpiote_user_register) refers to app_gpiote.o(.data) for .data
    app_gpiote.o(i.pins_sense_disable) refers to app_gpiote.o(.data) for .data
    app_scheduler.o(i.app_sched_event_get) refers to app_scheduler.o(.data) for .data
    app_scheduler.o(i.app_sched_event_put) refers to main.o(i.app_error_handler) for app_error_handler
    app_scheduler.o(i.app_sched_event_put) refers to memcpya.o(.text) for __aeabi_memcpy
    app_scheduler.o(i.app_sched_event_put) refers to app_scheduler.o(.data) for .data
    app_scheduler.o(i.app_sched_execute) refers to app_scheduler.o(i.app_sched_event_get) for app_sched_event_get
    app_scheduler.o(i.app_sched_init) refers to app_scheduler.o(.data) for .data
    app_timer.o(i.RTC1_IRQHandler) refers to app_timer.o(i.timer_timeouts_check) for timer_timeouts_check
    app_timer.o(i.SWI0_IRQHandler) refers to app_timer.o(i.elapsed_ticks_acquire) for elapsed_ticks_acquire
    app_timer.o(i.SWI0_IRQHandler) refers to app_timer.o(i.list_deletions_handler) for list_deletions_handler
    app_timer.o(i.SWI0_IRQHandler) refers to app_timer.o(i.expired_timers_handler) for expired_timers_handler
    app_timer.o(i.SWI0_IRQHandler) refers to app_timer.o(i.list_insertions_handler) for list_insertions_handler
    app_timer.o(i.SWI0_IRQHandler) refers to app_timer.o(i.compare_reg_update) for compare_reg_update
    app_timer.o(i.SWI0_IRQHandler) refers to app_timer.o(.data) for .data
    app_timer.o(i.app_timer_create) refers to app_timer.o(.data) for .data
    app_timer.o(i.app_timer_init) refers to app_timer.o(i.rtc1_stop) for rtc1_stop
    app_timer.o(i.app_timer_init) refers to app_timer.o(i.NVIC_SetPriority) for NVIC_SetPriority
    app_timer.o(i.app_timer_init) refers to app_timer.o(.data) for .data
    app_timer.o(i.app_timer_start) refers to app_timer.o(i.user_id_get) for user_id_get
    app_timer.o(i.app_timer_start) refers to app_timer.o(i.user_op_alloc) for user_op_alloc
    app_timer.o(i.app_timer_start) refers to app_timer.o(i.timer_list_handler_sched) for timer_list_handler_sched
    app_timer.o(i.app_timer_start) refers to app_timer.o(.data) for .data
    app_timer.o(i.app_timer_stop) refers to app_timer.o(i.user_id_get) for user_id_get
    app_timer.o(i.app_timer_stop) refers to app_timer.o(i.user_op_alloc) for user_op_alloc
    app_timer.o(i.app_timer_stop) refers to app_timer.o(i.timer_list_handler_sched) for timer_list_handler_sched
    app_timer.o(i.app_timer_stop) refers to app_timer.o(.data) for .data
    app_timer.o(i.app_timer_stop_all) refers to app_timer.o(i.user_id_get) for user_id_get
    app_timer.o(i.app_timer_stop_all) refers to app_timer.o(i.user_op_alloc) for user_op_alloc
    app_timer.o(i.app_timer_stop_all) refers to app_timer.o(i.timer_list_handler_sched) for timer_list_handler_sched
    app_timer.o(i.app_timer_stop_all) refers to app_timer.o(.data) for .data
    app_timer.o(i.compare_reg_update) refers to app_timer.o(.emb_text) for __asm___11_app_timer_c_cd27f9c3__nrf_delay_us
    app_timer.o(i.compare_reg_update) refers to app_timer.o(i.rtc1_stop) for rtc1_stop
    app_timer.o(i.compare_reg_update) refers to app_timer.o(.data) for .data
    app_timer.o(i.elapsed_ticks_acquire) refers to app_timer.o(.data) for .data
    app_timer.o(i.expired_timers_handler) refers to app_timer.o(.data) for .data
    app_timer.o(i.list_deletions_handler) refers to app_timer.o(i.timer_list_remove) for timer_list_remove
    app_timer.o(i.list_deletions_handler) refers to app_timer.o(.data) for .data
    app_timer.o(i.list_insertions_handler) refers to app_timer.o(i.timer_list_insert) for timer_list_insert
    app_timer.o(i.list_insertions_handler) refers to app_timer.o(.data) for .data
    app_timer.o(i.rtc1_stop) refers to app_timer.o(.emb_text) for __asm___11_app_timer_c_cd27f9c3__nrf_delay_us
    app_timer.o(i.rtc1_stop) refers to app_timer.o(.data) for .data
    app_timer.o(i.timer_list_insert) refers to app_timer.o(.data) for .data
    app_timer.o(i.timer_list_remove) refers to app_timer.o(i.rtc1_stop) for rtc1_stop
    app_timer.o(i.timer_list_remove) refers to app_timer.o(.data) for .data
    app_timer.o(i.timer_timeouts_check) refers to main.o(i.app_error_handler) for app_error_handler
    app_timer.o(i.timer_timeouts_check) refers to app_timer.o(i.timer_list_handler_sched) for timer_list_handler_sched
    app_timer.o(i.timer_timeouts_check) refers to app_timer.o(.data) for .data
    softdevice_handler.o(i.SWI2_IRQHandler) refers to main.o(i.app_error_handler) for app_error_handler
    softdevice_handler.o(i.SWI2_IRQHandler) refers to softdevice_handler.o(i.intern_softdevice_events_execute) for intern_softdevice_events_execute
    softdevice_handler.o(i.SWI2_IRQHandler) refers to softdevice_handler.o(.data) for .data
    softdevice_handler.o(i.intern_softdevice_events_execute) refers to main.o(i.app_error_handler) for app_error_handler
    softdevice_handler.o(i.intern_softdevice_events_execute) refers to softdevice_handler.o(.data) for .data
    softdevice_handler.o(i.softdevice_assertion_handler) refers to main.o(i.assert_nrf_callback) for assert_nrf_callback
    softdevice_handler.o(i.softdevice_ble_evt_handler_set) refers to softdevice_handler.o(.data) for .data
    softdevice_handler.o(i.softdevice_handler_init) refers to softdevice_handler.o(.data) for .data
    softdevice_handler.o(i.softdevice_handler_init) refers to softdevice_handler.o(i.softdevice_assertion_handler) for softdevice_assertion_handler
    softdevice_handler.o(i.softdevice_handler_sd_disable) refers to softdevice_handler.o(.data) for .data
    softdevice_handler.o(i.softdevice_sys_evt_handler_set) refers to softdevice_handler.o(.data) for .data
    entry.o(.ARM.Collect$$$$00000000) refers (Special) to entry10a.o(.ARM.Collect$$$$0000000D) for __rt_final_cpp
    entry.o(.ARM.Collect$$$$00000000) refers (Special) to entry11a.o(.ARM.Collect$$$$0000000F) for __rt_final_exit
    entry.o(.ARM.Collect$$$$00000000) refers (Special) to entry7b.o(.ARM.Collect$$$$00000008) for _main_clock
    entry.o(.ARM.Collect$$$$00000000) refers (Special) to entry8b.o(.ARM.Collect$$$$0000000A) for _main_cpp_init
    entry.o(.ARM.Collect$$$$00000000) refers (Special) to entry9a.o(.ARM.Collect$$$$0000000B) for _main_init
    entry.o(.ARM.Collect$$$$00000000) refers (Special) to entry5.o(.ARM.Collect$$$$00000004) for _main_scatterload
    entry.o(.ARM.Collect$$$$00000000) refers (Special) to entry2.o(.ARM.Collect$$$$00000001) for _main_stk
    entry2.o(.ARM.Collect$$$$00000001) refers to entry2.o(.ARM.Collect$$$$00002712) for __lit__00000000
    entry2.o(.ARM.Collect$$$$00002712) refers to arm_startup_nrf51.o(STACK) for __initial_sp
    entry2.o(__vectab_stack_and_reset_area) refers to arm_startup_nrf51.o(STACK) for __initial_sp
    entry2.o(__vectab_stack_and_reset_area) refers to entry.o(.ARM.Collect$$$$00000000) for __main
    entry5.o(.ARM.Collect$$$$00000004) refers to init.o(.text) for __scatterload
    entry9a.o(.ARM.Collect$$$$0000000B) refers to main.o(i.main) for main
    entry9b.o(.ARM.Collect$$$$0000000C) refers to main.o(i.main) for main
    init.o(.text) refers to entry5.o(.ARM.Collect$$$$00000004) for __main_after_scatterload


==============================================================================

Removing Unused input sections from the image.

    Removing main.o(.rev16_text), (4 bytes).
    Removing main.o(.revsh_text), (4 bytes).
    Removing main.o(.emb_text), (30 bytes).
    Removing main.o(i.SendHeartRateDataAgainAndAgain), (80 bytes).
    Removing bsp.o(.rev16_text), (4 bytes).
    Removing bsp.o(.revsh_text), (4 bytes).
    Removing bsp.o(i.alert_timer_handler), (24 bytes).
    Removing bsp.o(i.bsp_buttons_state_get), (52 bytes).
    Removing bsp.o(i.bsp_event_to_button_assign), (24 bytes).
    Removing bsp.o(i.bsp_indication_text_set), (8 bytes).
    Removing bsp.o(i.bsp_init), (164 bytes).
    Removing bsp.o(i.leds_timer_handler), (24 bytes).
    Removing arm_startup_nrf51.o(HEAP), (2048 bytes).
    Removing system_nrf51.o(.rev16_text), (4 bytes).
    Removing system_nrf51.o(.revsh_text), (4 bytes).
    Removing system_nrf51.o(i.SystemCoreClockUpdate), (16 bytes).
    Removing ble_srv_common.o(i.ble_srv_ascii_to_utf8), (18 bytes).
    Removing ble_srv_common.o(i.ble_srv_report_ref_encode), (12 bytes).
    Removing ble_conn_params.o(i.ble_conn_params_change_conn_params), (80 bytes).
    Removing ble_conn_params.o(i.ble_conn_params_stop), (16 bytes).
    Removing nrf_delay.o(.rev16_text), (4 bytes).
    Removing nrf_delay.o(.revsh_text), (4 bytes).
    Removing nrf_delay.o(.emb_text), (30 bytes).
    Removing nrf_delay.o(i.nrf_delay_ms), (28 bytes).
    Removing simple_uart.o(.rev16_text), (4 bytes).
    Removing simple_uart.o(.revsh_text), (4 bytes).
    Removing simple_uart.o(.emb_text), (30 bytes).
    Removing simple_uart.o(i.simple_uart_get_with_timeout), (64 bytes).
    Removing simple_uart.o(i.simple_uart_putstring), (24 bytes).
    Removing app_button.o(.rev16_text), (4 bytes).
    Removing app_button.o(.revsh_text), (4 bytes).
    Removing app_button.o(i.app_button_disable), (36 bytes).
    Removing app_button.o(i.app_button_enable), (28 bytes).
    Removing app_button.o(i.app_button_init), (112 bytes).
    Removing app_button.o(i.app_button_is_pushed), (92 bytes).
    Removing app_button.o(i.button_handler_execute), (64 bytes).
    Removing app_button.o(i.detection_delay_timeout_handler), (104 bytes).
    Removing app_button.o(i.gpiote_event_handler), (44 bytes).
    Removing app_button.o(.data), (28 bytes).
    Removing app_error.o(.rev16_text), (4 bytes).
    Removing app_error.o(.revsh_text), (4 bytes).
    Removing app_error.o(i.app_error_handler), (24 bytes).
    Removing app_gpiote.o(.rev16_text), (4 bytes).
    Removing app_gpiote.o(.revsh_text), (4 bytes).
    Removing app_gpiote.o(i.app_gpiote_pins_state_get), (52 bytes).
    Removing app_gpiote.o(i.app_gpiote_user_disable), (64 bytes).
    Removing app_gpiote.o(i.app_gpiote_user_enable), (148 bytes).
    Removing app_gpiote.o(i.app_gpiote_user_register), (76 bytes).
    Removing app_gpiote.o(i.pins_sense_disable), (60 bytes).
    Removing app_scheduler.o(.rev16_text), (4 bytes).
    Removing app_scheduler.o(.revsh_text), (4 bytes).
    Removing app_scheduler.o(i.app_sched_event_get), (68 bytes).
    Removing app_scheduler.o(i.app_sched_event_put), (256 bytes).
    Removing app_scheduler.o(i.app_sched_execute), (30 bytes).
    Removing app_scheduler.o(i.app_sched_init), (44 bytes).
    Removing app_scheduler.o(.data), (16 bytes).
    Removing app_timer.o(.rev16_text), (4 bytes).
    Removing app_timer.o(.revsh_text), (4 bytes).
    Removing app_timer.o(i.app_timer_cnt_diff_compute), (12 bytes).
    Removing app_timer.o(i.app_timer_cnt_get), (16 bytes).
    Removing app_timer.o(i.app_timer_stop_all), (68 bytes).
    Removing softdevice_handler.o(.rev16_text), (4 bytes).
    Removing softdevice_handler.o(.revsh_text), (4 bytes).
    Removing softdevice_handler.o(i.softdevice_handler_sd_disable), (24 bytes).
    Removing softdevice_handler.o(i.softdevice_sys_evt_handler_set), (20 bytes).

65 unused section(s) (total 4346 bytes) removed from the image.

==============================================================================

Image Symbol Table

    Local Symbols

    Symbol Name                              Value     Ov Type        Size  Object(Section)

    ../clib/microlib/division.c              0x00000000   Number         0  uidiv.o ABSOLUTE
    ../clib/microlib/init/entry.s            0x00000000   Number         0  entry9b.o ABSOLUTE
    ../clib/microlib/init/entry.s            0x00000000   Number         0  entry7a.o ABSOLUTE
    ../clib/microlib/init/entry.s            0x00000000   Number         0  entry2.o ABSOLUTE
    ../clib/microlib/init/entry.s            0x00000000   Number         0  entry7b.o ABSOLUTE
    ../clib/microlib/init/entry.s            0x00000000   Number         0  entry.o ABSOLUTE
    ../clib/microlib/init/entry.s            0x00000000   Number         0  entry10a.o ABSOLUTE
    ../clib/microlib/init/entry.s            0x00000000   Number         0  entry9a.o ABSOLUTE
    ../clib/microlib/init/entry.s            0x00000000   Number         0  entry10b.o ABSOLUTE
    ../clib/microlib/init/entry.s            0x00000000   Number         0  entry11a.o ABSOLUTE
    ../clib/microlib/init/entry.s            0x00000000   Number         0  entry8a.o ABSOLUTE
    ../clib/microlib/init/entry.s            0x00000000   Number         0  entry11b.o ABSOLUTE
    ../clib/microlib/init/entry.s            0x00000000   Number         0  entry8b.o ABSOLUTE
    ../clib/microlib/init/entry.s            0x00000000   Number         0  entry5.o ABSOLUTE
    ../clib/microlib/string/memcpy.c         0x00000000   Number         0  memcpya.o ABSOLUTE
    ../clib/microlib/string/memcpy.c         0x00000000   Number         0  memcpyb.o ABSOLUTE
    ../clib/microlib/string/memset.c         0x00000000   Number         0  memseta.o ABSOLUTE
    ../clib/microlib/string/strlen.c         0x00000000   Number         0  strlen.o ABSOLUTE
    ..\..\ble_nus.c                          0x00000000   Number         0  ble_nus.o ABSOLUTE
    ..\..\main.c                             0x00000000   Number         0  main.o ABSOLUTE
    ..\\..\\main.c                           0x00000000   Number         0  main.o ABSOLUTE
    C:\Keil_v5\ARM\PACK\NordicSemiconductor\nRF_BLE\1.0.1\common\ble_srv_common.c 0x00000000   Number         0  ble_srv_common.o ABSOLUTE
    C:\Keil_v5\ARM\PACK\NordicSemiconductor\nRF_Drivers\1.1.0\hal\nrf_delay.c 0x00000000   Number         0  nrf_delay.o ABSOLUTE
    C:\\Keil_v5\\ARM\\PACK\\NordicSemiconductor\\nRF_Drivers\\1.1.0\\hal\\nrf_delay.c 0x00000000   Number         0  nrf_delay.o ABSOLUTE
    RTE\Board_Support\nRF51422_xxAC\bsp.c    0x00000000   Number         0  bsp.o ABSOLUTE
    RTE\Device\nRF51422_xxAC\arm_startup_nrf51.s 0x00000000   Number         0  arm_startup_nrf51.o ABSOLUTE
    RTE\Device\nRF51422_xxAC\system_nrf51.c  0x00000000   Number         0  system_nrf51.o ABSOLUTE
    RTE\\Board_Support\\nRF51422_xxAC\\bsp.c 0x00000000   Number         0  bsp.o ABSOLUTE
    RTE\\Device\\nRF51422_xxAC\\system_nrf51.c 0x00000000   Number         0  system_nrf51.o ABSOLUTE
    RTE\\nRF_Drivers\\nRF51422_xxAC\\simple_uart.c 0x00000000   Number         0  simple_uart.o ABSOLUTE
    RTE\\nRF_Libraries\\nRF51422_xxAC\\app_button.c 0x00000000   Number         0  app_button.o ABSOLUTE
    RTE\\nRF_Libraries\\nRF51422_xxAC\\app_error.c 0x00000000   Number         0  app_error.o ABSOLUTE
    RTE\\nRF_Libraries\\nRF51422_xxAC\\app_gpiote.c 0x00000000   Number         0  app_gpiote.o ABSOLUTE
    RTE\\nRF_Libraries\\nRF51422_xxAC\\app_scheduler.c 0x00000000   Number         0  app_scheduler.o ABSOLUTE
    RTE\\nRF_Libraries\\nRF51422_xxAC\\app_timer.c 0x00000000   Number         0  app_timer.o ABSOLUTE
    RTE\\nRF_SoftDevice\\nRF51422_xxAC\\softdevice_handler.c 0x00000000   Number         0  softdevice_handler.o ABSOLUTE
    RTE\nRF_BLE\nRF51422_xxAC\ble_advdata.c  0x00000000   Number         0  ble_advdata.o ABSOLUTE
    RTE\nRF_BLE\nRF51422_xxAC\ble_conn_params.c 0x00000000   Number         0  ble_conn_params.o ABSOLUTE
    RTE\nRF_Drivers\nRF51422_xxAC\simple_uart.c 0x00000000   Number         0  simple_uart.o ABSOLUTE
    RTE\nRF_Libraries\nRF51422_xxAC\app_button.c 0x00000000   Number         0  app_button.o ABSOLUTE
    RTE\nRF_Libraries\nRF51422_xxAC\app_error.c 0x00000000   Number         0  app_error.o ABSOLUTE
    RTE\nRF_Libraries\nRF51422_xxAC\app_gpiote.c 0x00000000   Number         0  app_gpiote.o ABSOLUTE
    RTE\nRF_Libraries\nRF51422_xxAC\app_scheduler.c 0x00000000   Number         0  app_scheduler.o ABSOLUTE
    RTE\nRF_Libraries\nRF51422_xxAC\app_timer.c 0x00000000   Number         0  app_timer.o ABSOLUTE
    RTE\nRF_Libraries\nRF51422_xxAC\nrf_assert.c 0x00000000   Number         0  nrf_assert.o ABSOLUTE
    RTE\nRF_SoftDevice\nRF51422_xxAC\softdevice_handler.c 0x00000000   Number         0  softdevice_handler.o ABSOLUTE
    dc.s                                     0x00000000   Number         0  dc.o ABSOLUTE
    handlers.s                               0x00000000   Number         0  handlers.o ABSOLUTE
    init.s                                   0x00000000   Number         0  init.o ABSOLUTE
    RESET                                    0x00016000   Section      192  arm_startup_nrf51.o(RESET)
    .ARM.Collect$$$$00000000                 0x000160c0   Section        0  entry.o(.ARM.Collect$$$$00000000)
    .ARM.Collect$$$$00000001                 0x000160c0   Section        4  entry2.o(.ARM.Collect$$$$00000001)
    .ARM.Collect$$$$00000004                 0x000160c4   Section        4  entry5.o(.ARM.Collect$$$$00000004)
    .ARM.Collect$$$$00000008                 0x000160c8   Section        0  entry7b.o(.ARM.Collect$$$$00000008)
    .ARM.Collect$$$$0000000A                 0x000160c8   Section        0  entry8b.o(.ARM.Collect$$$$0000000A)
    .ARM.Collect$$$$0000000B                 0x000160c8   Section        8  entry9a.o(.ARM.Collect$$$$0000000B)
    .ARM.Collect$$$$0000000D                 0x000160d0   Section        0  entry10a.o(.ARM.Collect$$$$0000000D)
    .ARM.Collect$$$$0000000F                 0x000160d0   Section        0  entry11a.o(.ARM.Collect$$$$0000000F)
    .ARM.Collect$$$$00002712                 0x000160d0   Section        4  entry2.o(.ARM.Collect$$$$00002712)
    __lit__00000000                          0x000160d0   Data           4  entry2.o(.ARM.Collect$$$$00002712)
    .emb_text                                0x000160d4   Section       30  app_timer.o(.emb_text)
    .text                                    0x000160f4   Section       56  arm_startup_nrf51.o(.text)
    .text                                    0x0001612c   Section        0  uidiv.o(.text)
    .text                                    0x00016158   Section        0  memcpya.o(.text)
    .text                                    0x0001617c   Section        0  memseta.o(.text)
    .text                                    0x000161a0   Section       36  init.o(.text)
    i.GPIOTE_IRQHandler                      0x000161c4   Section        0  app_gpiote.o(i.GPIOTE_IRQHandler)
    i.NVIC_SetPriority                       0x00016250   Section        0  app_timer.o(i.NVIC_SetPriority)
    NVIC_SetPriority                         0x00016251   Thumb Code    60  app_timer.o(i.NVIC_SetPriority)
    i.RTC1_IRQHandler                        0x00016294   Section        0  app_timer.o(i.RTC1_IRQHandler)
    i.SWI0_IRQHandler                        0x000162b4   Section        0  app_timer.o(i.SWI0_IRQHandler)
    i.SWI2_IRQHandler                        0x00016304   Section        0  softdevice_handler.o(i.SWI2_IRQHandler)
    i.SystemInit                             0x00016328   Section        0  system_nrf51.o(i.SystemInit)
    i.UART0_IRQHandler                       0x0001637c   Section        0  main.o(i.UART0_IRQHandler)
    i.__ARM_common_switch8                   0x000163c8   Section        0  bsp.o(i.__ARM_common_switch8)
    i.__scatterload_copy                     0x000163e2   Section       14  handlers.o(i.__scatterload_copy)
    i.__scatterload_null                     0x000163f0   Section        2  handlers.o(i.__scatterload_null)
    i.__scatterload_zeroinit                 0x000163f2   Section       14  handlers.o(i.__scatterload_zeroinit)
    i.adv_data_encode                        0x00016400   Section        0  ble_advdata.o(i.adv_data_encode)
    adv_data_encode                          0x00016401   Thumb Code   360  ble_advdata.o(i.adv_data_encode)
    i.advertising_start                      0x00016568   Section        0  main.o(i.advertising_start)
    advertising_start                        0x00016569   Thumb Code    60  main.o(i.advertising_start)
    i.app_error_handler                      0x000165a4   Section        0  main.o(i.app_error_handler)
    i.app_gpiote_init                        0x000165c4   Section        0  app_gpiote.o(i.app_gpiote_init)
    i.app_timer_create                       0x00016628   Section        0  app_timer.o(i.app_timer_create)
    i.app_timer_init                         0x00016674   Section        0  app_timer.o(i.app_timer_init)
    i.app_timer_start                        0x00016728   Section        0  app_timer.o(i.app_timer_start)
    i.app_timer_stop                         0x000167ac   Section        0  app_timer.o(i.app_timer_stop)
    i.assert_nrf_callback                    0x00016804   Section        0  main.o(i.assert_nrf_callback)
    i.ble_advdata_set                        0x00016814   Section        0  ble_advdata.o(i.ble_advdata_set)
    i.ble_conn_params_init                   0x0001687c   Section        0  ble_conn_params.o(i.ble_conn_params_init)
    i.ble_conn_params_on_ble_evt             0x000168d0   Section        0  ble_conn_params.o(i.ble_conn_params_on_ble_evt)
    i.ble_evt_dispatch                       0x00016960   Section        0  main.o(i.ble_evt_dispatch)
    ble_evt_dispatch                         0x00016961   Thumb Code    24  main.o(i.ble_evt_dispatch)
    i.ble_nus_init                           0x0001697c   Section        0  ble_nus.o(i.ble_nus_init)
    i.ble_nus_on_ble_evt                     0x000169e4   Section        0  ble_nus.o(i.ble_nus_on_ble_evt)
    i.ble_nus_send_string                    0x00016a3c   Section        0  ble_nus.o(i.ble_nus_send_string)
    i.bsp_button_event_handler               0x00016a90   Section        0  bsp.o(i.bsp_button_event_handler)
    bsp_button_event_handler                 0x00016a91   Thumb Code    54  bsp.o(i.bsp_button_event_handler)
    i.bsp_buttons_enable                     0x00016ad0   Section        0  bsp.o(i.bsp_buttons_enable)
    i.bsp_indication_set                     0x00016b1c   Section        0  bsp.o(i.bsp_indication_set)
    i.bsp_led_indication                     0x00016b38   Section        0  bsp.o(i.bsp_led_indication)
    bsp_led_indication                       0x00016b39   Thumb Code   436  bsp.o(i.bsp_led_indication)
    i.compare_reg_update                     0x00016cf4   Section        0  app_timer.o(i.compare_reg_update)
    compare_reg_update                       0x00016cf5   Thumb Code   140  app_timer.o(i.compare_reg_update)
    i.conn_int_encode                        0x00016d98   Section        0  ble_advdata.o(i.conn_int_encode)
    conn_int_encode                          0x00016d99   Thumb Code   126  ble_advdata.o(i.conn_int_encode)
    i.conn_params_error_handler              0x00016e1c   Section        0  main.o(i.conn_params_error_handler)
    conn_params_error_handler                0x00016e1d   Thumb Code     8  main.o(i.conn_params_error_handler)
    i.conn_params_negotiation                0x00016e24   Section        0  ble_conn_params.o(i.conn_params_negotiation)
    conn_params_negotiation                  0x00016e25   Thumb Code    90  ble_conn_params.o(i.conn_params_negotiation)
    i.elapsed_ticks_acquire                  0x00016e88   Section        0  app_timer.o(i.elapsed_ticks_acquire)
    elapsed_ticks_acquire                    0x00016e89   Thumb Code    58  app_timer.o(i.elapsed_ticks_acquire)
    i.expired_timers_handler                 0x00016ec8   Section        0  app_timer.o(i.expired_timers_handler)
    expired_timers_handler                   0x00016ec9   Thumb Code    82  app_timer.o(i.expired_timers_handler)
    i.intern_softdevice_events_execute       0x00016f20   Section        0  softdevice_handler.o(i.intern_softdevice_events_execute)
    i.is_conn_params_ok                      0x00016fa0   Section        0  ble_conn_params.o(i.is_conn_params_ok)
    is_conn_params_ok                        0x00016fa1   Thumb Code    24  ble_conn_params.o(i.is_conn_params_ok)
    i.is_manual_peripheral_setup_needed      0x00016fbc   Section        0  system_nrf51.o(i.is_manual_peripheral_setup_needed)
    is_manual_peripheral_setup_needed        0x00016fbd   Thumb Code    66  system_nrf51.o(i.is_manual_peripheral_setup_needed)
    i.list_deletions_handler                 0x00017004   Section        0  app_timer.o(i.list_deletions_handler)
    list_deletions_handler                   0x00017005   Thumb Code   144  app_timer.o(i.list_deletions_handler)
    i.list_insertions_handler                0x00017098   Section        0  app_timer.o(i.list_insertions_handler)
    list_insertions_handler                  0x00017099   Thumb Code   216  app_timer.o(i.list_insertions_handler)
    i.main                                   0x00017178   Section        0  main.o(i.main)
    i.manuf_specific_data_encode             0x000172c4   Section        0  ble_advdata.o(i.manuf_specific_data_encode)
    manuf_specific_data_encode               0x000172c5   Thumb Code   100  ble_advdata.o(i.manuf_specific_data_encode)
    i.name_encode                            0x00017328   Section        0  ble_advdata.o(i.name_encode)
    name_encode                              0x00017329   Thumb Code   106  ble_advdata.o(i.name_encode)
    i.nus_data_handler                       0x00017392   Section        0  main.o(i.nus_data_handler)
    i.on_ble_evt                             0x000173b0   Section        0  main.o(i.on_ble_evt)
    on_ble_evt                               0x000173b1   Thumb Code   170  main.o(i.on_ble_evt)
    i.on_conn_params_evt                     0x00017464   Section        0  main.o(i.on_conn_params_evt)
    on_conn_params_evt                       0x00017465   Thumb Code    30  main.o(i.on_conn_params_evt)
    i.rtc1_stop                              0x00017488   Section        0  app_timer.o(i.rtc1_stop)
    rtc1_stop                                0x00017489   Thumb Code    50  app_timer.o(i.rtc1_stop)
    i.rx_char_add                            0x000174cc   Section        0  ble_nus.o(i.rx_char_add)
    rx_char_add                              0x000174cd   Thumb Code   158  ble_nus.o(i.rx_char_add)
    i.sec_params_init                        0x00017570   Section        0  main.o(i.sec_params_init)
    sec_params_init                          0x00017571   Thumb Code    34  main.o(i.sec_params_init)
    i.sense_level_toggle                     0x00017598   Section        0  app_gpiote.o(i.sense_level_toggle)
    sense_level_toggle                       0x00017599   Thumb Code    64  app_gpiote.o(i.sense_level_toggle)
    i.service_data_encode                    0x000175dc   Section        0  ble_advdata.o(i.service_data_encode)
    service_data_encode                      0x000175dd   Thumb Code   124  ble_advdata.o(i.service_data_encode)
    i.simple_uart_config                     0x00017658   Section        0  simple_uart.o(i.simple_uart_config)
    i.simple_uart_get                        0x000176b8   Section        0  simple_uart.o(i.simple_uart_get)
    i.simple_uart_put                        0x000176d4   Section        0  simple_uart.o(i.simple_uart_put)
    i.softdevice_assertion_handler           0x000176f0   Section        0  softdevice_handler.o(i.softdevice_assertion_handler)
    i.softdevice_ble_evt_handler_set         0x000176fc   Section        0  softdevice_handler.o(i.softdevice_ble_evt_handler_set)
    i.softdevice_handler_init                0x00017710   Section        0  softdevice_handler.o(i.softdevice_handler_init)
    i.timer_list_handler_sched               0x00017740   Section        0  app_timer.o(i.timer_list_handler_sched)
    timer_list_handler_sched                 0x00017741   Thumb Code    10  app_timer.o(i.timer_list_handler_sched)
    i.timer_list_insert                      0x00017750   Section        0  app_timer.o(i.timer_list_insert)
    timer_list_insert                        0x00017751   Thumb Code    94  app_timer.o(i.timer_list_insert)
    i.timer_list_remove                      0x000177b4   Section        0  app_timer.o(i.timer_list_remove)
    timer_list_remove                        0x000177b5   Thumb Code    98  app_timer.o(i.timer_list_remove)
    i.timer_timeouts_check                   0x0001781c   Section        0  app_timer.o(i.timer_timeouts_check)
    timer_timeouts_check                     0x0001781d   Thumb Code   120  app_timer.o(i.timer_timeouts_check)
    i.tx_char_add                            0x0001789c   Section        0  ble_nus.o(i.tx_char_add)
    tx_char_add                              0x0001789d   Thumb Code   128  ble_nus.o(i.tx_char_add)
    i.uart_init                              0x00017920   Section        0  main.o(i.uart_init)
    uart_init                                0x00017921   Thumb Code    48  main.o(i.uart_init)
    i.uint16_encode                          0x0001795c   Section        0  ble_advdata.o(i.uint16_encode)
    uint16_encode                            0x0001795d   Thumb Code    10  ble_advdata.o(i.uint16_encode)
    i.update_timeout_handler                 0x00017968   Section        0  ble_conn_params.o(i.update_timeout_handler)
    update_timeout_handler                   0x00017969   Thumb Code    86  ble_conn_params.o(i.update_timeout_handler)
    i.user_id_get                            0x000179cc   Section        0  app_timer.o(i.user_id_get)
    user_id_get                              0x000179cd   Thumb Code    74  app_timer.o(i.user_id_get)
    i.user_op_alloc                          0x00017a20   Section        0  app_timer.o(i.user_op_alloc)
    user_op_alloc                            0x00017a21   Thumb Code    36  app_timer.o(i.user_op_alloc)
    i.uuid_list_encode                       0x00017a44   Section        0  ble_advdata.o(i.uuid_list_encode)
    uuid_list_encode                         0x00017a45   Thumb Code    38  ble_advdata.o(i.uuid_list_encode)
    i.uuid_list_sized_encode                 0x00017a6a   Section        0  ble_advdata.o(i.uuid_list_sized_encode)
    uuid_list_sized_encode                   0x00017a6b   Thumb Code   162  ble_advdata.o(i.uuid_list_sized_encode)
    .constdata                               0x00017b0c   Section       16  ble_nus.o(.constdata)
    .constdata                               0x00017b1c   Section        4  main.o(.constdata)
    .constdata                               0x00017b20   Section       24  bsp.o(.constdata)
    m_buttons_list                           0x00017b20   Data           8  bsp.o(.constdata)
    app_buttons                              0x00017b28   Data          16  bsp.o(.constdata)
    .data                                    0x20002000   Section       10  main.o(.data)
    index                                    0x20002000   Data           1  main.o(.data)
    m_conn_handle                            0x20002002   Data           2  main.o(.data)
    m_sec_params                             0x20002004   Data           6  main.o(.data)
    .data                                    0x2000200c   Section       24  bsp.o(.data)
    m_stable_state                           0x2000200c   Data           1  bsp.o(.data)
    m_events_list                            0x2000200d   Data           2  bsp.o(.data)
    m_app_ticks_per_100ms                    0x20002010   Data           4  bsp.o(.data)
    m_indication_type                        0x20002014   Data           4  bsp.o(.data)
    m_registered_callback                    0x20002018   Data           4  bsp.o(.data)
    m_leds_timer_id                          0x2000201c   Data           4  bsp.o(.data)
    m_alert_timer_id                         0x20002020   Data           4  bsp.o(.data)
    .data                                    0x20002024   Section        4  system_nrf51.o(.data)
    __tagsym$$used                           0x20002024   Number         0  system_nrf51.o(.data)
    .data                                    0x20002028   Section       24  ble_conn_params.o(.data)
    m_change_param                           0x20002028   Data           1  ble_conn_params.o(.data)
    m_update_count                           0x20002029   Data           1  ble_conn_params.o(.data)
    m_conn_handle                            0x2000202a   Data           2  ble_conn_params.o(.data)
    m_conn_params_timer_id                   0x2000202c   Data           4  ble_conn_params.o(.data)
    m_preferred_conn_params                  0x20002030   Data           8  ble_conn_params.o(.data)
    m_current_conn_params                    0x20002038   Data           8  ble_conn_params.o(.data)
    .data                                    0x20002040   Section       12  app_gpiote.o(.data)
    m_user_array_size                        0x20002040   Data           1  app_gpiote.o(.data)
    m_user_count                             0x20002041   Data           1  app_gpiote.o(.data)
    mp_users                                 0x20002044   Data           4  app_gpiote.o(.data)
    m_enabled_users_mask                     0x20002048   Data           4  app_gpiote.o(.data)
    .data                                    0x2000204c   Section       36  app_timer.o(.data)
    m_node_array_size                        0x2000204c   Data           1  app_timer.o(.data)
    m_user_array_size                        0x2000204d   Data           1  app_timer.o(.data)
    m_ticks_elapsed_q_read_ind               0x2000204e   Data           1  app_timer.o(.data)
    m_ticks_elapsed_q_write_ind              0x2000204f   Data           1  app_timer.o(.data)
    m_rtc1_running                           0x20002050   Data           1  app_timer.o(.data)
    mp_nodes                                 0x20002054   Data           4  app_timer.o(.data)
    mp_users                                 0x20002058   Data           4  app_timer.o(.data)
    m_timer_id_head                          0x2000205c   Data           4  app_timer.o(.data)
    m_ticks_latest                           0x20002060   Data           4  app_timer.o(.data)
    m_evt_schedule_func                      0x20002064   Data           4  app_timer.o(.data)
    m_ticks_elapsed                          0x20002068   Data           8  app_timer.o(.data)
    .data                                    0x20002070   Section       20  softdevice_handler.o(.data)
    m_softdevice_enabled                     0x20002070   Data           1  softdevice_handler.o(.data)
    m_ble_evt_buffer_size                    0x20002072   Data           2  softdevice_handler.o(.data)
    m_evt_schedule_func                      0x20002074   Data           4  softdevice_handler.o(.data)
    m_evt_buffer                             0x20002078   Data           4  softdevice_handler.o(.data)
    m_ble_evt_handler                        0x2000207c   Data           4  softdevice_handler.o(.data)
    m_sys_evt_handler                        0x20002080   Data           4  softdevice_handler.o(.data)
    .bss                                     0x20002084   Section      820  main.o(.bss)
    APP_TIMER_BUF                            0x20002084   Data         616  main.o(.bss)
    m_auth_status                            0x200022ec   Data          50  main.o(.bss)
    EVT_BUFFER                               0x20002320   Data          80  main.o(.bss)
    data_array                               0x20002370   Data          21  main.o(.bss)
    app_gpiote_buf                           0x20002388   Data          20  main.o(.bss)
    m_nus                                    0x2000239c   Data          28  main.o(.bss)
    .bss                                     0x200023b8   Section       28  ble_conn_params.o(.bss)
    m_conn_params_config                     0x200023b8   Data          28  ble_conn_params.o(.bss)
    STACK                                    0x200023d8   Section     2048  arm_startup_nrf51.o(STACK)

    Global Symbols

    Symbol Name                              Value     Ov Type        Size  Object(Section)

    BuildAttributes$$THM_ISAv3M$S$PE$A:L22$X:L11$S22$IEEE1$IW$USESV6$~STKCKD$USESV7$~SHL$OSPACE$EBA8$MICROLIB$REQ8$PRES8$EABIv2 0x00000000   Number         0  anon$$obj.o ABSOLUTE
    __ARM_use_no_argv                        0x00000000   Number         0  main.o ABSOLUTE
    __cpp_initialize__aeabi_                  - Undefined Weak Reference
    __cxa_finalize                            - Undefined Weak Reference
    __decompress                              - Undefined Weak Reference
    _clock_init                               - Undefined Weak Reference
    _microlib_exit                            - Undefined Weak Reference
    __Vectors_Size                           0x000000c0   Number         0  arm_startup_nrf51.o ABSOLUTE
    __Vectors                                0x00016000   Data           4  arm_startup_nrf51.o(RESET)
    __Vectors_End                            0x000160c0   Data           0  arm_startup_nrf51.o(RESET)
    __main                                   0x000160c1   Thumb Code     0  entry.o(.ARM.Collect$$$$00000000)
    _main_stk                                0x000160c1   Thumb Code     0  entry2.o(.ARM.Collect$$$$00000001)
    _main_scatterload                        0x000160c5   Thumb Code     0  entry5.o(.ARM.Collect$$$$00000004)
    __main_after_scatterload                 0x000160c9   Thumb Code     0  entry5.o(.ARM.Collect$$$$00000004)
    _main_clock                              0x000160c9   Thumb Code     0  entry7b.o(.ARM.Collect$$$$00000008)
    _main_cpp_init                           0x000160c9   Thumb Code     0  entry8b.o(.ARM.Collect$$$$0000000A)
    _main_init                               0x000160c9   Thumb Code     0  entry9a.o(.ARM.Collect$$$$0000000B)
    __rt_final_cpp                           0x000160d1   Thumb Code     0  entry10a.o(.ARM.Collect$$$$0000000D)
    __rt_final_exit                          0x000160d1   Thumb Code     0  entry11a.o(.ARM.Collect$$$$0000000F)
    __asm___11_app_timer_c_cd27f9c3__nrf_delay_us 0x000160d5   Thumb Code    30  app_timer.o(.emb_text)
    Reset_Handler                            0x000160f5   Thumb Code    26  arm_startup_nrf51.o(.text)
    NMI_Handler                              0x0001610f   Thumb Code     2  arm_startup_nrf51.o(.text)
    HardFault_Handler                        0x00016111   Thumb Code     2  arm_startup_nrf51.o(.text)
    SVC_Handler                              0x00016113   Thumb Code     2  arm_startup_nrf51.o(.text)
    PendSV_Handler                           0x00016115   Thumb Code     2  arm_startup_nrf51.o(.text)
    SysTick_Handler                          0x00016117   Thumb Code     2  arm_startup_nrf51.o(.text)
    ADC_IRQHandler                           0x00016119   Thumb Code     0  arm_startup_nrf51.o(.text)
    CCM_AAR_IRQHandler                       0x00016119   Thumb Code     0  arm_startup_nrf51.o(.text)
    ECB_IRQHandler                           0x00016119   Thumb Code     0  arm_startup_nrf51.o(.text)
    LPCOMP_IRQHandler                        0x00016119   Thumb Code     0  arm_startup_nrf51.o(.text)
    POWER_CLOCK_IRQHandler                   0x00016119   Thumb Code     0  arm_startup_nrf51.o(.text)
    QDEC_IRQHandler                          0x00016119   Thumb Code     0  arm_startup_nrf51.o(.text)
    RADIO_IRQHandler                         0x00016119   Thumb Code     0  arm_startup_nrf51.o(.text)
    RNG_IRQHandler                           0x00016119   Thumb Code     0  arm_startup_nrf51.o(.text)
    RTC0_IRQHandler                          0x00016119   Thumb Code     0  arm_startup_nrf51.o(.text)
    SPI0_TWI0_IRQHandler                     0x00016119   Thumb Code     0  arm_startup_nrf51.o(.text)
    SPI1_TWI1_IRQHandler                     0x00016119   Thumb Code     0  arm_startup_nrf51.o(.text)
    SWI1_IRQHandler                          0x00016119   Thumb Code     0  arm_startup_nrf51.o(.text)
    SWI3_IRQHandler                          0x00016119   Thumb Code     0  arm_startup_nrf51.o(.text)
    SWI4_IRQHandler                          0x00016119   Thumb Code     0  arm_startup_nrf51.o(.text)
    SWI5_IRQHandler                          0x00016119   Thumb Code     0  arm_startup_nrf51.o(.text)
    TEMP_IRQHandler                          0x00016119   Thumb Code     0  arm_startup_nrf51.o(.text)
    TIMER0_IRQHandler                        0x00016119   Thumb Code     0  arm_startup_nrf51.o(.text)
    TIMER1_IRQHandler                        0x00016119   Thumb Code     0  arm_startup_nrf51.o(.text)
    TIMER2_IRQHandler                        0x00016119   Thumb Code     0  arm_startup_nrf51.o(.text)
    WDT_IRQHandler                           0x00016119   Thumb Code     0  arm_startup_nrf51.o(.text)
    __aeabi_uidiv                            0x0001612d   Thumb Code     0  uidiv.o(.text)
    __aeabi_uidivmod                         0x0001612d   Thumb Code    44  uidiv.o(.text)
    __aeabi_memcpy                           0x00016159   Thumb Code    36  memcpya.o(.text)
    __aeabi_memcpy4                          0x00016159   Thumb Code     0  memcpya.o(.text)
    __aeabi_memcpy8                          0x00016159   Thumb Code     0  memcpya.o(.text)
    __aeabi_memset                           0x0001617d   Thumb Code    14  memseta.o(.text)
    __aeabi_memset4                          0x0001617d   Thumb Code     0  memseta.o(.text)
    __aeabi_memset8                          0x0001617d   Thumb Code     0  memseta.o(.text)
    __aeabi_memclr                           0x0001618b   Thumb Code     4  memseta.o(.text)
    __aeabi_memclr4                          0x0001618b   Thumb Code     0  memseta.o(.text)
    __aeabi_memclr8                          0x0001618b   Thumb Code     0  memseta.o(.text)
    _memset$wrapper                          0x0001618f   Thumb Code    18  memseta.o(.text)
    __scatterload                            0x000161a1   Thumb Code    28  init.o(.text)
    __scatterload_rt2                        0x000161a1   Thumb Code     0  init.o(.text)
    GPIOTE_IRQHandler                        0x000161c5   Thumb Code   128  app_gpiote.o(i.GPIOTE_IRQHandler)
    RTC1_IRQHandler                          0x00016295   Thumb Code    28  app_timer.o(i.RTC1_IRQHandler)
    SWI0_IRQHandler                          0x000162b5   Thumb Code    76  app_timer.o(i.SWI0_IRQHandler)
    SWI2_IRQHandler                          0x00016305   Thumb Code    32  softdevice_handler.o(i.SWI2_IRQHandler)
    SystemInit                               0x00016329   Thumb Code    64  system_nrf51.o(i.SystemInit)
    UART0_IRQHandler                         0x0001637d   Thumb Code    66  main.o(i.UART0_IRQHandler)
    __ARM_common_switch8                     0x000163c9   Thumb Code    26  bsp.o(i.__ARM_common_switch8)
    __scatterload_copy                       0x000163e3   Thumb Code    14  handlers.o(i.__scatterload_copy)
    __scatterload_null                       0x000163f1   Thumb Code     2  handlers.o(i.__scatterload_null)
    __scatterload_zeroinit                   0x000163f3   Thumb Code    14  handlers.o(i.__scatterload_zeroinit)
    app_error_handler                        0x000165a5   Thumb Code    22  main.o(i.app_error_handler)
    app_gpiote_init                          0x000165c5   Thumb Code    78  app_gpiote.o(i.app_gpiote_init)
    app_timer_create                         0x00016629   Thumb Code    72  app_timer.o(i.app_timer_create)
    app_timer_init                           0x00016675   Thumb Code   164  app_timer.o(i.app_timer_init)
    app_timer_start                          0x00016729   Thumb Code   122  app_timer.o(i.app_timer_start)
    app_timer_stop                           0x000167ad   Thumb Code    82  app_timer.o(i.app_timer_stop)
    assert_nrf_callback                      0x00016805   Thumb Code    10  main.o(i.assert_nrf_callback)
    ble_advdata_set                          0x00016815   Thumb Code   102  ble_advdata.o(i.ble_advdata_set)
    ble_conn_params_init                     0x0001687d   Thumb Code    72  ble_conn_params.o(i.ble_conn_params_init)
    ble_conn_params_on_ble_evt               0x000168d1   Thumb Code   134  ble_conn_params.o(i.ble_conn_params_on_ble_evt)
    ble_nus_init                             0x0001697d   Thumb Code   100  ble_nus.o(i.ble_nus_init)
    ble_nus_on_ble_evt                       0x000169e5   Thumb Code    88  ble_nus.o(i.ble_nus_on_ble_evt)
    ble_nus_send_string                      0x00016a3d   Thumb Code    78  ble_nus.o(i.ble_nus_send_string)
    bsp_buttons_enable                       0x00016ad1   Thumb Code    66  bsp.o(i.bsp_buttons_enable)
    bsp_indication_set                       0x00016b1d   Thumb Code    22  bsp.o(i.bsp_indication_set)
    intern_softdevice_events_execute         0x00016f21   Thumb Code   124  softdevice_handler.o(i.intern_softdevice_events_execute)
    main                                     0x00017179   Thumb Code   292  main.o(i.main)
    nus_data_handler                         0x00017393   Thumb Code    30  main.o(i.nus_data_handler)
    simple_uart_config                       0x00017659   Thumb Code    76  simple_uart.o(i.simple_uart_config)
    simple_uart_get                          0x000176b9   Thumb Code    20  simple_uart.o(i.simple_uart_get)
    simple_uart_put                          0x000176d5   Thumb Code    18  simple_uart.o(i.simple_uart_put)
    softdevice_assertion_handler             0x000176f1   Thumb Code    12  softdevice_handler.o(i.softdevice_assertion_handler)
    softdevice_ble_evt_handler_set           0x000176fd   Thumb Code    16  softdevice_handler.o(i.softdevice_ble_evt_handler_set)
    softdevice_handler_init                  0x00017711   Thumb Code    40  softdevice_handler.o(i.softdevice_handler_init)
    Region$$Table$$Base                      0x00017b38   Number         0  anon$$obj.o(Region$$Table)
    Region$$Table$$Limit                     0x00017b58   Number         0  anon$$obj.o(Region$$Table)
    SystemCoreClock                          0x20002024   Data           4  system_nrf51.o(.data)
    __initial_sp                             0x20002bd8   Data           0  arm_startup_nrf51.o(STACK)



==============================================================================

Memory Map of the image

  Image Entry point : 0x000160c1

  Load Region LR_IROM1 (Base: 0x00016000, Size: 0x00001bdc, Max: 0x00029000, ABSOLUTE)

    Execution Region ER_IROM1 (Base: 0x00016000, Size: 0x00001b58, Max: 0x00029000, ABSOLUTE)

    Base Addr    Size         Type   Attr      Idx    E Section Name        Object

    0x00016000   0x000000c0   Data   RO          400    RESET               arm_startup_nrf51.o
    0x000160c0   0x00000000   Code   RO         1100  * .ARM.Collect$$$$00000000  mc_p.l(entry.o)
    0x000160c0   0x00000004   Code   RO         1113    .ARM.Collect$$$$00000001  mc_p.l(entry2.o)
    0x000160c4   0x00000004   Code   RO         1116    .ARM.Collect$$$$00000004  mc_p.l(entry5.o)
    0x000160c8   0x00000000   Code   RO         1118    .ARM.Collect$$$$00000008  mc_p.l(entry7b.o)
    0x000160c8   0x00000000   Code   RO         1120    .ARM.Collect$$$$0000000A  mc_p.l(entry8b.o)
    0x000160c8   0x00000008   Code   RO         1121    .ARM.Collect$$$$0000000B  mc_p.l(entry9a.o)
    0x000160d0   0x00000000   Code   RO         1123    .ARM.Collect$$$$0000000D  mc_p.l(entry10a.o)
    0x000160d0   0x00000000   Code   RO         1125    .ARM.Collect$$$$0000000F  mc_p.l(entry11a.o)
    0x000160d0   0x00000004   Code   RO         1114    .ARM.Collect$$$$00002712  mc_p.l(entry2.o)
    0x000160d4   0x0000001e   Code   RO          887    .emb_text           app_timer.o
    0x000160f2   0x00000002   PAD
    0x000160f4   0x00000038   Code   RO          401    .text               arm_startup_nrf51.o
    0x0001612c   0x0000002c   Code   RO         1103    .text               mc_p.l(uidiv.o)
    0x00016158   0x00000024   Code   RO         1105    .text               mc_p.l(memcpya.o)
    0x0001617c   0x00000024   Code   RO         1107    .text               mc_p.l(memseta.o)
    0x000161a0   0x00000024   Code   RO         1127    .text               mc_p.l(init.o)
    0x000161c4   0x0000008c   Code   RO          768    i.GPIOTE_IRQHandler  app_gpiote.o
    0x00016250   0x00000044   Code   RO          888    i.NVIC_SetPriority  app_timer.o
    0x00016294   0x00000020   Code   RO          889    i.RTC1_IRQHandler   app_timer.o
    0x000162b4   0x00000050   Code   RO          890    i.SWI0_IRQHandler   app_timer.o
    0x00016304   0x00000024   Code   RO         1038    i.SWI2_IRQHandler   softdevice_handler.o
    0x00016328   0x00000054   Code   RO          408    i.SystemInit        system_nrf51.o
    0x0001637c   0x0000004c   Code   RO           99    i.UART0_IRQHandler  main.o
    0x000163c8   0x0000001a   Code   RO          376    i.__ARM_common_switch8  bsp.o
    0x000163e2   0x0000000e   Code   RO         1131    i.__scatterload_copy  mc_p.l(handlers.o)
    0x000163f0   0x00000002   Code   RO         1132    i.__scatterload_null  mc_p.l(handlers.o)
    0x000163f2   0x0000000e   Code   RO         1133    i.__scatterload_zeroinit  mc_p.l(handlers.o)
    0x00016400   0x00000168   Code   RO          463    i.adv_data_encode   ble_advdata.o
    0x00016568   0x0000003c   Code   RO          100    i.advertising_start  main.o
    0x000165a4   0x00000020   Code   RO          101    i.app_error_handler  main.o
    0x000165c4   0x00000064   Code   RO          769    i.app_gpiote_init   app_gpiote.o
    0x00016628   0x0000004c   Code   RO          893    i.app_timer_create  app_timer.o
    0x00016674   0x000000b4   Code   RO          894    i.app_timer_init    app_timer.o
    0x00016728   0x00000084   Code   RO          895    i.app_timer_start   app_timer.o
    0x000167ac   0x00000058   Code   RO          896    i.app_timer_stop    app_timer.o
    0x00016804   0x00000010   Code   RO          102    i.assert_nrf_callback  main.o
    0x00016814   0x00000066   Code   RO          464    i.ble_advdata_set   ble_advdata.o
    0x0001687a   0x00000002   PAD
    0x0001687c   0x00000054   Code   RO          522    i.ble_conn_params_init  ble_conn_params.o
    0x000168d0   0x00000090   Code   RO          523    i.ble_conn_params_on_ble_evt  ble_conn_params.o
    0x00016960   0x0000001c   Code   RO          103    i.ble_evt_dispatch  main.o
    0x0001697c   0x00000068   Code   RO            1    i.ble_nus_init      ble_nus.o
    0x000169e4   0x00000058   Code   RO            2    i.ble_nus_on_ble_evt  ble_nus.o
    0x00016a3c   0x00000054   Code   RO            3    i.ble_nus_send_string  ble_nus.o
    0x00016a90   0x00000040   Code   RO          311    i.bsp_button_event_handler  bsp.o
    0x00016ad0   0x0000004c   Code   RO          312    i.bsp_buttons_enable  bsp.o
    0x00016b1c   0x0000001c   Code   RO          315    i.bsp_indication_set  bsp.o
    0x00016b38   0x000001bc   Code   RO          318    i.bsp_led_indication  bsp.o
    0x00016cf4   0x000000a4   Code   RO          898    i.compare_reg_update  app_timer.o
    0x00016d98   0x00000084   Code   RO          465    i.conn_int_encode   ble_advdata.o
    0x00016e1c   0x00000008   Code   RO          104    i.conn_params_error_handler  main.o
    0x00016e24   0x00000064   Code   RO          525    i.conn_params_negotiation  ble_conn_params.o
    0x00016e88   0x00000040   Code   RO          899    i.elapsed_ticks_acquire  app_timer.o
    0x00016ec8   0x00000058   Code   RO          900    i.expired_timers_handler  app_timer.o
    0x00016f20   0x00000080   Code   RO         1039    i.intern_softdevice_events_execute  softdevice_handler.o
    0x00016fa0   0x0000001c   Code   RO          526    i.is_conn_params_ok  ble_conn_params.o
    0x00016fbc   0x00000048   Code   RO          409    i.is_manual_peripheral_setup_needed  system_nrf51.o
    0x00017004   0x00000094   Code   RO          901    i.list_deletions_handler  app_timer.o
    0x00017098   0x000000e0   Code   RO          902    i.list_insertions_handler  app_timer.o
    0x00017178   0x0000014c   Code   RO          105    i.main              main.o
    0x000172c4   0x00000064   Code   RO          466    i.manuf_specific_data_encode  ble_advdata.o
    0x00017328   0x0000006a   Code   RO          467    i.name_encode       ble_advdata.o
    0x00017392   0x0000001e   Code   RO          106    i.nus_data_handler  main.o
    0x000173b0   0x000000b4   Code   RO          107    i.on_ble_evt        main.o
    0x00017464   0x00000024   Code   RO          108    i.on_conn_params_evt  main.o
    0x00017488   0x00000044   Code   RO          903    i.rtc1_stop         app_timer.o
    0x000174cc   0x000000a4   Code   RO            4    i.rx_char_add       ble_nus.o
    0x00017570   0x00000028   Code   RO          109    i.sec_params_init   main.o
    0x00017598   0x00000044   Code   RO          775    i.sense_level_toggle  app_gpiote.o
    0x000175dc   0x0000007c   Code   RO          468    i.service_data_encode  ble_advdata.o
    0x00017658   0x00000060   Code   RO          619    i.simple_uart_config  simple_uart.o
    0x000176b8   0x0000001c   Code   RO          620    i.simple_uart_get   simple_uart.o
    0x000176d4   0x0000001c   Code   RO          622    i.simple_uart_put   simple_uart.o
    0x000176f0   0x0000000c   Code   RO         1040    i.softdevice_assertion_handler  softdevice_handler.o
    0x000176fc   0x00000014   Code   RO         1041    i.softdevice_ble_evt_handler_set  softdevice_handler.o
    0x00017710   0x00000030   Code   RO         1042    i.softdevice_handler_init  softdevice_handler.o
    0x00017740   0x00000010   Code   RO          904    i.timer_list_handler_sched  app_timer.o
    0x00017750   0x00000064   Code   RO          905    i.timer_list_insert  app_timer.o
    0x000177b4   0x00000068   Code   RO          906    i.timer_list_remove  app_timer.o
    0x0001781c   0x00000080   Code   RO          907    i.timer_timeouts_check  app_timer.o
    0x0001789c   0x00000084   Code   RO            5    i.tx_char_add       ble_nus.o
    0x00017920   0x0000003c   Code   RO          110    i.uart_init         main.o
    0x0001795c   0x0000000a   Code   RO          469    i.uint16_encode     ble_advdata.o
    0x00017966   0x00000002   PAD
    0x00017968   0x00000064   Code   RO          527    i.update_timeout_handler  ble_conn_params.o
    0x000179cc   0x00000054   Code   RO          908    i.user_id_get       app_timer.o
    0x00017a20   0x00000024   Code   RO          909    i.user_op_alloc     app_timer.o
    0x00017a44   0x00000026   Code   RO          470    i.uuid_list_encode  ble_advdata.o
    0x00017a6a   0x000000a2   Code   RO          471    i.uuid_list_sized_encode  ble_advdata.o
    0x00017b0c   0x00000010   Data   RO            6    .constdata          ble_nus.o
    0x00017b1c   0x00000004   Data   RO          112    .constdata          main.o
    0x00017b20   0x00000018   Data   RO          320    .constdata          bsp.o
    0x00017b38   0x00000020   Data   RO         1129    Region$$Table       anon$$obj.o


    Execution Region RW_IRAM1 (Base: 0x20002000, Size: 0x00000bd8, Max: 0x00006000, ABSOLUTE)

    Base Addr    Size         Type   Attr      Idx    E Section Name        Object

    0x20002000   0x0000000a   Data   RW          113    .data               main.o
    0x2000200a   0x00000002   PAD
    0x2000200c   0x00000018   Data   RW          321    .data               bsp.o
    0x20002024   0x00000004   Data   RW          410    .data               system_nrf51.o
    0x20002028   0x00000018   Data   RW          529    .data               ble_conn_params.o
    0x20002040   0x0000000c   Data   RW          776    .data               app_gpiote.o
    0x2000204c   0x00000024   Data   RW          910    .data               app_timer.o
    0x20002070   0x00000014   Data   RW         1045    .data               softdevice_handler.o
    0x20002084   0x00000334   Zero   RW          111    .bss                main.o
    0x200023b8   0x0000001c   Zero   RW          528    .bss                ble_conn_params.o
    0x200023d4   0x00000004   PAD
    0x200023d8   0x00000800   Zero   RW          398    STACK               arm_startup_nrf51.o


==============================================================================

Image component sizes


      Code (inc. data)   RO Data    RW Data    ZI Data      Debug   Object Name

         0          0          0          0          0       3124   app_button.o
       308         38          0         12          0      10758   app_gpiote.o
         0          0          0          0          0       1504   app_scheduler.o
      1910        154          0         36          0      24347   app_timer.o
        56         18        192          0       2048        664   arm_startup_nrf51.o
      1134          6          0          0          0      11322   ble_advdata.o
       456         50          0         24         28       6056   ble_conn_params.o
       572         20         16          0          0      43510   ble_nus.o
       638         60         24         24          0       4957   bsp.o
       898        104          4         10        820      66987   main.o
       152         38          0          0          0       4569   simple_uart.o
       244         20          0         20          0       5807   softdevice_handler.o
       156         26          0          4          0       1975   system_nrf51.o

    ----------------------------------------------------------------------
      6530        534        268        132       2900     185580   Object Totals
         0          0         32          0          0          0   (incl. Generated)
         6          0          0          2          4          0   (incl. Padding)

    ----------------------------------------------------------------------

      Code (inc. data)   RO Data    RW Data    ZI Data      Debug   Library Member Name

         0          0          0          0          0          0   entry.o
         0          0          0          0          0          0   entry10a.o
         0          0          0          0          0          0   entry11a.o
         8          4          0          0          0          0   entry2.o
         4          0          0          0          0          0   entry5.o
         0          0          0          0          0          0   entry7b.o
         0          0          0          0          0          0   entry8b.o
         8          4          0          0          0          0   entry9a.o
        30          0          0          0          0          0   handlers.o
        36          8          0          0          0         68   init.o
        36          0          0          0          0         60   memcpya.o
        36          0          0          0          0        100   memseta.o
        44          0          0          0          0         72   uidiv.o

    ----------------------------------------------------------------------
       202         16          0          0          0        300   Library Totals
         0          0          0          0          0          0   (incl. Padding)

    ----------------------------------------------------------------------

      Code (inc. data)   RO Data    RW Data    ZI Data      Debug   Library Name

       202         16          0          0          0        300   mc_p.l

    ----------------------------------------------------------------------
       202         16          0          0          0        300   Library Totals

    ----------------------------------------------------------------------

==============================================================================


      Code (inc. data)   RO Data    RW Data    ZI Data      Debug   

      6732        550        268        132       2900     182988   Grand Totals
      6732        550        268        132       2900     182988   ELF Image Totals
      6732        550        268        132          0          0   ROM Totals

==============================================================================

    Total RO  Size (Code + RO Data)                 7000 (   6.84kB)
    Total RW  Size (RW Data + ZI Data)              3032 (   2.96kB)
    Total ROM Size (Code + RO Data + RW Data)       7132 (   6.96kB)

==============================================================================

